# Map converted by mapmapper
# @(#)$Id: CAMD.map,v 1.1 1994/02/23 14:40:10 jkh Exp $ Version 1.0
mapWidth:            150
mapHeight:           150
mapName:             The Computer Aided Map Designer's first real test...
mapAuthor:           Tom Grydeland
teamPlay:            no
timing:              no
mapData: \multiline: EndOfMapdata
xxxxxxxxxxxxxxxxxxxxxxxxxxxxxxxxxxxxxxxxxxxxxxxxxxxxxxxxxxxxxxxxxxxxxxxxxxxxxxxxxxxxxxxxxxxxxxxxxxxxxxxxxxxxxxxxxxxxxxxxxxxxxxxxxxxxxxxxxxxxxxxxxxxxxx
xxxxxxxxxxxxxxxxxxxxxxxxxxxxxxxxxxxxxxxxxxxxxxxs        axxxxcxxxxxxxxxxxxxxxxxxxxxs                                                                qx
xxxxxxxxxxxxxxxxxxxxxxxxxxxxxxxxxxxxs                       a s                                                                                     xx
xxxxxxxxxxxxxxxxxxxxxxxxxxxxxxxc                                                                                                                   qxx
xxxxxxxxxxxxxxxxxxxxxxxxxxxs                                                                                                                       xxx
xxxxxxxxxxsc axxxxxxxxxxs                                                                                                                          #xx
xxxxxxxxxs     axxxxxxf                                                                                                       x                  qxxsx
xxxxxxxxs        axxs                                                                                                        dxw                qxxs x
xxxxxxxs           #                                                                                                          xxw              qxxx  x
xxxxxxx          qxx                                                                                                          axxxw           qxxxs  x
xxxxxxx          xxs                                                                                                           axxxxxw       qxxxx   x
xxxxxxs          xx                                                                                                               axxxxxw  _qxxxxs   x
xxxxxx          qxs                                                                                                                 axxxxxxxxxxs     x
xxxxxs          xx                                                                                                                    axxxxxxxs      x
xxxxx           xs                                                                                                                      axxxxs       x
xxxxx          qx                                                                                         x                              axxs        x
xxxxs          xx                                                                                        qx                               ax         x
xxxs           xs                                                                                       qxx                                          x
xxx            x                                                                                      qxxxxw                                         x
xxx           _xf                                                                                   qxxxxxxxw                                        x
xxs           as                                                                                 qxxxxxxxxxxxw                                       x
xx                                                                                           qxxxxxxxxxxxxxxx#xxw                                    x
xx                                                                                      qxxxxxxxxxxxxxxxxxxxxxxxxxw                                  x
xx                                                                                qxxxxxxxxxxxxxxxxxxxxxxxxxxxxxxxxxxw                               x
xs                                                                          qxxxxxxxxxxxxxxxxxxxxxxxxxxxxxxxxxxxxxxxxxxxxw                           x
x                                                                     qxxxxxxxxxxxxxxxxxxxxxxxxxxxxxxxxxxxxxxxxxxxxxxxxxxxxxw                        x
x                                                                  qxxxxxxxxxxxxxxxxxxxxxxxxxxxxxxxxxxxxxxxxxxxxxxxxxxxxxxxxxxxw                     x
x                                                               qxxxxxxxxxxxxxxxxxxxxxxxxxxx#xxxxxxxxxxxxxxxxxxxxxxxxxxxxxxxxxxxw                    x
x                                                             qxxxxxxxxxxxxxxxxxxxxxxxxs                       axxxxxxxxxxxxxxxxxw                   x
x                                                         qxxxxxxxxxxxxxxxs                                      axxxxxxxxxxxxxxxx                   x
x                                                       qxxxxxxxxxs   c                                            axxxxxxxxxxxxxx                   x
x                                                    qxxxxxxxxs                                                      axxxxxxxxxxxxw                 dx
x                                                   qxxxxxxxxs                                                         axxxxxxxxxxx                  x
x                                                 qxxxxxxxs                                                              axxxxxxxxx                  x
x                                                qxxxxxxxs                                                                axxxxxxxx                  x
x                                              qxxxxxxs                                                                    xxxxxxxx                  x
x                                             qxxxxxxs                                                                     axxxxxxx                  x
x                                            qxxxxxs                                                                        xxxxxxxw                 x
x                                           qxxxxs                                                                          xxxxxxf                  x
x                                          qxxxxs                                                                           xxxxxxxs                 x
x                                          xxxxx                                                                           dxxxxxxx                  x
x                                          xxs                                                                              xxxxxxs                  x
x                                         dxxf                                                                              xxxxxx                   x
x                                                                                                                           xxxxxx                   x
x                                                                                                                          qxxxxxx                   x
x                                                                                                                          xxxxxxx                   x
x                                          r                                                                               xxxxxxx                   x
x                                         qxw                                                                              xxxxxxx                   x
x                                         xxxw                                                                             xxxxxxx                   x
x                                        qxxxx                                                                             xxxxxxs                   x
x                                      qxxxxxx                                                                             xxxxxx                    x
x                                    qxxxxxxxs                                                                             xxxxxx                    x
x                               qxxxxxxxxxs                                                                               qxxxxxx                    x
x                            qxxxxxxxxxxs                                                                                 xxxxxxx                    x
x                         qxxxxxxxxxxxxs                                                                                 qxxxxxxs                    x
x                      qxxxxxxxxxxxxxs                                                                                   xxxxxxs                     x
x                    qxxxxxxxxxxxx#                                                                                     qxxxxxx                      x
x                   qxxxxxxxxxxxxs                                                                                     qxxxxxs                       x
x                  qxxxxxxxxxxxs                                                                                       xxxxxs                        x
x                  xxxxxxxxxxxs                                                                                       #xxxxs                         x
x                 qxxxxxxxxxxs                                                                                       xxxxxs                          x
x                 xxxxxxxxxxx                                                                                       qxxxxs                           x
x                 xxxxxxxxxxs                                                                                       xxxxs                            x
x                 xxxxxxxxxs                                                                               xxw     qxxxs                             x
x                 xxxxxxxxx                                                                                xxxw_  qxxxs                              x
x                 xxxxxxxxx                                                                                axxxxxxxxxs                               x
x                qxxxxxxxxx                                                                                 axxxxxxxs                                x
x                xxxxxxxxxxf                                                                                                                         x
x                xxxxxxxxxx                                                                                                                          x
x                xxxxxxxxxs                                                                                                                          x
x                xxxxxxxxx                                                                                                                           x
x                xxxxxxxxx                                                                                                                           x
x                xxxxxxxxs                                                                                                                           x
x                xxxxxxxx                                                                                                                            x
x                axxxxxxx                                                                                                                            x
x                 xxxxxxx                                                                                                                            x
x                 xxxxxxx                                                                             qxxx                                           x
x                 xxxxxxx                                                                            qxxxs                                           x
x                 xxxxxxxw                                                                       qxxxxxxs                                            x
x                 xxxxxxxx                                                                      qxxxxxxs                                             x
x                 xxxxxxxx                                                                    qxxxxxxs                                               x
x                 xxxxxxxx                                                                    xxxxxxxw                                               x
x                 axxxxxxx                                                                    xxxxxxxxxw                                             x
xw                 xxxxxxxw                                                                   xxxxxxxxxxxw                                           x
xxw                xxxxxxxx                                                                   axxxxxxxxxxxxxxxxxxxxxxw                               x
xxxw               xxxxxxxxf                                                                        axxxxxxxxxxxxxxxxxxxxxxw                         x
xxxxw              xxxxxxxx                                                                           axxxxxxxxxxxxxxxxxxxxxxxw                      x
xxxxxxxxxw         xxxxxxxx                                                                                axxxxxxxxxxxxxxxxxxxxw                    x
xxxxxxxxxxxw       axxxxxxx                                                                                     axxxxxxxxxxxxxxxxw                   x
xsaxxxxxxxxxw       xxxxxxx                                                                                        axxxxxxxxxxxxxx                   x
x  axxxxxxxxxx      xxxxxxxw                                                                                          axxxxxxxxxxx                   x
x    axxxxxxxx      xxxxxxxx                                                                                            axxxxxxxxx                   x
x     xxxxxxxx      xxxxxxxx                                                                                             xxxxxxxxx                   x
x     axxxxxxx      xxxxxxxx                                                                                       >     axxxxxxxx                   x
x        axxxx      xxxxxxxx                                                                                             qxxxxxxxx                   x
x         xxxx      xxxxxxxx                                                                                             xxxxxxxxx                   x
x         axxx     qxxxxxxxx                                                                                       r     xxxxxxxxs                   x
x         qxxx     xxxxxxxxx                                                                                      d#f    xxxxxxs                     x
x         xxxs     xxxxxxxxx                                                                                       c     xxxxxx                      x
x         xxs      xxxxxxxxx                                                                                             xxxxxx                      x
x        qxs      qxxxxxxxxs                                                                                             xxxxxx                      x
x        s       qxxxxxxxxs                                                                                              xxxxxx                      x
x               qxxxxxxxxs                                                                                         <     xxxxxs                      x
x              qxxxxxxxs                                                                                                qxxxxs                       x
x             qxxxxxxxs                                                                                                qxxxxxf                       x
x         w  qxxxxxxxs                                                                                               qxxxxxs                         x
x         awqxxxxxxs                                                                                              qxxxxxxxx                          x
x          xxxxxxxs                                                                                            qxxxxxxxx#                            x
x          #xxxxs                                                                                           qxxxxxxxxxxs                             x
x          xxxxs                                                                                       qxxxxxxxxxxxxs                                x
x         qxxxs                                                                                      qxxxxxxxxxxs                                    x
x   qxw  qxxxs                                                                                     qxxxxxxxxxxxs                                     x
x   axx_qxxxs                                                                                      xxxxxxxxxxxs                                      x
x    axxxxxs                                                                                      qxxxxxxxxxxs                                       x
x                                                                                                 xxxxxxxxxxx                                        x
x                                                                                                 xxxxxxxxxxs                                        x
x                                                                                                 xxxxxxxxs                                          x
x                                                                                                 xxxxxxxx                                           x
x                                                                                                 xxxxxxxxw                                          x
x                                                                                                 axxxxxxxx                                          x
x                                                                                                  xxxxxxxxw                                         x
x                                                                                                  axxxxxxxxw                                        x
x                                                                                                    axxxxxxxw                                       x
x                                                                                                     axxxxxxxw                                      x
x                                                                                                      axxxxxxxxw                                    x
x                                                                                                        axxxxxxxw                                   x
x                                                                                                          axxxxxxw                                  x
x                                                                                                           axxxxxx                                  x
x                                                                                                            axxxxxw                                 x
x                                                                                                             xxxxx#                                 x
x                                                                          _                                  axxxxs                                 x
x                                                                                                              xxxx                                  x
x                                                                                                              xxxs                                  x
x                                                                                                              axs                                   x
x                                                                          +                                   dx                          r         x
x                                                                                                               x_                        dxwq       x
x                                                                                                               xs                        qxxs       x
x                                                                                                               s                        qxxs        x
x                                                                                                                                       xxxs         x
x                                                                                                                                       xxs          x
x                                                                                                                                       xxw_         x
x                                                                                                                                       xxxx         x
x                                                                                                                                      qxxxs         x
x                                                                                                                                     qxxx#          x
x                                                                     dw  qf                                                          xxxxs          x
x                                                                      x  x                                                          qxxxxw          x
x                                                                 xw  qx  x  qx                                                     qxxxxxx          x
x                                                                 xxw xx  x qxx                                                    qxxxxxxx          x
x                                                                qxxxrx# qxrxxxw                                                  qxxxxxxxxw         x
xxxxxxxxxxxxxxxxxxxxxxxxxxxxxxxxxxxxxxxxxxxxxxxxxxxxxxxxxxxxxxxxxxxxxxxxxxxxxxxxxxxxxxxxxxxxxxxxxxxxxxxxxxxxxxxxxxxxxxxxxxxxxxxxxxxxxxxxxxxxxxxxxxxxxx
EndOfMapdata
