# Map converted by mapmapper
# @(#)$Id: cave.map,v 1.1 1994/02/23 14:40:11 jkh Exp $ Version 1.0
mapWidth:            201
mapHeight:           201
mapName:             The Cave
mapAuthor:           Ken Ronny Schouten
teamPlay:            no
timing:              no
mapData: \multiline: EndOfMapdata
xxxxxxxxxxxxxxxxxxxxxxxxxxxxxxxxxxxxxxxxxxxxxxxxxxxxxxxxxxxxxxxxxxxxxxxxxxxxxxxxxxxxxxxxxxxxxxxxxxxxxxxxxxxxxxxxxxxxxxxxxxxxxxxxxxxxxxxxxxxxxxxxxxxxxxxxxxxxxxxxxxxxxxxxxxxxxxxxxxxxxxxxxxxxxxxxxxxxxxxxx
x                                                                                                                                                                                                       x
x                                                                                                                                                                                                       x
x                                                                                                                                                                                                       x
x         _                                                                                 _                                                                                                           x
xxxxxxxxxxxxxxxw          qxxxxxxxxxxxxxxxxxxxxxxxxxxxxxxxxxxxxxxxxxxxxxxxxxxxxw        qxxxxxxxxxxxxxxxxxxxxxw             axxxxxxxxxxxxxxxxxxxxxxxxxxxxxxxxxxxxxxxxw                   qxxxxxxxxxxxxxxx
xxxxxxxxxxxxxxxs         qxxxxxxxxxxxxxs       axxxxxxxxxxxxxxxxxxxxxxxxxxxxxxxxf       xxxxxxxxxxxxxxxxxxxxxxxw             axxxxxxxxxxxxxxxxxxxxxxxxxxxxxxxxxxxxxxxs                qxxxxxxxxxxxxxxxxxx
xxxxxxxxxxxxxxs        rqxxxxxxxxxxxxxs          axxxxxxxxxxxxxxxxxxxxxxxxxxxxxxw       axxxxxxxxxxxxxxxxxxxxxxxw             axxxxxxxxxxxxxxxxxxxxxx                               qxxxxxxxxxxxxxxxxxxxx
xxxxxxxxxxs          qxxxxxxxxxxxxs               axxxxxxxxxxxxxxxxxxxxxxxxxxxxxx        xxxxxxxxxxxxxxxxxxxxxxxxw             axxxxx                                             qxxxxxxxxxxxxxxxxxxxxxx
xxxxxxxs            qxxxxxxxxxxxxs                       caxxxxxxxxxxxxxxxxxxxxxxw       axxxxxxxxxxxxxxxxxxxxxxxxw             xxxxx                                         qxxxxxxxxxxxxxxxxxxxxxxxxxx
xxxxxxxf            xxxxxxxxxxxxs                                 axxxxxxxxxxxxxxx            axxxxxxxxxxxxxxxxxxxxw            xxxxxw                                        xxxxxxxxxxxxxxxxxxxxxxxxxxx
xxxxxxxxxw          axxxxxs             xxw                          axxxxxxxxxxxx                axxxxxxxxxxxxxxxxxw           xxxxxxw                                       axxxxxxxxxxxxxxxxxxxxxxxxxx
xxxxxxxxxx                              axxw                          axxxxxxxxxxx                 axxxxxxs    axxxxx           xxxxxxxw                                          axxxxxxxxxxxxxxxxxxxxxx
xxxxxxxxxx                                axxxxxxxxxxxxw               xxxxxxxxxxx                  axxxxx      axxxxw          xxxxxxxx                                              axxxxxxxxxxxxxxxxxx
xxxxxxxxxxxxxxw               qxxw         axxxxxxxxxxxxw             qxxxxxxxxxxx                     axxw      axxxxxw        xxxxxxxx            xxxxxxxxxxxxx                          axxxxxxxxxxxxx
xxxxxxxxxxxxxxxw              xxxxw          axxxxxxxxxxxw            xxxxxxxxxxxxw                     xxxw      axxxxxw       xxxxxxxx            xxxxxxxxxxxxx                           axxxxxxxxxxxx
xxxxxxxxxxxxxxxx r          xxxxxxxw          axxxxxxxxxxxw           xxxxxxxxxxxxxxxxxxxxxxxw         qxxxxw      axxxxxw      axxxxxxxw           xxxxxxxxxxxxx                             axxxxxxxxxx
xxxs     axxxxxxxxxw        xxxxxxxxw          axxxxxxxxxxxw         dxxxxxxxxxxxxxxxxxxxxxxxx        dxxxxxxw      axxxxxw       axxxxxx           xxxxxxxxxxxxx                              axxxxxxxxx
xxx       axxxxxxxxx        xxxxxxxxxxw         axxxxxxxxxxxw         xxxxxxxxxxxxxxxxxxxxxxxxxw       axxxxxxw      axxxxxw       axxxxxw          xxxxxxxxxxxxx        qxxxxxxxxw              axxxxxxx
xxx        axxxxxxxxw       xxxxxxxxxxxxw       qxxxxxxxxxxxxw        xxxxxxxxxxxxxxxxxxxxxxxxxxf       xxxxxxx       axxxxx        axxxxxw         xxxxxxxxxxxxx        xxxxxxxxxxw              xxxxxxx
xxx          axxxxxxxw      xxxxxxxxxxxxs       xxxxxxxxxxxxxxw       axxxxxxxxxxxxxxxxxxxxxxxxs        axxxxxx        axxxx           axxx         xxxxxxxxxxxxx        xxxxxxxxxxxw             xxxxxxx
xxx            axxxxxx     axxxxxxxxxxxx       qxxxxxxxxxxxxxxxw       axxxxxxxxxxxxxxxxxxs              xxxxxxw        xxxs            axxw        xxxxxxxxxxxxx        xxxxxxxxxxxxw           qxxxxxxx
xxx             xxxxxxw     axxxxxxxxxx#       xxxxxxxxxxxxxxxxxf                                        axxxxxx        axs              xxx        xxxxxxxxxxxxx        xxxxxxxxxxxxxw         qxxxxxxxx
xxx             xxxxxxxw     axxxxxxxxxx       xxxxxxxxxxxxxxxxs                                          xxxxxxf                        xxx        xxxxxxxxxxxxx        xxxxxxxxxxxxxx         xxxxxxxxx
xxx             xxxxxxxx      axxxxxxxxs       xxxxxxxxxxxxxxxs                                          qxxxxxxw                       qxxx        xxxxxxxxxxxxx        xxxxxxxxxxxxxx         xxxxxxxxx
xxxw           qxxxxxxxxw      axxxxxs        qxxxxxxxxxxxxxxs                                         qxxxxxxxxx                     qxxxxx        xxxxxxxxxxxxx        xxxxxxxxxxxxxx         xxxxxxxxx
xxxxw          axxxxxxxxxw      axxxs         xxxxxxxxxxxxxxs           qxxxxxxxw                     qxxxxxxxxxx                    qxxxxxx        xxxxxxxxxxxxx       qxxxxxxxxxxxxxx         xxxxxxxxx
xxxxxw          axxxxxxxxxw      as          qxxxxxxxxxxxxxx            xxxxxxxxx                  qxxxxxxxxxxxxxw                  qxxxxxxx        xxxxxxxxxxxxx       axxxxxxxxxxxxxx         xxxxxxxxx
xxxxxxw r           axxxxxxw               rqxxxxxxxxxxxxxxx            xxxxxxxxxw                 xxxxxxxxxxxxxxxw                 axxxxxxx        #xxxxxxxxxxxx        axxxxxxxxxxxxx         xxxxxxxxx
xxxxxxxxxxw          axxxxxxw             qxxxxxxxxxxxxxxxx#            xxxxxxxxxx                 xxxxxxxxxxxxxxxxw                  axxxxxf       xxxxxxxxxxxxx         axxxxxxxxxxxx         xxxxxxxxx
xxxxxxxxxxs           xxxxxxxw            xxxxxxxxxxxxxxxxxx            xxxxxxxxxx                   xxxxxxxxxxxxxxx                   xxxxxf       xxxxxxxxxxxxx          xxxxxxxxxxxx         xxxxxxxxx
xxxxxs                axxxxxxxw         qxxxxxxxxxxxxxxxxxxx            xxxxxxxxx#                   xxxxxxxxxxxxxxxw                  xxxxxf       xxxxxxxxxxxxx          xxxxxxxxxxxx         xxxxxxxxx
xxxs                     axxxxx         axxxxxxxxxxxxxxxxxxx            xxxxxxxxxx         qw        xxxxxxxxxxxxxxxxw                 xxxxxf       xxxxxxxxxxxxx          xxxxxxxxxxxx         xxxxxxxxx
xxxw           qxxw       axxxxw         xxxxxxxxxxxxxxxxxxx            xxxxxxxxxx        qxxw       axxxxxxxxxxxxxxxxw                xxxxx        xxxxxxxxxxxxx          xxxxxxxxxxxx         xxxxxxxxx
xxxxw         qxxxxw       axxxs         axxxxxxxxxxxxxxxxxs            xxxxxxxxxs        xxxx        axxxxxxxxxxxxxxxx                xxxxx        xxxxxxxxxxxxx          xxxxxxxxxxxx         xxxxxxxxx
xxxxx        qxxxxxx                      axxxxxxxxxxxxxxxs             xxxxxxxxx        qxxxxw        axxxxxxxxxxxxxxx                xxxxx        xxxxxxxxxxxxx          xxxxxxxxxxxx         xxxxxxxxx
xxxxx       qxxxxxxx                       axxxxxxxxxxxxs               xxxxxxxxxw   r  qxxxxxx         axxxxxxxxxxxxxx                xxxxx        xxxxxxxxxxxxx          xxxxxxxxxxxx         xxxxxxxxx
xxxxx       xxxxxxxx                           axxxxxxs                 xxxxxxxxxxxxxxxxxxxxxxx            xxxxxxxxxxxs                xxxxx        xxxxxxxxxxxxx          xxxxxxxxxxxx         xxxxxxxxx
xxxxx       xxxxxxxxw                                                  qxxxxxxxxxxxxxxxxxxxxxxx                                       qxxxxx        xxxxxxxxxxxxx          xxxxxxxxxxxx         xxxxxxxxx
xxxxx       xxxxxxxxxxxxxxxxx    xxxxxxxxw                qxxxx      qxxxxxxxxxxxxxxxxxxxxxxxxx                                     qxxxxxxx        xxxxxxxxxxxxs          xxxxxxxxxxxx         xxxxxxxxx
xxxxx       xxxxxxxxxxxxxxxxx    xxxxxxxxxw              qxxxxx      xxxxxxxxxxxxxxxxxxxxxxxxxx                                  qxxxxxxxxxx        xxxxxxxxxxxs           xxxxxxxxxxxx         xxxxxxxxx
xxxxxw      xxxxxxxxxxxxxxxxx    xxxxxxxxxxw            qxxxxxx      axxxxxxxxxxxxxxxxxxxxxxxxx                                 qxxxxxxxxxxx        xxxxxxxxxxx           qxxxxxxxxxxxx         xxxxxxxxx
xxxxxxxw    axxxxxxxxxxxxxxxx    xxxxxxxxxxxxxxxxxxxxxxxxxxxxxs       xxxxxxxxxxxxxxxxxxxxxxxxx                                 xxxxxxxxxxxx        xxxxxxxxxxx          qxxxxxxxxxxxxx         xxxxxxxxx
xxxxxxxx       xxxxxxxxxxxxxx    xxxxxxxxxxxxxxxxxxxxxxxxxxxxs        xxxxxxxxxxxxxxxxxxxxxxxxs                                 xxxxxxxxxxxx        xxxxxxxxxxx         qxxxxxxxxxxxxxs         xxxxxxxxx
xxxxxxxx       xxxxxxxxxxxxxx    xxxxxxxxxxxxxxxxxxxxxxxxxxxx         xxxxxxxxxxxxxxs                        qxxxxxxxxxw        xxxxxxxxxxxx        xxxxxxxxxxs         axxxxxxxxxxxxs          xxxxxxxxx
xxxxxxxx       xxxxxxxx#xxxxx    xxxx#xxxxxxxxxxxxxxxxxxxxxxx         axxxxxxxxxs                            axxxxxxxxxxw       xxxxxxxxxxxx        xxxxxxxxxs                                  xxxxxxxxx
xxxxxxxx       xxxxxxs                 axxxxxxxxxxxxxxxxxxxxx                                                 axxxxxxxxxxw      xxxxxxxxxxxx        xxxxxxxxs                                   xxxxxxxxx
xxxxxxxx       xxxxxxf                  xxxxxxxxxxxxxxxxxxxxxf                                                 xxxxxxxxxxx      xxxxxxxxxxxx        xxxxxxxs                                    xxxxxxxxx
xxxxxxxx       xxxxxxw                  xxxxxxxxxxxxxxxxxxxxs                                                  xxxxxxxxxxx      xxxxxxxxxxxx        xxxxxxx         qxxxw                       xxxxxxxxx
xxxxxxxxw      axxxxxxxw                xxxxxxxxxxxxxxxxxxxs                                                  qxxxxxxxxxxx      xxxxxxxxxxxx        axxxxxx         xxxxxw                     qxxxxxxxxx
xxxxxxxxxw      xxxxxxxxw            r  xxxxxxxxxxxxxxxxxxs              qxxxxxxxxxw            qxxxxxxxxxxxxxxxxxxxxxxxxx      xxxxxxxxxxxx         axxxxs         xxxxxxxw                  qxxxxxxxxxx
xxxxxxxxxxw     axxxxxxxxxw         qxxxxxxxxxxxxxxxxxxxxs              qxxxxxxxxxxx            xxxxxxxxxxxxxxxxxxxxxxxxxx      xxxxxxxxxxxx          axxs          xxxxxxxxw             axxxxxxxxxxxxxx
xxxxxxxxxxxw      axxxxxxxx         xxxxxxxxxxxxxxxxxs                 qxxxxxxxxxxxx            xxxxxxxxxxxxxxxxxxxxxxxxxx      xxxxxxxxxxxx                       qxxxxxxxxxxw            axxxxxxxxxxxxx
xxxxxxxxxxxxw      xxxxxxxx         xxxxxxxxxxxxxs                    qxxxxxxxxxxxxx            xxxxxxxxxxxxxxxxxxxxxxxxxs      axxxxxxxxxxx                       xxxxxxxxxxxxw            axxxxxxxxxxxx
xxxxxxxxxxxxx      xxxxxxxx         xxxxxxxxxxxs                     qxxxxxxxxxxxxxx            xxxxxxxxxxxxxxxxxxxs               axxxxxxxx                      qxxxxxxxxxxxxxxw           axxxxxxxxxxx
xxs  axxxxxxx      xxxxxxxx         xxxxxxxxxxs                     qxxxxxxxxxxxxxxx            xxxxxxxxxxxxxxxxxxx                 xxxxxxxx                     qxxxxxxxxxxxxxxxx            axxxxxxxxxx
xs    axxxxxxw     axxxxxxx         xxxxxxxxxs                    qxxxxxxxxxxxxxxxxx            xxxxxxxxxxxxxxxxxxs                 axxxxxxxw                   qxxxxxxxxxxxxxxxxxw            xxxxxxxxxx
x      axxxxxxw     axxxxxs         axxxxxxxs                   rqxxxxxxxxxxxxxxxxxx           dxxxxxxxxxxs                          axxxxxxx                   xxxxxxxxxxxxxxxxxxxw           xxxxxxxxxx
x       axxxxxxw                                               qxxxxxxxxxxxxxxxxxxxx           qxxxxxxxxxx                            axxxxxxw                 qxxxxxxxxxxxxxxxxxxxxw          xxxxxxxxxx
x        axxxxxxw                                             qxxxxxxxxxxxxxxxxxxxxs         qxxxxxxxxxxxx           qxxxxxxw          xxxxxxxw               qxxxxxxxxxxxxxxxxxxxxxx          xxxxxxxxxx
x         xxxxxxxw                                       qxxxxxxxxxxxxxxxxxxxxxxxs           xxxxxxxxxxxxxw          xxxxxxxxw         xxxxxxxxw              xxxxxxxxxxxxxxxxxxxxxxx          xxxxxxxxxx
x         axxxxxxxw                                _    qxxxxxxxxxxxxxxxxxxxxs              qxxxxxxxxxxxxxxw         xxxxxxxxx         xxxxxxxxxxw            xxxxxxxxxxxxxxxxxxxxxxx          xxxxxxxxxx
x           axxxxxxxxxw       qxxxxxxxxxxxxxxxxxxxxxxxxxxxxxxxxxxxxxxxxxxxxxs            qxxxxxxxxxxxxxxxxxxw        xxxxxxxxxw        xxxxxxxxxxxw           axxxxxxxxxxxxxxxxxxxxxx          xxxxxxxxxx
x            xxxxxxxxxx      qxxxxxxxxxxxxxxxxxxxxxxxxxxxxxxxxxxxxxxxxxxxxxs            qxxxxxxxxxxxxxxxxxxxxw       xxxxxxxxxx        xxxxxxxxxxxxxw          xxxxxxxxxxxxxxxxxxxxxx          xxxxxxxxxx
x            xxxxxxxxxx      xxxxxxxxxxxxxxxxxxxxxxxxxxxxxxxxxxxxxxxxxxxxxs           qxxxxxxxxxxxxxxxxxxxxxxs       xxxxxxxxxx        xxxxxxxxxxxxxxw         xxxxxxxxxxxxxxxxxxxxxx          xxxxxxxxxx
x            xxxxxxxxxx      xxxxxxxxxxxxxxxxxxxxxxxxxxxxxxxxxxxxxxxxxxxxs         qxxxxxxxxxxxxxxxxxxxxxxxxs        xxxxxxxxxxw       xxxxxxxxxxxxxxxw        xxxxxxxxxxxxxxxxxxxxxs          xxxxxxxxxx
x            xxxxxxxxxx      xxxxxxxxxxxxxxxxxxxxxxxxxxxxxxxxxxxxxxxxxs           qxxxxxxxxxxxxxxxxxxxxxs            xxxxxxxxxxxw      xxxxxxxxxxxxxxxxw       axxxxxxxxxxxxxxxxxxxs           xxxxxxxxxx
x            xxxxxxxxxx      xxxxxxxxxxxxxxxxxxxxxxxxxxxxxxxxxxxxxxxxx           qxxxxxxxxxxxxxxxxxxxxxs             xxxxxxxxxxxx      xxxxxxxxxxxxxxxxxw       xxxxxxxxxxxxxxxxxxx            xxxxxxxxxx
x            xxxxxxxxxx      xxxxxxxxxxxxxxxxxxxxxxxxxxxxxxxxxxxxxxxxx         rqxxxxxxxxxxxxxxxxxxxxxs              xxxxxxxxxxxx      xxxxxxxxxxxxxxxxxx       xxxxxxxxxxxxxxxxxxx            xxxxxxxxxx
x    xw      axxxxxxxxx      xxxxxxxxxxxxxxxxxxxxxxxxxxxxxxxxxxxxxxxxx        qxxxxxxxxxxxxxxxxxxxxxxx               xxxxxxxxxxxxw     xxxxxxxxxxxxxxxxxx       xxxxxxxxxxxxxxxxxxx            xxxxxxxxxx
x    xxw      axxxxxxxx      xxxxxxxxxxxxxxxxxxxxxxxxxxxxxxxxxxxxxxxxx       qxxxxxxxxxxxxxxxxxxxxxxxx               xxxxxxxxxxxxx     xxxxxxxxxxxxxxxxxx       xxxxxxxxxxxxxxxxxxx            #xxxxxxxxx
x    xxxw       axxxxxx      xxxxxxxxxxxxxxxxxxxxxxxxxxxxxxxxxxxxxxxxx      qxxxxxxxxxxxxxxxxxxxxxxxxs              qxxxxxxxxxxxxs     xxxxxxxxxxxxxxxxxx       xxxxxxxxxxxxxxxxxxx            xxxxxxxxxx
x    xxxx        axxxxs      axxxxxxxxxxxxxxxxxxxxxxxxxxxxxxxxxxxxxxxx      xxxxxxxxxxxxxxxxxxxxxxxxs               xxxxxxxxxxxxs      xxxxxxxxxxxxxxxxxx       xxxxxxxxxxxxxxxxxxx            xxxxxxxxxx
x    xxxxw                                 axxxxxxxxxxxxxxxxxxxxxxxxxx      xxxxxxxxxxxxxxxxxxxxxxxx                xxxxxxxxxxxx     qxxxxxxxxxxxxxxxxxxx       xxxxxxxxxxxxxxxxxxx            xxxxxxxxxx
x    xxxxx                                  xxxxxxxxxxxxxxxxxxxxxxxxxx      xxxxxxxxxxxxxxxxxxxxxxxs                xxxxxxxxxxxs     xxxxxxxxxxxxxxxxxxxx      qxxxxxxxxxxxxxxxxxxx            xxxxxxxxxx
x    xxxxxw                                 xxxxxxxxxxxxxxxxxxxxxxxxxx      axxxxxxxxxxxxxxxxxxxxxs                 xxxxxxxxxxx      xxxxxxxxxxxxxxxxxxxx      xxxxxxxxxxxxxxxxxxxx            xxxxxxxxxx
x    xxxxxxxw                              qxxxxxxxxxxxxxxxxxxxxxxxxxs       axxxxxxxxxxx#xxxxxxxs                 qxxxxxxxxxxx     qxxxxxxxxxxxxxxxxxxxx      xxxxxxxxxxxxxxxxxxxx            xxxxxxxxxx
x    xxxxxxxxxxxxxxxxxxxxxxxw              xxxxxxxxxxxxxxxs                                                qxxxxxxxxxxxxxxxxxxs     xxxxxxxxxxxxxxxxxxxxs     qxxxxxxxxxxxxxxxxxxxx            xxxxxxxxxx
x    xxxxxxxxxxxxxxxxxxxxxxxx              xxxxxxxxxxxxxxx                                                qxxxxxxxxxxxxxxxxxxx      xxxxxxxxxxxxxxxxxxxs      xxxxxxxxxxxxxxxxxxxxx            xxxxxxxxxx
x    axxxxxxxxxxxxxxxxxxxxxxxw             xxxxxxxxxxxxxxs                                               qxxxxxxxxxxxxxxxxxxxx      xxxxxxxxxxxxxxxxxxs      qxxxxxxxxxxxxxxxxxxxxx            xxxxxxxxxx
x           axxxxxxxxxxxxxxxxxw            axxxxxs                                                       axxxxxxxxxxxxxxxxxxxx      xxxxxxxxxxxxxxxxxs       xxxxxxxxxxxxxxxxxxxxxx            xxxxxxxxxx
x            axxxxxxxxxxxxxxxxxxw                                               qxxxxw                    xxxxxxxxxxxxxxxxxxxx      xxxxxxxxxxxxxxxxs        xxxxxxxxxxxxxxxxxxxxxx            xxxxxxxxxx
x               axxxxxxxxxxxxxxxxw                                             qxxxxxxw                   xxxxxxxxxxxxxxxxxxxx                               xxxxxxxxxxxxxxxxxxxxxx            xxxxxxxxxx
x                  axxxxxxxxxxxxxxxw                                         qxxxxxxxxxw                 dxxxxxxxxxxxxxxxxxxxx                               xxxxxxxxxxxxxxxxxxxxxx            xxxxxxxxxx
x                         axxxxxxxxxxw                          qxxxxxxxxxxxxxxxxxxxxxxxw                 xxxxxxxxxxxxxxxxxxxx                               xxxxxxxxxxxxxxxxxxxxxx            xxxxxxxxxx
xxxxxxxxw                  xxxxxxxxxxxw                         xxxxxxxxxxxxxxxxxxxxxxxxs                 xxxxxxxxxxxxxxxxxxxx                               xxxxxxxxxxxxxxxxxxxxxx           qxxxxxxxxxx
xxxxxxxxxw                qxxxxxxxxxxxxxw                       xxxxxxxxxxxxxxxxxxxxxxs             r    qxxxxxxxxxxxxxxxxxxxx      xxxxxxxxxxxxxxw          axxxxxxxxxxxxxxxxxxxxx          qxxxxxxxxxxx
xxx#xxxxxxxw             qxxxxxxxxxxxxxxxw                     qxxxxxxxxxxxxxxxxxxxxxs            qxxxxxxxxxxxxxxxxxxxxxxxxxxx      xxxxxxxxxxxxxxx           axxxxxxxxxxxxxxxxxxxx         qxxxxxxxxxxxx
x     axxxxxw            axxxxxxxxxxxxxxxxxxxxw           qxxxxxxxxxxxxxxxxxxxxxxxxxs             xxxxxxxxxxxxxxxxxxxxxxxxxxxx      xxxxxxxxxxxxxxxw           axxxxxxxxxxxxxxxxxxx         axxxxxxxxxxxx
x      axxxxxw                 axxxxxxxxxxxxxxxw          axxxxxxxxxxxxxxxxxxxxxxxs               xxxxxxxxxxxxxxxxxxxxxxxxxxxx      xxxxxxxxxxxxxxxxw           axxxxxxxxxxxxxxxxxx          axxxxxxxxxxx
x       axxxxxw                  axxxxxxxxxxxxxxw          axxxxxxxxxxxxxxxxxxxxxs                xxxxxxxxxxxxxxxxxxxxxxxxxxxx      xxxxxxxxxxxxxxxxxw           axxxxxxxxxxxxxxxxx          qxxxxxxxxxxx
x         axxxxw                  axxxxxxxxxxxxxs            axxxxxxxxxxxxxxxxxxs                 xxxxxxxxxxxxxxxxxxxxxxxxxxxx      xxxxxxxxxxxxxxxxxxwr          axxxxxxxxxxxxxxxx      qxxxxxxxxxxxxxxx
xw         axxxxw                                              axxxxxxxxxxxxxxxs                   xxxxxxxxxxxxxxxxxxxxxxxxxxs      xxxxxxxxxxxxxxxxxxxxw          axxxxxxxxxxxxxxx      axxxxxxxxxxxxxxx
xxw        dxxxxxw                                                xxxxxxxxxxxs                                                      xxxxxxxxxxxxxxxxxxxxxw          axxxxxxxxxxxxxs       axxxxxxxxxxxxxx
xxxw        axxxxxxxxw                                            axxxxxxxs                                                         xxxxxxxxxxxxxxxxxxxxxxw                                axxxxxxxxxxxxx
xxxxr        xxxxxxxxx                                                                                                              xxxxxxxxxxxxxxxxxxxxxxx                                 axxxxxxxxxxxx
xxxxxw       axxxxxxxxw                                                                                                             xxxxxxxxxxxxxxxxxxxxxxx                                  axxxxxxxxxxx
xxxxxs        axxxxxxxxxxxxxxxw     qxxxxxxxxxxxxxxxxw                                                                             qxxxxxxxxxxxxxxxxxxxxxxx                                   xxxxxxxxxxx
xxxxs          xxxxxxxxxxxxxxxx     xxxxxxxxxxxxxxxxxxxxxxxxw                                 _                                   qxxxxxxxxxxxxxxxxxxxxxxxx                                  qxxxxxxxxxxx
xxxs          qxxxxxxxxxxxxxxxx     xxxxxxxxxxxxxxxxxxxxxxxxxxw                          qxxxxxxxxxxxxxxxxxxxw          qxxxxxxxxxxxxxxxxxxxxxxxxxxxxxxxxxs                                 qxxxxxxxxxxxx
xxs         qxxxxxxxxxxxxxxxxxx     xxxxxxxxxxxxxxxxxxxxxxxxxxxxxxxxxxw          qxxxxxxxxxxxxxxxxxxxxxxxxxxxx          xxxxxxxxxxxxxxxxxxxxxxxxxxxxxxxxxs                               qxxxxxxxxxxxxxxx
xs          xxxxxxxxxxxxxxxxxxx     xxxxxxxxxxxxxxxxxxxxxxxxxxxxxxxxxxx          xxxxxxxxxxxxxxxxxxxxxxxxxxxxs          xxxxxxxxxxxxxxxxxxxxxxxxxxxxxxxxx                                xxxxxxxxxxxxxxxx
x           xxxxxxxxxxxxxxxxxxx     xxxxxxxxxxxxxxxxxxxxxxxxxxxxxxxxxxx         qxxxxxxxxxxxxxxxxxxxxxxxxxxxs          qxxxxxxxxxxxxxxxxxxxxxxxxxxxxxxxxx               _                axxxxxxxxxxxxxxx
x           xxxxxxxxxxxxxxxxxxx     xxxxxxxxxxxxxxxxxxxxxxxxxxxxxxxxxxx         axxxxxxxxxxxxxxxxxxxxxxxxxs          qxxxxxxxxxxxxxxxxxxxxxxxxxxxxxxxxxxx            qxxxxxw              axxxxxxxxxxxxxx
x           xxxxxxxxxxxxxxxxxxx     xxxxxxxxxxxxxxxxxxxxxxxxxxxxxxxxxxx          xxxxxxxxxxxxxxxxxxxxxxxxs           xxxxxxxxxxxxxxxxxxxxxxxxxxxxxxxxxxxx           qxxxxxxxxxw            xxxxxxxxxxxxxx
x           axxxxxxxxxxxxxxxxxx     xxxxxxxxxxxxxxxxxxxxxxxxxxxxxxxxxxs          xxxxxxxxxxxxxxxxxxxxxxxs           dxxxxxxxxxxxxxxxxxxxxxxxxxxxxxxxxxxxs          qxxxxxxxxxxxw           xxxxxxxxxxxxxx
xxxxxw       xxxxxxxxxxxxxxxxxx     xxxxxxxxxxxxxxxxxxxxxxxxxxxxxxxxxs           xxxxxxxxxxxxxxxxxxxxxxs            qxxxxxxxxxxxxxxxxxxxxxxxxxxxxxxxxxxx           xxxxxxxxxxxxxw          xxxxxxxxxxxxxx
xxxxxxw      xxxxxxxxxxxxxxxxxx     xxxxxxxxxxxxxxxxxxxxxxxxxxxxxxs            qxxxxxxxxxxxxxxxxxxxxxs             qxxxxxxxxxxxxxxxxxxxxxxxxxxxxxxxxxxxx           xxxxxxxxxxxxxxw         xxxxxxxxxxxxxx
xxxxxxxw     xxxxxxxxxxxxxxxxxx     xxxxxxxxxxxxxxxxxxxxxxxxxs               qxxxxxxxxxxxxxxxxxxxxxxs            qxxxxxxxxxxxxxxxxxxxxxxxxxxx#xxxxxxxxxs           axxxxxxxxxxxxxxw        axxxxxxxxxxxxx
xxxxxxxxw    xxxxxxxxxxxxxxxxxx     xxxxxxxxxxxxxxxxxxxxxxs                qxxxxxxxxxxxxxxxxxxxxxxs             qxxxxxxxxxxxxxxxxxxxxs                              axxxxxxxxxxxxxx         xxxxxxxxxxxxx
xxxxxxxxx    xxxxxxxxxxxxxxxxxx     xxxxxxxxxxxxxxxxxxxs                  qxxxxxxxxxxxxxxxxxxxxs             qxxxxxxxxxxxs                                           axxxxxxxxxxxxx         axxxxxxxxxxxx
xxxxxxxxxf   axxxxxxxxxxxxxxxxs     xxxxxxxxxxxxxxxxxxs                qxxxxxxxxxxxxxxxxxxxxs             qxxxxxxxxs                                                  xxxxxxxxxxxxxw         axxxxxxxxxxx
xxxxxxxxxw                          xxxxxxxxxxxxxxxxs                qxxxxxxxxxxxxxxxxxxxs                                                                         qxxxxxxxxxxxxxxxx          xxxxxxxxxxx
xxxxxxxxxx                          axxxxxxxxxxxxxs                                                                                                                xxxxxxxxxxxxxxxxx          xxxxxxxxxxx
xxxxxxxxxx                           axxxxxxxxxxxs                                                                                                                 xxxxxxxxxxxxxxxxxw         axxxxxxxxxx
xxxxxxxxxx                            axxxxxxxxs                                                                                                                   xxxxxxxxxxxxxxxxxx          xxxxxxxxxx
xxxxxxxxxx                             axxxxxs                                                                                                                     xxxxxxxxxxxxxxxxxx          xxxxxxxxxx
xxxxxxxxxxxxxxxxxxxxxxxxxxxxxw                                                                 qxxxxxxxxxxxxxxxxxxxxxxxxxxxxxxxxxxxxxw                             xxxxxxxxxxxxxxxxxxw         axxxxxxxxx
xxxxxxxxxxxxxxxxxxxxxxxxxxxxxxxw                            qxxxxxxxxxxxxxxxxxxw          qxxxxxxxxxxxxxxxxxxxxxxxxxxxxxxxxxxxxxxxxxxx        qxxxxxxxw            xxxxxxxxxxxxxxxxxxx          xxxxxxxxx
xxxxxxxxxxxxxxxxxxxxxxxxxxxxxxxxxw                         qxxxxxxxxxxxxxxxxxxxx          xxxxxxxxxxxxxxxxxxxxxxxxxxxxxxxxxxxxxxxxxxxs        xxxxxxxxxw           axxxxxxxxxxxxxxxxxx          axxxxxxxx
xxxxxxxxxxxxxxxxxxxxxxxxxxxxxxxxxxw                       qxxxxxxxxxxxxxxxxxxxxxw         axxxxxxxxxxxxxxxxxxxxxxxxxxxxxxxxxxxxxxxxxs        qxxxxxxxxxxxxxw        caxxxxxxxxxxxxxxxxw          xxxxxxxx
xxxxxxxxs             axxxxxxxxxxxxw                     qxxxxxxxxxxxxxxxxxxxxxxxw          axxxxxxxxxxxxxxxxxxxxxxxxxxxxxxxxxxxxxxs         xxxxxxxxxxxxxxxw         xxxxxxxxxxxxxxxxx          xxxxxxxx
xxs                    axxxxxxxxxxxxxxxxxxxxxw          qxxxxxxxxxxxxxxxxxxxxxxxxxw          axxxxxxxxxxxxxxxxxxxxxxxxxxxxxxxxxxxs          qxxxxxxxxxxxxxxxxxw       axxxxxxxxxxxxxxxxw         xxxxxxxx
xs                      xxxxxxxxxxxxxxxxxxxxxxw         xxxxxxxxxxxxxxxxxxxxxxxxxxxw          axxxxxxxxxxxxxxxxxxxxxxxxxxxxxxxxxs          qxxxxxxxxxxxxxxxxxxxw       xxxxxxxxxxxxxxxxxw        xxxxxxxx
x                       xxxxxxxxxxxxxxxxxxxxxxxw         axxxxxxxxxxxxxxxx#xxxxxxxxxw          axxxxxxxxxxxxxxxxxxxxxxxxxxxxxxxs          qxxxxxxxxxxxxxxxxxxxxxw      xxxxxxxxxxxxxxxxxx        xxxxxxxx
x     xxw               xxxxxxxxxxxxxxxxxxxxxxxxw          axxxxxxxxxs          axxxxw          axxxxxxxxxxxxxxxxxxxxxxxxxxxxxs          qxxxxxxxxxxxxxxxxxxxxxxx      xxxxxxxxxxxxxxxxxx        xxxxxxxx
x     xxxw              xxxxxxxxxxxxxxxxxxxxxxxxxw          axxxxxxxx            axxxxw            axxxxxxxxxxxxxxxxxxxxxxxxxs          qxxxxxxxxxxxxxxxxxxxxxxxx      axxxxxxxxxxxxxxxxx        xxxxxxxx
x     xxxx             qxxxxxxxxxxxxxxxxxxxxxxxxxx           axxxxxxxw            xxxxxw            axxxxxxxxxxxxxxxxxxxxxs            qxxxxxxxxxxxxxxxxxxxxxxxxx       axxxxxxxxxxxxxxxx        xxxxxxxx
x     xxxxw           qxxxxxxxxxxxxxxxxxxxxxxxxxxxw           axxxxxxxw           xxxxxxw             axxxxxxxxxxxxxs                qxxxxxxxxxxxxxxxxxxxxxxxxxxx        axxxxxxxxxxxxxxx        xxxxxxxx
x     xxxxxf          xxxxxxxxxxxxxxxxxxxxxxxxxxxxxw           xxxxxxxx           axxxxxxw             xxxxxxxxxxxxx                qxxxxxxxxxxxxxxxxxxxxxxxxxxxx         axxxxxxxxxxxxxx        xxxxxxxx
x     xxxxx           xxxxxxxxxxxxxxxxxxxxxxxxxxxxxx           xxxxxxxx            axxxxxxxw          qxxxxxxxxxxxxx               qxxxxxxxxxxxxxxxxxxxxxxxxxxxxx          xxxxxxxxxxxxxx        xxxxxxxx
x     xxxxxw          xxxxxxxxxxxxxxxxxxxxxxxxxxxxxx           xxxxxxxx              axxxxxxw         xxxxxxxxxxxxxxw            qxxxxxxxxxxxxxxxxxxxxxxxxxxxxxxx          xxxxxxxxxxxxxx        xxxxxxxx
x     xxxxxxw         axxxxxxxxxxxxxxxxxxxxxxxxxxxxx           xxxxxxxxw              xxxxxxxw        axxxxxxxxxxxxxxw           xxxxxxxxxxxxxxxxxxxxxxxxxxxxxxxx          xxxxxxxxxxxxxx        axxxxxxx
x     axxxxxxw                                                 xxxxxxxxxw            qxxxxxxxxw         axxxxxxxxxxxxxw          xxxxxxxxxxxxxxxxxxxxxxxxxxxxxxxx          xxxxxxxxxxxxxx          axxxxx
x      xxxxxxxw                                                xxxxxxxxxx            xxxxxxxxxxw         xxxxxxxxxxxxxxw         axxxxxxxxxxxxxxxxxxxxxxxxxxxxxxx          xxxxxxxxxxxxxx           axxxx
x      axxxxxxxw                                               xxxxxxxxxx            xxxxxxxxxxx         axxxxxxxxxxxxxs          axxxxxxxxxxxxxxxxxxxxxxxxxxxxxx          axxxxxxxxxxxxx            xxxx
x       axxxxxxxw                                              axxxxxxxxs            axxxxxxxxxs                                   axxxxxxxxxxxxxxxxxxxxxxxxxxxxx           axxxxxxxxxxxx           qxxxx
x        axxxxxxxw  _                                                                                                               xxxxxxxxxxxxxxxxxxxxxxxxxxxxx            axxxxxxxxxxx           axxxx
xw        axxxxxxxxxxxxxxxxxxxxxxxxxxxxxxxxxxxxxxxxxxxw                                                                             axxxxxxxxxxxxxxxxxxxxxxxxxxxx             xxxxxxxxxxx            xxxx
xxw        axxxxxxxxxxxxxxxxxxxxxxxxxxxxxxxxxxxxxxxxxxxxxxw                                                                          axxxxxxxxxxxxxxxxxxxxxxxxxxx           qxxxxxxxxxxxx            xxxx
xxxw        axxxxxxxxxxxxxxxxxxxxxxxxxxxxxxxxxxxxxxxxxxxxxxxw                                                                         axxxxxxxxxxxxxxxxxxxxxxxxxx           xxxxxxxxxxxxxw           xxxx
xxxx         axxxxxxxxxxxxxxxxxxxxxxxxxxxxxxxxxxxxxxxxxxxxxxx                                                                           axxxxxxxxxxxxxxxxxxxxxxxx           xxxxxxxxxxxxxx           xxxx
xxxx            axxxxxxxxxxxxxxxxxxxxxxxxxxxxxxxxxxxxxxxxxxxx       qxxxxxxxxxxxxxxxxxxxxxxxxxxxxxxxxxw          qxxxxxxxxxxw            axxxxxxxxxxxxxxxxxxxxxxx           xxxxxxxxxxxxxx           #xxx
xxxx             xxxxxxxxxxxxxxxxxxxxxxxxxxxxxxxxxxxxxxxxxxxx       xxxxxxxxxxxxxxxxxxxxxxxxxxxxxxxxxxxw         xxxxxxxxxxxxw            axxxxxxxxxxxxxxxxxxxxxx           xxxxxxxxxxxxxx           xxxx
xxxxw           qxxxxxxxxxxxxxxxxxxxxxxxxxxxxxxxxxxxxxxxxxxxs       xxxxxxxxxxxxxxxxxxxxxxxxxxxxxxxxxxxxw        xxxxxxxxxxxxxw            axxxxxxxxxxxxxxxxxxxxx           xxxxxxxxxxxxxs           xxxx
xxxxxw          xxxxxxxxxs                                          xxxxxxxxxxxxxxxxxxxxxxxxxxxxxxxxxxxxxw       axxxxxxxxxxxxxw            axxxxxxxxxxxxxxxxxxxx           axxxxxxxxxxxx            xxxx
xxxxxx          axxxxxxxs                                           xxxxxxxxxxxxxxxxxxxxxxxxxxxxxxxxxxxxxx        axxxxxxxxxxxxxxw           axxxxxxxxxxxxxxxxxxx            axxxxxxxxxxx            xxxx
xxxxxx           axx#xxs                                            axxxxxxxxxxxxxxxxxxx#xxxxxxxxxxxxxxxxs         xxxxxxxxxxxxxxxw           axxxxxxxxxxxxxxxxxx             xxxxxxxxxxx           qxxxx
xxxxxxw                                                                                                            xxxxxxxxxxxxxxxx              axxxxxxxxxxxxxxx             xxxxxxxxxxx          qxxxxx
xxxxxxxxxxw                       qxxxxxxxxxxxxxw                                                                  xxxxxxxxxxxxxxxx               axxxxxxxxxxxxxs             xxxxxxxxxxx          xxxxxx
xxxxxxxxxxxw                  qxxxxxxxxxxxxxxxxxxxxxw                                                              axxxxxxxxxxxxxxx                                           xxxxxxxxxxx          xxxxxx
xxxxxxxxxxxxw              qxxxxxxxxxxxxxxxxxxxxxxxxxxw                                                             axxxxxxxxxxxxxx                                           xxxxxxxxxxx          xxxxxx
xxxxxxxxxxxxxw            qxxxxxxxxxxxxxxxxxxxxxxxxxxxxxw                                                            axxxxxxxxxxxxx                                           xxxxxxxxxxx          xxxxxx
xxxxxxxxxxxxxxw                                                                                                       axxxxxxxxxxxs                                           xxxxxxxxxxx         qxxxxxx
xxxxxxxxxxxxxxxxxxw                                                           qxxxxxxxxxxxxxxxxxxxxxxxxxxxw                                                                   axxxxxxxxxs        qxxxxxxx
xxxxxxxxxxxxxxxxxxxw                                                          axxxxxxxxxxxxxxxxxxxxxxxxxxxxw                                                           qw      axxxxxxxs        qxxxxxxxx
xxxxxxxxxxxxxxxxxxxxxw                                     qxxxxxxxxxw          axxxxxxxxxxxxxxxxxxxxxxxxxxx                                              qxxxxxxxxxxxxxxw      axxxxxs         xxxxxxxxx
xxxxxxxxxxxxxxxxxxxxxxw                            qxxxxxxxxxxxxxxxxxxw            axxxxxxxxxxxxxxxxxxxxxxxs                                           qxxxxxxxxxxxxxxxxxx       xxxxs          xxxxxxxxx
xxxxxxxxxxxxxxxxxs                          qxxxxxxxxxxxxxxxxxxxxxxxxxxxw             axxxxxxxxxxxxxxxxxxs                                            qxxxxxxxxxxxxxxxxxxx       axxs           xxxxxxxxx
xxxxxxxxxxxxxxxxx                       qxxxxxxxxxxxxxxxxxxxxxxxxxxxxxxxxw              axxxxxxxxxxxxs                                               qxxxxxxxxxxxxxxxxxxxx                      xxxxxxxxx
xxxxxxxxxxxxxxxxs                 qxxxxxxxxxxxxxxxxxxxxxxxxxxxxxxxxxxxxxxxw                                                                          axxxxxxxxxxxxxxxxxxxxw                     xxxxxxxxx
xxxxxxxxxxxxxxxx              qxxxxxxxxxxxxxxxxxxxxxxxxxxxxxxxxxxxxxxxxxxxxw                                       _                                  axxxxxxxxxxxxxxxxxxxx                    qxxxxxxxxx
xxxxxxxxxxxxxxxx          qxxxxxxxxxxxxxxxxxxxxxxxxxxxxxxxxxxxxxxxxxxxxxxxxxw                                qxxxxxxxxxxw        qxxxxxxxxxxw           axxxxxxxxxxxxxxxxxx                 qxxxxxxxxxxxx
xxxxxxxxxxxxxxxs         qxxxxxxxxxxxxxxxxxxxxxxxxxxxxxxxxxxxxxxxxxxxxxxxxxxxxxw                            qxxxxxxxxxxxxw       xxxxxxxxxxxx            axxxxxxxxxxxxxxxxx                qxxxxxxxxxxxxx
xxxxxxxxxxxxxxs         qxxxxxxxxxxxxxxxxxxxxxxxxxxxxxxxxxxxxxxxxxxxxxxxxxxxxxxxw                          qxxxxxxxxxxxxxx       xxxxxxxxxxxx             xxxxxxxxxxxxxxxxx             qxxxxxxxxxxxxxxxx
xxxxxxxxxxxxxs         qxxxxxxxxxxxxxxxxxxxxxxxxxx#xxxxxxxxxxxxxxxxxxxxxxxxxxxxxxw          qxxxxxxxxxxxxxxxxxxxxxxxxxxxxx       xxxxxxxxxxxxw            xxxxxxxxxxxxxxxxx       qxxxxxxxxxxxxxxxxxxxxxx
xxxxxxxxxxxxx         qxxxxxxxxxxxxxxxxxxxxxxs                    axxxxxxxxxxxxxxx          xxxxxxxxxxxxxxxxxxxxxxxxxxxxxx       xxxxxxxxxxxxx            xxxxxxxxxxxxxxxxx          axxxxxxxxxxxxxxxxxxx
xxxxxxxxxxxxx        qxxxxxxxxxxxxxxxxxxxxs                          axxxxxxxxxxxx          xxxxxxxxxxxxxxxxxxxxxxxxxxxxxx       xxxxxxxxxxxxx            axxxxxxxxxxxxxxxx           axxxxxxxxxxxxxxxxxx
xxxxxxxxxxxxs       qxxxxxxxxxxxxxxxxxxs                               axxxxxxxxxx          xxxxxxxxxxxxxxxxxxxxxxxxxxxxxx       xxxxxxxxxxxxx             axxxxxxxxxxxxxxx            xxxxxxxxxxxxxxxxxx
xxxxxxxxxxxs       qxxxxxxxxxxxxxxxxxs                                   xxxxxxxxx          xxxxxxxxxxxxxxxxxxxxxxxxxxxxxx       xxxxxxxxxxxxx              xxxxxxxxxxxxxxs           qxxxxxxxxxxxxxxxxxx
xxxxxxxxxxx       qxxxxxxxxxxxxxxxxxx                                    xxxxxxxxxw         xxxxxxxxxxxxxxxxxxxxxxxxxxxxxx       xxxxxxxxxxxxx              xxxxxxxxxxxxxs            xxxxxxxxxxxxxxxxxxx
xxxxxxxxxxs     qxxxxxxxxxxxxxxxxxxxx                                    xxxxxxxxxxw        xxxxxxxxxxxxxxxxxxxxxxxxxxxxxx       xxxxxxxxxxxxx              xxxxxxxxxxxxs             xxxxxxxxxxxxxxxxxxx
xxxxxxxxxx     qxxxxxxxxxxxxxxxxxxxxx                                    xxxxxxxxxxx        xxxxxxxxxxxxxxxxxxxxxxxxxxxxxx       xxxxxxxxxxxxx              axxxxxxxxxxxw             xxxxxxxxxxxxxxxxxxx
xxxxxxxxxs     xxxxxxxxxxxxxxxxxxxxxx                                    xxxxxxxxxxx        xxxxxxxxxxxxxxxxxxxxxxxxxxxxxx       xxxxxxxxxxxxx                axxxxxxxxxxw            axxxxxxxxxxxxxxxxxx
xxxxxxxxs      xxxxxxxxxxxxxxxxxxxxxx                                    xxxxxxxxxxx        xxxxxxxxxxxxxxxxxxxxxxxxxxxxxx       xxxxxxxxxxxxx                                         axxxxxxxxxxxxxxxxx
xxxxxxxs       xxxxxxxxxxxxxxxxxxxxxx                                    xxxxxxxxxxxw       xxxxxxxxxxxxxxxxxxxxxxxxxxxxxx       xxxxxxxxxxxxx                                          xxxxxxxxxxxxxxxxx
xxxxxxx        xxxxxxxxxxxxxxxxxxxxxs                                    xxxxxxxxxxxx       xxxxxxxxxxxxxxxxxxxxxxxxxxxxxx       xxxxxxxxxxxxxw                                         xxxxxxxxxxxxxxxxx
xxxxxxx        xxxxxxxxxxxxxxxxxs                                       qxxxxxxxxxxxx       xxxxxxxxxxxxxxxxxxxxxxxxxxxxxx       xxxxxxxxxxxxxx                                         xxxxxxxxxxxxxxxxx
xxxxxxx        xxxxxxxxxxxxxxxxs                                      qxxxxxxxxxxxxxx       xxxxxxxxxxxxxxxxxxxxxxxxxxxxxx       xxxxxxxxxxxxxs                                         xxxxxxxxxxxxxxxxx
xxxxxxx        xxxxxxxxxxxxs                                     qxxxxxxxxxxxxxxxxxxx       xxxxxxxxxxxxxxxxxxxxxxxxxxxxxs       xxxxxxxxxxxxs                                          axxxxxxxxxxxxxxxx
xxxxxxx        axxxxxxxxxxx                                      xxxxxxxxxxxxxxxxxxxx       #xxxxxxxxxxxxxxxxxxxxxxxxxxxx        xxxxxxxxxxxs                                            axxxxxxxxxxxxxxx
xxxxxxx         xxxxxxxxxxxw                                     xxxxxxxxxxxxxxxxxxxx       xxxxxxxxxxxxxxxxxxxxxxxxxxxxx        xxxxxxxxxxs             qxxxxxxxxxxxxxxxxxxxxxxxxw       axxxxxxxxxxxxxx
xxxxxxx         xxxxxxxxxxxxw                                    xxxxxxxxxxxxxxxxxxxx       xxxxxxxxxxxxxxxxxxxxxxxxxxxxs        xxxxxxxxxs             qxxxxxxxxxxxxxxxxxxxxxxxxxxw       xxxxxxxxxxxxxx
xxxxxxx         xxxxxxxxxxxxxw                                   xxxxxxxxxxxxxxxxxxxx       xxxxxxxxxxxxxxxxxxxxxxxxxxxx         xxxxxxxxx              xxxxxxxxxxxxxxxxxxxxxxxxxxxxw      xxxxxxxxxxxxxx
xxxxxxx         xxxxxxxxxxxxxxw                                  xxxxxxxxxxxxxxxxxxxx       xxxxxxxxxxxxxxxxxxxxxxxxxxxx         xxxxxxxxx              xxxxxxxxxxxxxxxxxxxxxxxxxxxxx      axxxxxxxxxxxxx
xxxxxxx         xxxxxxxxxxxxxxxxxxxxxxxxxxxxxxw                  xxxxxxxxxxxxxxxxxxxxw      xxxxxxxxxxxxxxxxxxxxxxxxxxxs         xxxxxxxxx              xxxxxxxxxxxxxxxxxxxxxxxxxxxxx        axxxxxxxxxxx
xxxxxxx         axxxxxxxxxxxxxxxxxxxxxxxxxxxxxx                  xxxxxxxxxxxxxxxxxxxxx      xxxxxxxxxxxxxxxxxxxxxxxxxxx         qxxxxxxxxs             qxxxxxxxxxxxxxxxxxxxxxxxxxxxxx          axxxxxxxxx
xxxxxxx          xxxxxxxxxxxxxxxxxxxxxxxxxxxxxx                 qxxxxxxxxxxxxxxxxxxxxx      xxxxxxxxxxxxxxxxxxxxxxxxxxs        qxxxxxxxxs             qxxxxxxxxxxxxxxxxxxxxxxxxxxxxxx            xxxxxxxx
xxxxxx#          xxxxxxxxxxxxxxxxxxxxxxxxxxxxxx          qxxxxxxxxxxxxxxxxxxxxxxxxxxxx      xxxxxxxxxxxxxxxxxxxxxxxxxx        qxxxxxxxs              qxxxxxxxxxxxxxxxxxxxxxxxxxxxxxxx            xxxxxxxx
xxxxxxx          xxxxxxxxxxxxxxxxxxxxxxxxxxxxxxw        qxxxxxxxxxxxxxxxxxxxxxxxxxxxxs      xxxxxxxxxxxxxxxxxxxxxxxxxs       qxxxxxxxs               xxxxxxxxxxxxxxxxxxxxxxxxxxxxxxxx            xxxxxxxx
xxxxxxx          xxxxxxxxxxxxxxxxxxxxxxxxxxxxxxxw                                           xxxxxxxxxxxxxxxxxxxxxxxxx        xxxxxxxs                xxxxxxxxxxxxxxxxs             as            xxxxxxxx
xxxxxxx          xxxxxxxxxxxxxxxxxxxxxxxxxxxxxxxxw                                          axxxxxxxxxxxxxxxxxxxxxxxs       qxxxxxxs                 xxxxxxxxxxxxxxxs                            xxxxxxxx
xxxxxxx          axxxxxxxxxxxxxxxxxxxxxxxxxxxxxxxx                                                                          axxs                     xxxxxxxxxxxxxxx                             xxxxxxxx
xxxxxxx           axxxxxxxxxxxxxxxxxxxxxxxxxxxxxxs                                                                                                   xxxxxxxxxxxxxxxw                            xxxxxxxx
xxxxxxx                                                                                                                                              xxxxxxxxxxxxxxxx                            xxxxxxxx
xxxxxxx                                                 qxxxxxxxxxxxxxxxxxxxxxxxxxxxxxxw                                                             xxxxxxxxxxxxxxxxw                         qxxxxxxxxx
xxxxxxx                                                 xxxxxxxxxxxxxxxxxxxxxxxxxxxxxxxxw                                                           qxxxxxxxxxxxxxxxxx                         xxxxxxxxxx
xxxxxxx                                                 xxxxxxxxxxxxxxxxxxxxxxxxxxxxxxxxxxw                                                        qxxxxxxxxxxxxxxxxxxw                        xxxxxxxxxx
xxxxxxx                                                qxxxxxxxxxxxxxxxxxxxxxxxxxxxxxxxxxxxw                             qxxxxxxxxxxxw           qxxxxxxxxxxxxxxxxxxxxxw                      qxxxxxxxxxx
xxxxxxxw                                              qxxxxxxxxxxxxxxxxxxxxxxxxxxxxxxxxxxxxxw                            xxxxxxxxxxxxxxxxxxxxxxxxxxxxxxxxxxxxxxxxxxxxxxxxxxxxxxxxxxxxxxxxxxxxxxxxxxxxxxxx
xxxxxxxxxxxxxxxxxxxxxxxxxxxxxxxxxxxxxxxxxxxxxxxxxxxxxxxxxxxxxxxxxxxxxxxxxxxxxxxxxxxxxxxxxxxxxxxxxxxxxxxxxxxxxxxxxxxxxxxxxxxxxxxxxxxxxxxxxxxxxxxxxxxxxxxxxxxxxxxxxxxxxxxxxxxxxxxxxxxxxxxxxxxxxxxxxxxxxxxxx
EndOfMapdata
