# Map converted by mapmapper
# @(#)$Id: doggy.map,v 1.1 1994/02/23 14:40:12 jkh Exp $ Version 1.0
mapWidth:            49
mapHeight:           50
mapName:             DoggyStyle
mapAuthor:           Kjell Irgens
teamPlay:            no
timing:              no
mapData: \multiline: EndOfMapdata
xxxxxxxxxxxxxxxxxxxxxxxxxxxxxxxxxxxxxxxxxxxxxxxxx
x                                               x
x                                               x
x                                               x
x                                               x
x                                               x
x                                               x
x                                               x
x                                               x
x                                               x
x                                               x
x                                               x
x                                               x
x                                               x
x                                               x
x                                               x
x                                               x
x                                               x
x                                               x
x                                               x
x                                               x
x                                               x
x                                               x
x                                               x
x                                               x
x                                               x
x                                               x
x                                               x
x                                               x
x                                               x
x                                               x
x                                               x
x                                               x
x                                               x
x                                               x
x                                               x
x                                               x
x                                               x
x                                               x
x                                               x
x                                               x
x                                               x
x                                               x
x                                               x
x                                               x
x                                               x
x                                               x
x  r   r   r   r   r  r   r   r   r   r   r   r x
x _#_ _#_ _#_ _#_ _# _#_ _#_ _#_ _#_ _#_ _#_ _#_x
xxxxxxxxxxxxxxxxxxxxxxxxxxxxxxxxxxxxxxxxxxxxxxxxx
EndOfMapdata
