mapWidth: 300
mapHeight: 300
mapAuthor: Richard Oak
mapName: Fractal
mapData: \multiline: foo
xxxxxxxxxxxxxxxxxxxxxxxxxxxxxxxxxxxxxxxxxxxxxxxxxxxxxxxxxxxxxxxxxxxxxxxxxxxxxxxxxxxxxxxxxxxxxxxxxxxxxxxxxxxxxxxxxxxxxxxxxxxxxxxxxxxxxxxxxxxxxxxxxxxxxxxxxxxxxxxxxxxxxxxxxxxxxxxxxxxxxxxxxxxxxxxxxxxxxxxxxxxxxxxxxxxxxxxxxxxxxxxxxxxxxxxxxxxxxxxxxxxxxxxxxxxxxxxxxxxxxxxxxxxxxxxxxxxxxxxxxxxxxxxxxxxxxxxxxxxx
xxxxxxxxxxxxxxxxxxxxxxxxxxxxxxxxxxxxxxxxxxxxxxxxxxxxxxxxxxxxxxxxxxxxxxxxxxxxxxxxxxxxxxxxxxxxxxxxxxxxxxxxxxxxxxxxxxxxxxxxxxxxxxxxx     xxxxxxxxs   xxx   xxxw  axxxxxxxx     xxxxxxxxxxxxxxxxxxxxxxxxxxxxxxxxxxxxxxxxxxxxxxxxxxxxxxxxxxxxxxxxxxxxxxxxxxxxxxxxxxxxxxxxxxxxxxxxxxxxxxxxxxxxxxxxxxxxxxxxxxxxxxxx
xxxxxxxxxxxxxxxxxxxxxxxxxxxxxxxxxxxxxxxxxxxxxxxxxxxxxxxxxxxxxxxxxxxxxxxxxxxxxxxxxxxxxxxxxxxxxxxxxxxxxxxxxxxxxxxxxs       xxxxxxxxxxxxxxxs      qxxxx xxx xxxxw      axxxxxxxxxxxxxxxw      axxxxxxxxxxxxxxxxxxxxxxxxxxxxxxxxxxxxxxxxxxxxxxxxxxxxxxxxxxxxxxxxxxxxxxxxxxxxxxxxxxxxxxxxxxxxxxxxxxxxxxxxxxxxxxxx
xxxxxxxxxxxxxxxxxxxxxxxxxxxxxxxxxxxxxxxxxxxxxxxxxxxxxxxxxxxxxxxxxxxxxxxxxxxxxxxxxxxxxxxxxxxxxxxxxxxxxxxxxxxs        qxxxxxxxxxxxxxxxxs        qxxxxx x x xxxxxw        axxxxxxxxxxxxxxxxw        axxxxxxxxxxxxxxxxxxxxxxxxxxxxxxxxxxxxxxxxxxxxxxxxxxxxxxxxxxxxxxxxxxxxxxxxxxxxxxxxxxxxxxxxxxxxxxxxxxxxxxxxxx
xxxxxxxxxxxxxxxxxxxxxxxxxxxxxxxxxxxxxxxxxxxxxxxxxxxxxxxxxxxxxxxxxxxxxxxxxxxxxxxxxxxxxxxxxxxxxxxxxxxxxxs         qxxxxxxxxxxxxxxxxxxs          xxxxxxxxxxxxxxxxx          axxxxxxxxxxxxxxxxxxw         axxxxxxxxxxxxxxxxxxxxxxxxxxxxxxxxxxxxxxxxxxxxxxxxxxxxxxxxxxxxxxxxxxxxxxxxxxxxxxxxxxxxxxxxxxxxxxxxxxxxx
xxxxxxxxxxxxxxxxxxxxxxxxxxxxxxxxxxxxxxxxxxxxxxxxxxxxxxxxxxxxxxxxxxxxxxxxxxxxxxxxxxxxxxxxxxxxxxxxxs          qxxxxxxxxxxxxxxxxxxxxxs          qxxxxxxx x xxxxxxxw          axxxxxxxxxxxxxxxxxxxxxw          axxxxxxxxxxxxxxxxxxxxxxxxxxxxxxxxxxxxxxxxxxxxxxxxxxxxxxxxxxxxxxxxxxxxxxxxxxxxxxxxxxxxxxxxxxxxxxxx
xxxxxxxxxxxxxxxxxxxxxxxxxxxxxxxxxxxxxxxxxxxxxxxxxxxxxxxxxxxxxxxxxxxxxxxxxxxxxxxxxxxxxxxxxxxxxs           qxxxxxxxxxxxxxxxxxxxxxxs            xxxxxxxx   xxxxxxxx            axxxxxxxxxxxxxxxxxxxxxxw           axxxxxxxxxxxxxxxxxxxxxxxxxxxxxxxxxxxxxxxxxxxxxxxxxxxxxxxxxxxxxxxxxxxxxxxxxxxxxxxxxxxxxxxxxxxx
xxxxxxxxxxxxxxxxxxxxxxxxxxxxxxxxxxxxxxxxxxxxxxxxxxxxxxxxxxxxxxxxxxxxxxxxxxxxxxxxxxxxxxxxxs            qxxxxxxxxxxxxxxxxxxxxxxxxs             xxxxxxxx x xxxxxxxx             axxxxxxxxxxxxxxxxxxxxxxxxw            axxxxxxxxxxxxxxxxxxxxxxxxxxxxxxxxxxxxxxxxxxxxxxxxxxxxxxxxxxxxxxxxxxxxxxxxxxxxxxxxxxxxxxxx
xxxxxxxxxxxxxxxxxxxxxxxxxxxxxxxxxxxxxxxxxxxxxxxxxxxxxxxxxxxxxxxxxxxxxxxxxxxxxxxxxxxxxs             qxxxxxxxxxxxxxxxxxxxxxxxxxs               xxxxxxxx x xxxxxxxx               axxxxxxxxxxxxxxxxxxxxxxxxxw             axxxxxxxxxxxxxxxxxxxxxxxxxxxxxxxxxxxxxxxxxxxxxxxxxxxxxxxxxxxxxxxxxxxxxxxxxxxxxxxxxxxx
xxxxxxxxxxxxxxxxxxxxxxxxxxxxxxxxxxxxxxxxxxxxxxxxxxxxxxxxxxxxxxxxxxxxxxxxxxxxxxxxxxs              qxxxxxxxxxxxxxxxxxxxxxxxxxxs               qxxxxxx x x x xxxxxxw               axxxxxxxxxxxxxxxxxxxxxxxxxxw              axxxxxxxxxxxxxxxxxxxxxxxxxxxxxxxxxxxxxxxxxxxxxxxxxxxxxxxxxxxxxxxxxxxxxxxxxxxxxxxxx
xxxxxxxxxxxxxxxxxxxxxxxxxxxxxxxxxxxxxxxxxxxxxxxxxxxxxxxxxxxxxxxxxxxxxxxxxxxxxxxs              qxxxxxxxxxxxxxxxxxxxxxxxxxxxxs                xxxxxxs xx xx axxxxxx                axxxxxxxxxxxxxxxxxxxxxxxxxxxxw              axxxxxxxxxxxxxxxxxxxxxxxxxxxxxxxxxxxxxxxxxxxxxxxxxxxxxxxxxxxxxxxxxxxxxxxxxxxxxx
xxxxxxxxxxxxxxxxxxxxxxxxxxxxxxxxxxxxxxxxxxxxxxxxxxxxxxxxxxxxxxxxxxxxxxxxxxxxs               qxxxxxxxxxxxxxxxxxxxxxxxxxxxxxs                 xxxxxs  xx xx  axxxxx                 axxxxxxxxxxxxxxxxxxxxxxxxxxxxxw               axxxxxxxxxxxxxxxxxxxxxxxxxxxxxxxxxxxxxxxxxxxxxxxxxxxxxxxxxxxxxxxxxxxxxxxxxxx
xxxxxxxxxxxxxxxxxxxxxxxxxxxxxxxxxxxxxxxxxxxxxxxxxxxxxxxxxxxxxxxxxxxxxxxxxs                qxxxxxxxxxxxxxxxxxxxxxxxxxxxxxxs                  xxxxx   x   x   xxxxx                  axxxxxxxxxxxxxxxxxxxxxxxxxxxxxxw                axxxxxxxxxxxxxxxxxxxxxxxxxxxxxxxxxxxxxxxxxxxxxxxxxxxxxxxxxxxxxxxxxxxxxxxx
xxxxxxxxxxxxxxxxxxxxxxxxxxxxxxxxxxxxxxxxxxxxxxxxxxxxxxxxxxxxxxxxxxxxxxs                qxxxxxxxxxxxxxxxxxxxxxxxxxxxxxxxxs                   xxxxs   x   x   axxxx_                  axxxxxxxxxxxxxxxxxxxxxxxxxxxxxxxxw                axxxxxxxxxxxxxxxxxxxxxxxxxxxxxxxxxxxxxxxxxxxxxxxxxxxxxxxxxxxxxxxxxxxxx
xxxxxxxxxxxxxxxxxxxxxxxxxxxxxxxxxxxxxxxxxxxxxxxxxxxxxxxxxxxxxxxxxxxs                 qxxxxxxxxxxxxxxxxxxxxxxxxxxxxxxxxxs                    xxxx    ax xs    xxxx                    axxxxxxxxxxxxxxxxxxxxxxxxxxxxxxxxxw                 axxxxxxxxxxxxxxxxxxxxxxxxxxxxxxxxxxxxxxxxxxxxxxxxxxxxxxxxxxxxxxxxxx
xxxxxxxxxxxxxxxxxxxxxxxxxxxxxxxxxxxxxxxxxxxxxxxxxxxxxxxxxxxxxxxxs                  qxxxxxxxxxxxxxxxxxxxxxxxxxxxxxxxxxxs                     xxxs     x x     axxx                     axxxxxxxxxxxxxxxxxxxxxxxxxxxxxxxxxxw                  axxxxxxxxxxxxxxxxxxxxxxxxxxxxxxxxxxxxxxxxxxxxxxxxxxxxxxxxxxxxxxx
xxxxxxxxxxxxxxxxxxxxxxxxxxxxxxxxxxxxxxxxxxxxxxxxxxxxxxxxxxxxxs                   qxxxxxxxxxxxxxxxxxxxxxxxxxxxxxxxxxxxs                      axx       x       xxs                      axxxxxxxxxxxxxxxxxxxxxxxxxxxxxxxxxxxw                   axxxxxxxxxxxxxxxxxxxxxxxxxxxxxxxxxxxxxxxxxxxxxxxxxxxxxxxxxxxx
xxxxxxxxxxxxxxxxxxxxxxxxxxxxxxxxxxxxxxxxxxxxxxxxxxxxxxxxxxs                    qxxxxxxxxxxxxxxxxxxxxxxxxxxxxxxxxxxxxx_                       xx    qxx xxw    xx                        #xxxxxxxxxxxxxxxxxxxxxxxxxxxxxxxxxxxxw                   axxxxxxxxxxxxxxxxxxxxxxxxxxxxxxxxxxxxxxxxxxxxxxxxxxxxxxxxxx
xxxxxxxxxxxxxxxxxxxxxxxxxxxxxxxxxxxxxxxxxxxxxxxxxxxxxxxxs                     qxxxxxxxxxxxxxxxxxxxxxxxxxxxxxxxxxxxxxs                        xx   qx xxx xw   xx                        axxxxxxxxxxxxxxxxxxxxxxxxxxxxxxxxxxxxxw                    axxxxxxxxxxxxxxxxxxxxxxxxxxxxxxxxxxxxxxxxxxxxxxxxxxxxxxxx
xxxxxxxxxxxxxxxxxxxxxxxxxxxxxxxxxxxxxxxxxxxxxxxxxxxxxxs                     qxxxxxxxxxxxxxxxxxxxxxxxxxxxxxxxxxxxxxxs                         xx   xx     xx   xx                          xxxxxxxxxxxxxxxxxxxxxxxxxxxxxxxxxxxxxxw                    axxxxxxxxxxxxxxxxxxxxxxxxxxxxxxxxxxxxxxxxxxxxxxxxxxxxxx
xxxxxxxxxxxxxxxxxxxxxxxxxxxxxxxxxxxxxxxxxxxxxxxxxxxs                      qxxxxxxxxxxxxxxxxxxxxxxxxxxxxxxxxxxxxxxxx                          xx  qxx x x xxw  xx                          xxxxxxxxxxxxxxxxxxxxxxxxxxxxxxxxxxxxxxxxw                     axxxxxxxxxxxxxxxxxxxxxxxxxxxxxxxxxxxxxxxxxxxxxxxxxxx
xxxxxxxxxxxxxxxxxxxxxxxxxxxxxxxxxxxxxxxxxxxxxxxxxs                       qxxxxxxxxxxxxxxxxxxxxxxxxxxxxxxxxxxxxxxxxs                          xx qxxx x x xxxw xx                          axxxxxxxxxxxxxxxxxxxxxxxxxxxxxxxxxxxxxxxxw                      axxxxxxxxxxxxxxxxxxxxxxxxxxxxxxxxxxxxxxxxxxxxxxxxx
xxxxxxxxxxxxxxxxxxxxxxxxxxxxxxxxxxxxxxxxxxxxxxxs                       qxxxxxxxxxxxxxxxxxxxxxxxxxxxxxxxxxxxxxxxxxs                           xx xxxx x x xxxx xx                           axxxxxxxxxxxxxxxxxxxxxxxxxxxxxxxxxxxxxxxxxw                      axxxxxxxxxxxxxxxxxxxxxxxxxxxxxxxxxxxxxxxxxxxxxxx
xxxxxxxxxxxxxxxxxxxxxxxxxxxxxxxxxxxxxxxxxxxxxs                       qxxxxxxxxxxxxxxxxxxxxxxxxxxxxxxxxxxxxxxxxxxx               @            xx xxxxx x xxxxx xx          @                 xxxxxxxxxxxxxxxxxxxxxxxxxxxxxxxxxxxxxxxxxxxw                      axxxxxxxxxxxxxxxxxxxxxxxxxxxxxxxxxxxxxxxxxxxxx
xxxxxxxxxxxxxxxxxxxxxxxxxxxxxxxxxxxxxxxxxxxs                        qxxxxxxxxxxxxxxxxxxxxxxxxxxxxxxxxxxxxxxxxxxxs                            x xxxxx  x  xxxxx x                            axxxxxxxxxxxxxxxxxxxxxxxxxxxxxxxxxxxxxxxxxxxw                       axxxxxxxxxxxxxxxxxxxxxxxxxxxxxxxxxxxxxxxxxxx
xxxxxxxxxxxxxxxxxxxxxxxxxxxxxxxxxxxxxxxxxs                        qxxxxxxxxxxxxxxxxxxxxxxxxxxxxxxxxxxxxxxxxxxxxx                             x x     xxx     x x                             xxxxxxxxxxxxxxxxxxxxxxxxxxxxxxxxxxxxxxxxxxxxxw                       axxxxxxxxxxxxxxxxxxxxxxxxxxxxxxxxxxxxxxxxx
xxxxxxxxxxxxxxxxxxxxxxxxxxxxxxxxxxxxxxxs                         qxxxxxxxxxxxxxxxxxxxxxxxxxxxxxxxxxxxxxxxxxxxxxs                             x  xx  xx xx  xx  x                             axxxxxxxxxxxxxxxxxxxxxxxxxxxxxxxxxxxxxxxxxxxxxw                        axxxxxxxxxxxxxxxxxxxxxxxxxxxxxxxxxxxxxxx
xxxxxxxxxxxxxxxxxxxxxxxxxxxxxxxxxxxxxs                          qxxxxxxxxxxxxxxxxxxxxxxxxxxxxxxxxxxxxxxxxxxxxxs                             qx x  xx     xx  x xw                             axxxxxxxxxxxxxxxxxxxxxxxxxxxxxxxxxxxxxxxxxxxxxw                         axxxxxxxxxxxxxxxxxxxxxxxxxxxxxxxxxxxxx
xxxxxxxxxxxxxxxxxxxxxxxxxxxxxxxxxxxs                          qxxxxxxxxxxxxxxxxxxxxxxxxxxxxxxxxxxxxxxxxxxxxxxx                              xxx xxxxx   xxxxx xxx                              xxxxxxxxxxxxxxxxxxxxxxxxxxxxxxxxxxxxxxxxxxxxxxxw                         axxxxxxxxxxxxxxxxxxxxxxxxxxxxxxxxxxx
xxxxxxxxxxxxxxxxxxxxxxxxxxxxxxxxxs                          qxxxxxxxxxxxxxxxxxxxxxxxxxxxxxxxxxxxxxxxxxxxxxxxxs                             qx xx x xx   xx x xx xw                             axxxxxxxxxxxxxxxxxxxxxxxxxxxxxxxxxxxxxxxxxxxxxxxw                          axxxxxxxxxxxxxxxxxxxxxxxxxxxxxxxxx
xxxxxxxxxxxxxxxxxxxxxxxxxxxxxxxxs                          qxxxxxxxxxxxxxxxxxxxxxxxxxxxxxxxxxxxxxxxxxxxxxxxxx                             qxx xxxx         xxxx xxw                             xxxxxxxxxxxxxxxxxxxxxxxxxxxxxxxxxxxxxxxxxxxxxxxxw                          axxxxxxxxxxxxxxxxxxxxxxxxxxxxxxxx
xxxxxxxxxxxxxxxxxxxxxxxxxxxxxxs                          qxxxxxxxxxxxxxxxxxxxxxxxxxxxxxxxxxxxxxxxxxxxxxxxxxxx                            qxxs xxxxxx xxx xxxxxx axxw                            xxxxxxxxxxxxxxxxxxxxxxxxxxxxxxxxxxxxxxxxxxxxxxxxxxw                          axxxxxxxxxxxxxxxxxxxxxxxxxxxxxx
xxxxxxxxxxxxxxxxxxxxxxxxxxxxs                           qxxxxxxxxxxxxxxxxxxxxxxxxxxxxxxxxxxxxxxxxxxxxxxxxxxxs                            xxx  xxxxxx xxx xxxxxx  xxx                            axxxxxxxxxxxxxxxxxxxxxxxxxxxxxxxxxxxxxxxxxxxxxxxxxxw                           axxxxxxxxxxxxxxxxxxxxxxxxxxxx
xxxxxxxxxxxxxxxxxxxxxxxxxxs                            qxxxxxxxxxxxxxxxxxxxxxxxxxxxxxxxxxxxxxxxxxxxxxxxxxxxx                            qxxs  xxxxx x x x xxxxx  axxw                            xxxxxxxxxxxxxxxxxxxxxxxxxxxxxxxxxxxxxxxxxxxxxxxxxxxw                            axxxxxxxxxxxxxxxxxxxxxxxxxx
xxxxxxxxxxxxxxxxxxxxxxxxxs                            qxxxxxxxxxxxxxxxxxxxxxxxxxxxxxxxxxxxxxxxxxxxxxxxxxxxxs                           qxxx   axxxx xx xx xxxxs   xxxw                           axxxxxxxxxxxxxxxxxxxxxxxxxxxxxxxxxxxxxxxxxxxxxxxxxxxw                            axxxxxxxxxxxxxxxxxxxxxxxxx
xxxxxxxxxxxxxxxxxxxxxxxs                            qxxxxxxxxxxxxxxxxxxxxxxxxxxxxxxxxxxxxxxxxxxxxxxxxxxxxxx                           qxxxs    xxx  x x x  xxx    axxxw                           xxxxxxxxxxxxxxxxxxxxxxxxxxxxxxxxxxxxxxxxxxxxxxxxxxxxxw                            axxxxxxxxxxxxxxxxxxxxxxx
xxxxxxxxxxxxxxxxxxxxxs                             qxxxxxxxxxxxxxxxxxxxxxxxxxxxxxxxxxxxxxxxxxxxxxxxxxxxxxxs                          qxxxx     xxx  x x x  xxx     xxxxw                          axxxxxxxxxxxxxxxxxxxxxxxxxxxxxxxxxxxxxxxxxxxxxxxxxxxxxw                             axxxxxxxxxxxxxxxxxxxxx
xxxxxxxxxxxxxxxxxxxxs                             qxxxxxxxxxxxxxxxxxxxxxxxxxxxxxxxxxxxxxxxxxxxxxxxxxxxxxxx                          qxxxxs     axx         xxs     axxxxw                          xxxxxxxxxxxxxxxxxxxxxxxxxxxxxxxxxxxxxxxxxxxxxxxxxxxxxxw                             axxxxxxxxxxxxxxxxxxxx
xxxxxxxxxxxxxxxxxxs                              qxxxxxxxxxxxxxxxxxxxxxxxxxxxxxxxxxxxxxxxxxxxxxxxxxxxxxxxx                         qxxxxx       xx   x x   xx       xxxxxwr                        xxxxxxxxxxxxxxxxxxxxxxxxxxxxxxxxxxxxxxxxxxxxxxxxxxxxxxxw                              axxxxxxxxxxxxxxxxxx
xxxxxxxxxxxxxxxxxs                              qxxxxxxxxxxxxxxxxxxxxxxxxxxxxxxxxxxxxxxxxxxxxxxxxxxxxxxxxs                       qxxxxxxs       xx  xx xx  xx       axxxxxxw                       axxxxxxxxxxxxxxxxxxxxxxxxxxxxxxxxxxxxxxxxxxxxxxxxxxxxxxxw        @                     axxxxxxxxxxxxxxxxx
xxxxxxxxxxxxxxxs                               qxxxxxxxxxxxxxxxxxxxxxxxxxxxxxxxxxxxxxxxxxxxxxxxxxxxxxxxxx                       qxxxxxxx        xx  x x x  xx        xxxxxxxw                       xxxxxxxxxxxxxxxxxxxxxxxxxxxxxxxxxxxxxxxxxxxxxxxxxxxxxxxxw                               axxxxxxxxxxxxxxx
xxxxxxxxxxxxxxs                               qxxxxxxxxxxxxxxxxxxxxxxxxxxxxxxxxxxxxxxxxxxxxxxxxxxxxxxxxxx                      qxxxxxxxx        ax x x x x xs        xxxxxxxxw                      xxxxxxxxxxxxxxxxxxxxxxxxxxxxxxxxxxxxxxxxxxxxxxxxxxxxxxxxxw                               axxxxxxxxxxxxxx
xxxxxxxxxxxxs              @                 qxxxxxxxxxxxxxxxxxxxxxxxxxxxxxxxxxxxxxxxxxxxxxxxxxxxxxxxxxxs                     qxxxxxxxxs         xxx x x xxx         axxxxxxxxw                     axxxxxxxxxxxxxxxxxxxxxxxxxxxxxxxxxxxxxxxxxxxxxxxxxxxxxxxxxw                                axxxxxxxxxxxx
xxxxxxxxxxxs                                qxxxxxxxxxxxxxxxxxxxxxxxxxxxxxxxxxxxxxxxxxxxxxxxxxxxxxxxxxxx                     qxxxxxxxxx          x  x   x  x          xxxxxxxxxw                     xxxxxxxxxxxxxxxxxxxxxxxxxxxxxxxxxxxxxxxxxxxxxxxxxxxxxxxxxxw                                axxxxxxxxxxx
xxxxxxxxxxs                                qxxxxxxxxxxxxxxxxxxxxxxxxxxxxxxxxxxxxxxxxxxxxxxxxxxxxxxxxxxxx                    qxxxxxxxxxx             x   x             xxxxxxxxxxw                    xxxxxxxxxxxxxxxxxxxxxxxxxxxxxxxxxxxxxxxxxxxxxxxxxxxxxxxxxxxw                                axxxxxxxxxx
xxxxxxxxs                                 qxxxxxxxxxxxxxxxxxxxxxxxxxxxxxxxxxxxxxxxxxxxxxxxxxxxxxxxxxxxxs                   qxxxxxxxxxxx         x xxx x xxx x         xxxxxxxxxxxw                   axxxxxxxxxxxxxxxxxxxxxxxxxxxxxxxxxxxxxxxxxxxxxxxxxxxxxxxxxxxw                                 axxxxxxxx
xxxxxxxs                                 qxxxxxxxxxxxxxxxxxxxxxxxxxxxxxxxxxxxxxxxxxxxxxxxxxxxxxxxxxxxxx                   qxxxxxxxxxxxs        qx xx  x  xx xw        axxxxxxxxxxxw                   xxxxxxxxxxxxxxxxxxxxxxxxxxxxxxxxxxxxxxxxxxxxxxxxxxxxxxxxxxxxw                                 axxxxxxx
xxxxxxs                                 qxxxxxxxxxxxxxxxxxxxxxxxxxxxxxxxxxxxxxxxxxxxxxxxxxxxxxxxxxxxxxx                  qxxxxxxxxxxxx         xx  x x x x  xx         xxxxxxxxxxxxw                  xxxxxxxxxxxxxxxxxxxxxxxxxxxxxxxxxxxxxxxxxxxxxxxxxxxxxxxxxxxxxw                                 axxxxxx
xxxxs                                  qxxxxxxxxxxxxxxxxxxxxxxxxxxxxxxxxxxxxxxxxxxxxxxxxxxxxxxxxxxxxxxs                 qxxxxxxxxxxxxx        qxx  x xxx x  xxw        xxxxxxxxxxxxxw                 axxxxxxxxxxxxxxxxxxxxxxxxxxxxxxxxxxxxxxxxxxxxxxxxxxxxxxxxxxxxxw                                  axxxx
xxxs                                  qxxxxxxxxxxxxxxxxxxxxxxxxxxxxxxxxxxxxxxxxxxxxxxxxxxxxxxxxxxxxxxx                 qxxxxxxxxxxxxxx       qxxs            xxw       xxxxxxxxxxxxxxw                 xxxxxxxxxxxxxxxxxxxxxxxxxxxxxxxxxxxxxxxxxxxxxxxxxxxxxxxxxxxxxxw                                  axxx
xxs                                  qxxxxxxxxxxxxxxxxxxxxxxxxxxxxxxxxxxxxxxxxxxxxxxxxxxxxxxxxxxxxxxxx                qxxxxxxxxxxxxxxx       xxx             xxx       xxxxxxxxxxxxxxxw                xxxxxxxxxxxxxxxxxxxxxxxxxxxxxxxxxxxxxxxxxxxxxxxxxxxxxxxxxxxxxxxw                                  axx
xs                                  qxxxxxxxxxxxxxxxxxxxxxxxxxxxxxxxxxxxxxxxxxxxxxxxxxxxxxxxxxxxxxxxxs               qxxxxxxxxxxxxxxxs      qxxx      x      xxxw      axxxxxxxxxxxxxxxw               axxxxxxxxxxxxxxxxxxxxxxxxxxxxxxxxxxxxxxxxxxxxxxxxxxxxxxxxxxxxxxxw                                  ax
x                                  qxxxxxxxxxxxxxxxxxxxxxxxxxxxxxxxxxxxxxxxxxxxxxxxxxxxxxxxxxxxxxxxxx               qxxxxxxxxxxxxxxxx      qxxxx   x x x x   xxxxw      xxxxxxxxxxxxxxxxw               xxxxxxxxxxxxxxxxxxxxxxxxxxxxxxxxxxxxxxxxxxxxxxxxxxxxxxxxxxxxxxxxw                                  x
x                                 qxxxxxxxxxxxxxxxxxxxxxxxxxxxxxxxxxxxxxxxxxxxxxxxxxxxxxxxxxxxxxxxxxx              qxxxxxxxxxxxxxxxxx      xxxxx   x x x x   xxxxx      xxxxxxxxxxxxxxxxxw              xxxxxxxxxxxxxxxxxxxxxxxxxxxxxxxxxxxxxxxxxxxxxxxxxxxxxxxxxxxxxxxxxw                                 x
x                                 xxxxxxxxxxxxxxxxxxxxxxxxxxxxxxxxxxxxxxxxxxxxxxxxxxxxxxxxxxxxxxxxxxs             qxxxxxxxxxxxxxxxxxx     qxxxxx  xx x x xx  xxxxxw     xxxxxxxxxxxxxxxxxxw             axxxxxxxxxxxxxxxxxxxxxxxxxxxxxxxxxxxxxxxxxxxxxxxxxxxxxxxxxxxxxxxxx_                                x
x                                qxxxxxxxxxxxxxxxxxxxxxxxxxxxxxxxxxxxxxxxxxxxxxxxxxxxxxxxxxxxxxxxxxx             qxxxxxxxxxxxxxxxxxxx    qxxxxxx  xx xxx xx  xxxxxxw    xxxxxxxxxxxxxxxxxxxw             xxxxxxxxxxxxxxxxxxxxxxxxxxxxxxxxxxxxxxxxxxxxxxxxxxxxxxxxxxxxxxxxxw                                x
x                               qxxxxxxxxxxxxxxxxxxxxxxxxxxxxxxxxxxxxxxxxxxxxxxxxxxxxxxxxxxxxxxxxxxx            qxxxxxxxxxxxxxxxxxxxx    xxxxxxx  xx  x  xx  xxxxxxx    xxxxxxxxxxxxxxxxxxxxw            xxxxxxxxxxxxxxxxxxxxxxxxxxxxxxxxxxxxxxxxxxxxxxxxxxxxxxxxxxxxxxxxxxw                               x
x                              qxxxxxxxxxxxxxxxxxxxxxxxxxxxxxxxxxxxxxxxxxxxxxxxxxxxxxxxxxxxxxxxxxxxs            xxxxxxxxxxxxxxxxxxxxs   qxxxxxxx xxxxxxxxxxx xxxxxxxw   axxxxxxxxxxxxxxxxxxxx            axxxxxxxxxxxxxxxxxxxxxxxxxxxxxxxxxxxxxxxxxxxxxxxxxxxxxxxxxxxxxxxxxxw                              x
x                             qxxxxxxxxxxxxxxxxxxxxxxxxxxxxxxxxxxxxxxxxxxxxxxxxxxxxxxxxxxxxxxxxxxxx            qxxxxxxxxxxxxxxxxxxxx   qxxxxxxxx x  xxxxx  x xxxxxxxxw   xxxxxxxxxxxxxxxxxxxxw            xxxxxxxxxxxxxxxxxxxxxxxxxxxxxxxxxxxxxxxxxxxxxxxxxxxxxxxxxxxxxxxxxxxw                             x
x                             xxxxxxxxxxxxxxxxxxxxxxxxxxxxxxxxxxxxxxxxxxxxxxxxxxxxxxxxxxxxxxxxxxxxx           qxxxxxxxxxxxxxxxxxxxxx   xxxxxxxxx   xx x xx   xxxxxxxxx   xxxxxxxxxxxxxxxxxxxxxw           xxxxxxxxxxxxxxxxxxxxxxxxxxxxxxxxxxxxxxxxxxxxxxxxxxxxxxxxxxxxxxxxxxxx                             x
#                            qxxxxxxxxxxxxxxxxxxxxxxxxxxxxxxxxxxxxxxxxxxxxxxxxxxxxxxxxxxxxxxxxxxxxs          qxxxxxxxxxxxxxxxxxxxxxx  qxxxxxxxx x x xx xx x x xxxxxxxxw  xxxxxxxxxxxxxxxxxxxxxxw          axxxxxxxxxxxxxxxxxxxxxxxxxxxxxxxxxxxxxxxxxxxxxxxxxxxxxxxxxxxxxxxxxxxw                            #
x                           qxxxxxxxxxxxxxxxxxxxxxxxxxxxxxxxxxxxxxxxxxxxxxxxxxxxxxxxxxxxxxxxxxxxxx          qxxxxxxxxxxxxxxxxxxxxxxs  xxxxxxxxs  x x x x x x  axxxxxxxx  axxxxxxxxxxxxxxxxxxxxxxw          #xxxxxxxxxxxxxxxxxxxxxxxxxxxxxxxxxxxxxxxxxxxxxxxxxxxxxxxxxxxxxxxxxxxw                           x
x                          qxxxxxxxxxxxxxxxxxxxxxxxxxxxxxxxxxxxxxxxxxxxxxxxxxxxxxxxxxxxxxxxxxxxxxx          xxxxxxxxxxxxxxxxxxxxxxx  qxxxxxxxsqx    xx xx    x axxxxxxxw  xxxxxxxxxxxxxxxxxxxxxxx          #xxxxxxxxxxxxxxxxxxxxxxxxxxxxxxxxxxxxxxxxxxxxxxxxxxxxxxxxxxxxxxxxxxxxw                          x
x                          xxxxxxxxxxxxxxxxxxxxxxxxxxxxxxxxxxxxxxxxxxxxxxxxxxxxxxxxxxxxxxxxxxxxxxs         qxxxxxxxxxxxxxxxxxxxxxxs qxxxxxxs qxx  x xxxxx x  xxw axxxxxxw axxxxxxxxxxxxxxxxxxxxxxw         axxxxxxxxxxxxxxxxxxxxxxxxxxxxxxxxxxxxxxxxxxxxxxxxxxxxxxxxxxxxxxxxxxxxx                          x
x                         qxxxxxxxxxxxxxxxxxxxxxxxxxxxxxxxxxxxxxxxxxxxxxxxxxxxxxxxxxxxxxxxxxxxxxx         qxxxxxxxxxxxxxxxxxxxxxxx  xxxxs   qxxx  x       x  xxxw   axxxx  xxxxxxxxxxxxxxxxxxxxxxxw         xxxxxxxxxxxxxxxxxxxxxxxxxxxxxxxxxxxxxxxxxxxxxxxxxxxxxxxxxxxxxxxxxxxxxw                         x
x                        qxxxxxxxxxxxxxxxxxxxxxxxxxxxxxxxxxxxxxxxxxxxxxxxxxxxxxxxxxxxxxxxxxxxxxxx        qxxxxxxxxxxxxxxxxxxxxxxxs qxxs    qxxxx xx xxxxx xx xxxxw    axxw axxxxxxxxxxxxxxxxxxxxxxxw        xxxxxxxxxxxxxxxxxxxxxxxxxxxxxxxxxxxxxxxxxxxxxxxxxxxxxxxxxxxxxxxxxxxxxxw                        x
x                       qxxxxxxxxxxxxxxxxxxxxxxxxxxxxxxxxxxxxxxxxxxxxxxxxxxxxxxxxxxxxxxxxxxxxxxxs        xxxxxxxxxxxxxxxxxxxxxxxs qx      qxxxxx xxx xxx xxx xxxxxw     axw axxxxxxxxxxxxxxxxxxxxxxx        axxxxxxxxxxxxxxxxxxxxxxxxxxxxxxxxxxxxxxxxxxxxxxxxxxxxxxxxxxxxxxxxxxxxxxw                       x
x                       xxxxxxxxxxxxxxxxxxxxxxxxxxxxxxxxxxxxxxxxxxxxxxxxxxxxxxxxxxxxxxxxxxxxxxxx        qxxxxxxxxxxxxxxxxxxxxxxs qx x    xxxxxxxx  xxxxxxx  xxxxxxxx    x xw axxxxxxxxxxxxxxxxxxxxxxw        xxxxxxxxxxxxxxxxxxxxxxxxxxxxxxxxxxxxxxxxxxxxxxxxxxxxxxxxxxxxxxxxxxxxxxx                       x
x                      qxxxxxxxxxxxxxxxxxxxxxxxxxxxxxxxxxxxxxxxxxxxxxxxxxxxxxxxxxxxxxxxxxxxxxxxs       qxxxxxxxxxxxxxxxxxxxxxxs  x xx   qxxxxx x xxx xxx xxx x xxxxxw   xx x  axxxxxxxxxxxxxxxxxxxxxxw       axxxxxxxxxxxxxxxxxxxxxxxxxxxxxxxxxxxxxxxxxxxxxxxxxxxxxxxxxxxxxxxxxxxxxxw                      x
x                     qxxxxxxxxxxxxxxxxxxxxxxxxxxxxxxxxxxxxxxxxxxxxxxxxxxxxxxxxxxxxxxxxxxxxxxxx        xxxxxxxxxxxxxxxxxxxxxxs  qx   x xx     x x xxx   xxx x x     xx x   xw  axxxxxxxxxxxxxxxxxxxxxx        xxxxxxxxxxxxxxxxxxxxxxxxxxxxxxxxxxxxxxxxxxxxxxxxxxxxxxxxxxxxxxxxxxxxxxxw                     x
x                     xxxxxxxxxxxxxxxxxxxxxxxxxxxxxxxxxxxxxxxxxxxxxxxxxxxxxxxxxxxxxxxxxxxxxxxxx       qxxxxxxxxxxxxxxxxxxxxxs  qx  x  x x xxxxx   x  x+x  x   xxxxx x x  x  xw  axxxxxxxxxxxxxxxxxxxxxw       xxxxxxxxxxxxxxxxxxxxxxxxxxxxxxxxxxxxxxxxxxxxxxxxxxxxxxxxxxxxxxxxxxxxxxxx                     x
x                    qxxxxxxxxxxxxxxxxxxxxxxxxxxxxxxxxxxxxxxxxxxxxxxxxxxxxxxxxxxxxxxxxxxxxxxxxs      qxxxxxxxxxxxxxxxxxxxxs   qxx   x x     xx x x x x@x x x x xx     x x   xxw   axxxxxxxxxxxxxxxxxxxxw      axxxxxxxxxxxxxxxxxxxxxxxxxxxxxxxxxxxxxxxxxxxxxxxxxxxxxxxxxxxxxxxxxxxxxxxw                    x
x                   qxxxxxxxxxxxxxxxxxxxxxxxxxxxxxxxxxxxxxxxxxxxxxxxxxxxxxxxxxxxxxxxxxxxxxxxxx       xxxxxxxxxxxxxxxxxxxs    qxxx   x xxx  xxxxxx x x   x x xxxxxx  xxx x   xxxw    axxxxxxxxxxxxxxxxxxx       xxxxxxxxxxxxxxxxxxxxxxxxxxxxxxxxxxxxxxxxxxxxxxxxxxxxxxxxxxxxxxxxxxxxxxxxw                   x
x                   xxxxxxxxxxxxxxxxxxxxxxxxxxxxxxxxxxxxxxxxxxxxxxxxxxxxxxxxxxxxxxxxxxxxxxxxxs      qxxxxxxxxxxxxxxxxs      qxxxx   x  x  x   xxxxx       xxxxx      x  x   xxxxw      axxxxxxxxxxxxxxxxw      axxxxxxxxxxxxxxxxxxxxxxxxxxxxxxxxxxxxxxxxxxxxxxxxxxxxxxxxxxxxxxxxxxxxxxxx                   x
x                  qxxxxxxxxxxxxxxxxxxxxxxxxxxxxxxxxxxxxxxxxxxxxxxxxxxxxxxxxxxxxxxxxxxxxxxxxx      qxxxxxxxxxxxxxs        qxxxxxx   xx xxxx  x xx  x     x  xx xx xxxx xx   xxxxxxw        axxxxxxxxxxxxxw      xxxxxxxxxxxxxxxxxxxxxxxxxxxxxxxxxxxxxxxxxxxxxxxxxxxxxxxxxxxxxxxxxxxxxxxxw                  x
x                  xxxxxxxxxxxxxxxxxxxxxxxxxxxxxxxxxxxxxxxxxxxxxxxxxxxxxxxxxxxxxxxxxxxxxxxxxs      xxxxxxxxxxs           qxxxxxxx   xx  x   xxx xx         *x xxx   x  xx   xxxxxxxw           axxxxxxxxxx      axxxxxxxxxxxxxxxxxxxxxxxxxxxxxxxxxxxxxxxxxxxxxxxxxxxxxxxxxxxxxxxxxxxxxxxx                  x
x                 qxxxxxxxxxxxxxxxxxxxxxxxxxxxxxxxxxxxxxxxxxxxxxxxxxxxxxxxxxxxxxxxxxxxxxxxxx      qxxxxxxxs             qxxxxxxxs   xx  xxxxx   ##          x   xxxxx  xx   axxxxxxxw             axxxxxxxw      xxxxxxxxxxxxxxxxxxxxxxxxxxxxxxxxxxxxxxxxxxxxxxxxxxxxxxxxxxxxxxxxxxxxxxxxw                 x
x                qxxxxxxxxxxxxxxxxxxxxxxxxxxxxxxxxxxxxxxxxxxxxxxxxxxxxxxxxxxxxxxxxxxxxxxxxxs      xxxxxxs             qxxxxxxxxx   xxxx x x  x                 x  x x xxxx   xxxxxxxxxw             axxxxxx      axxxxxxxxxxxxxxxxxxxxxxxxxxxxxxxxxxxxxxxxxxxxxxxxxxxxxxxxxxxxxxxxxxxxxxxxw                x
x                xxxxxxxxxxxxxxxxxxxxxxxxxxxxxxxxxxxxxxxxxxxxxxxxxxxxxxxxxxxxxxxxxxxxxxxxxx      qxxxxs              qxxxxxxxxxx   xxxx x xxx                 x xxx x xxxx   xxxxxxxxxxw              axxxxw      xxxxxxxxxxxxxxxxxxxxxxxxxxxxxxxxxxxxxxxxxxxxxxxxxxxxxxxxxxxxxxxxxxxxxxxxx                x
x               qxxxxxxxxxxxxxxxxxxxxxxxxxxxxxxxxxxxxxxxxxxxxxxxxxxxxxxxxxxxxxxxxxxxxxxxxxs     qxxxxs             qxxxxxxxxxxxx  xxxxx    x xx               xx x    xxxxx  xxxxxxxxxxxxw             axxxxw     axxxxxxxxxxxxxxxxxxxxxxxxxxxxxxxxxxxxxxxxxxxxxxxxxxxxxxxxxxxxxxxxxxxxxxxxw               x
x               xxxxxxxxxxxxxxxxxxxxxxxxxxxxxxxxxxxxxxxxxxxxxxxxxxxxxxxxxxxxxxxxxxxxxxxxxxf    gxxxs             qxxxxxxxxxxxxxs xxxxx x  x xxx               xxx x  x xxxxx axxxxxxxxxxxxxw             axxx      xxxxxxxxxxxxxxxxxxxxxxxxxxxxxxxxxxxxxxxxxxxxxxxxxxxxxxxxxxxxxxxxxxxxxxxxx               x
x              qxxxxxxxxxxxxxxxxxxxxxxxxxxxxxxxxxxxxxxxxxxxxxxxxxxxxxxxxxxxxxxxxxxxxxxxxxs     qxxs            qxxxxxxxxxxxxxxx  xxxxx x   x x                 x x   x xxxxx  xxxxxxxxxxxxxxxw            axxw     axxxxxxxxxxxxxxxxxxxxxxxxxxxxxxxxxxxxxxxxxxxxxxxxxxxxxxxxxxxxxxxxxxxxxxxxw              x
x              xxxxxxxxxxxxxxxxxxxxxxxxxxxxxxxxxxxxxxxxxxxxxxxxxxxxxxxxxxxxxxxxxxxxxxxxxx      xxx xxxw      qxxxxxxxxxxxxxxxxs xxxx  xx x  x                   x  x xx  xxxx axxxxxxxxxxxxxxxxw      qxxx xxx      xxxxxxxxxxxxxxxxxxxxxxxxxxxxxxxxxxxxxxxxxxxxxxxxxxxxxxxxxxxxxxxxxxxxxxxxx              x
x             qxxxxxxxxxxxxxxxxxxxxxxxxxxxxxxxxxxxxxxxxxxxxxxxxxxxxxxxxxxxxxxxxxxxxxxxxxs     qxx xxxxxxxxxxxxxxxxxxxxxxxxxxxs x     xxx x  xxx               xxx  x xxx     x axxxxxxxxxxxxxxxxxxxxxxxxxxxaxxw     axxxxxxxxxxxxxxxxxxxxxxxxxxxxxxxxxxxxxxxxxxxxxxxxxxxxxxxxxxxxxxxxxxxxxxxxw             x
x             xxxxxxxxxxxxxxxxxxxxxxxxxxxxxxxxxxxxxxxxxxxxxxxxxxxxxxxxxxxxxxxxxxxxxxxxxx      xx   xx      x x     axxxxxxs    x    xxxx xxxxx                xxxxxx xxxx    x    axxxxxxs     x x      xx  axx      xxxxxxxxxxxxxxxxxxxxxxxxxxxxxxxxxxxxxxxxxxxxxxxxxxxxxxxxxxxxxxxxxxxxxxxxx             x
x            qxxxxxxxxxxxxxxxxxxxxxxxxxxxxxxxxxxxxxxxxxxxxxxxxxxxxxxxxxxxxxxxxxxxxxxxxxs     qxx x  xx    xx xx             x   x xxxxx xx  x  x             x  x  xx xxxxx x   x             xx xx    xx xx xxw     axxxxxxxxxxxxxxxxxxxxxxxxxxxxxxxxxxxxxxxxxxxxxxxxxxxxxxxxxxxxxxxxxxxxxxxxw            x
x           qxxxxxxxxxxxxxxxxxxxxxxxxxxxxxxxxxxxxxxxxxxxxxxxxxxxxxxxxxxxxxxxxxxxxxxxxxs      xxs x x   xxx xx  x          xxx             x x xx             xx x x             xxx          x  xx xxx   x x axx      axxxxxxxxxxxxxxxxxxxxxxxxxxxxxxxxxxxxxxxxxxxxxxxxxxxxxxxxxxxxxxxxxxxxxxxxw           x
x           xxxxxxxxxxxxxxxxxxxxxxxxxxxxxxxxxxxxxxxxxxxxxxxxxxxxxxxxxxxxxxxxxxxxxxxxxx      qxx  xx xxxx x   x  xxx  xxxxxxx  x  x xxx xx    x  x _       _    x    xx xxx    x  xxxxxxx  xxx  x x x xxxx xx  xxw      xxxxxxxxxxxxxxxxxxxxxxxxxxxxxxxxxxxxxxxxxxxxxxxxxxxxxxxxxxxxxxxxxxxxxxxxx           x
x          qxxxxxxxxxxxxxxxxxxxxxxxxxxxxxxxxxxxxxxxxxxxxxxxxxxxxxxxxxxxxxxxxxxxxxxxxxs      xxx  xx  x   xx  xx   xxxxxxxxxx  x  xx x xxxx  x x   xf     gx   x x  xxxx x xx  x  xxxxxxxxxx   xx  xxx  x  xx  xxx      axxxxxxxxxxxxxxxxxxxxxxxxxxxxxxxxxxxxxxxxxxxxxxxxxxxxxxxxxxxxxxxxxxxxxxxxw          x
x          xxxxxxxxxxxxxxxxxxxxxxxxxxxxxxxxxxxxxxxxxxxxxxxxxxxxxxxxxxxxxxxxxxxxxxxxxx      qxxx   x xx    xxx  x    xxxxxxx  xxx   xxx x x   xx x c       c   xx   xxx xxx   xxx  xxxxxxx    x  xxx    xx xs  xxxw      xxxxxxxxxxxxxxxxxxxxxxxxxxxxxxxxxxxxxxxxxxxxxxxxxxxxxxxxxxxxxxxxxxxxxxxxx          x
x         qxxxxxxxxxxxxxxxxxxxxxxxxxxxxxxxxxxxxxxxxxxxxxxxxxxxxxxxxxxxxxxxxxxxxxxxxxs      xxxs    xxx   xxx x x x   xxxxx  xxxxx xxxxxxx x  x                 x  x x xxxxx xxxxx  xxxxx   x x x xxx   xxx    axxx      axxxxxxxxxxxxxxxxxxxxxxxxxxxxxxxxxxxxxxxxxxxxxxxxxxxxxxxxxxxxxxxxxxxxxxxxw         x
x         xxxxxxxxxxxxxxxxxxxxxxxxxxxxxxxxxxxxxxxxxxxxxxxxxxxxxxxxxxxxxxxxxxxxxxxxxs      qxxx       xx xx   x x xxx      xxxx  x  x xxx                             xxxxx xx  xxxx      xxx x x   xx xx       xxxw      axxxxxxxxxxxxxxxxxxxxxxxxxxxxxxxxxxxxxxxxxxxxxxxxxxxxxxxxxxxxxxxxxxxxxxxx         x
x         xxxxxxxxxxxxxxxxxxxxxxxxxxxxxxxxxxxxxxxxxxxxxxxxxxxxxxxxxxxxxxxxxxxxxxxxx       xxxx_     x     x  x x   xxxxx x      x x xx x                             x xxxxx       x xxxxx   x x  x     x  @   xxxx       xxxxxxxxxxxxxxxxxxxxxxxxxxxxxxxxxxxxxxxxxxxxxxxxxxxxxxxxxxxxxxxxxxxxxxxx         x
x        qxxxxxxxxxxxxxxxxxxxxxxxxxxxxxxxxxxxxxxxxxxxxxxxxxxxxxxxxxxxxxxxxxxxxxxxxs      qxxxx      ax    xx  x   xxxxx  xxxxx xx x                                       x xx xxxxx  xxxxx   x  xx    xs      xxxxw      axxxxxxxxxxxxxxxxxxxxxxxxxxxxxxxxxxxxxxxxxxxxxxxxxxxxxxxxxxxxxxxxxxxxxxxw        x
x        xxxxxxxxxxxxxxxxxxxxxxxxxxxxxxxxxxxxxxxxxxxxxxxxxxxxxxxxxxxxxxxxxxxxxxxxs       xxxxxw      xx    xx x  x x   x  x xx xxx   x                                 x   xxx xx x  x   x x  x xx    xx      qxxxxx       axxxxxxxxxxxxxxxxxxxxxxxxxxxxxxxxxxxxxxxxxxxxxxxxxxxxxxxxxxxxxxxxxxxxxxx        x
x       qxxxxxxxxxxxxxxxxxxxxxxxxxxxxxxxxxxxxxxxxxxxxxxxxxxxxxxxxxxxxxxxxxxxxxxxx       qxxxxxx      xxx   xx  xx  x xx xx xxx xx                                            x xxx xx xx x  xx  xx   xxx      xxxxxxw       xxxxxxxxxxxxxxxxxxxxxxxxxxxxxxxxxxxxxxxxxxxxxxxxxxxxxxxxxxxxxxxxxxxxxxxw       x
x       xxxxxxxxxxxxxxxxxxxxxxxxxxxxxxxxxxxxxxxxxxxxxxxxxxxxxxxxxxxxxxxxxxxxxxxxs       xxxxxxx      xxxx  xxx xxxx  xx    x x   x                                         x   x x   xxx xxxxx xxx  xxxx      xxxxxxx       axxxxxxxxxxxxxxxxxxxxxxxxxxxxxxxxxxxxxxxxxxxxxxxxxxxxxxxxxxxxxxxxxxxxxxx       x
x      qxxxxxxxxxxxxxxxxxxxxxxxxxxxxxxxxxxxxxxxxxxxxxxxxxxxxxxxxxxxxxxxxxxxxxxxs       qxxxxxxx      xxxx   xxx  xxxxxx x x xxxx                                             xxxx x x xxxxxx  xxx   xxxx      xxxxxxxw       axxxxxxxxxxxxxxxxxxxxxxxxxxxxxxxxxxxxxxxxxxxxxxxxxxxxxxxxxxxxxxxxxxxxxxw      x
x      xxxxxxxxxxxxxxxxxxxxxxxxxxxxxxxxxxxxxxxxxxxxxxxxxxxxxxxxxxxxxxxxxxxxxxxs        xxxxxxxx      axxxx  xxxx xxx      x xxx                                               xxx xx     xxx xxxx  xxxxs      xxxxxxxx        axxxxxxxxxxxxxxxxxxxxxxxxxxxxxxxxxxxxxxxxxxxxxxxxxxxxxxxxxxxxxxxxxxxxxx      x
x     qxxxxxxxxxxxxxxxxxxxxxxxxxxxxxxxxxxxxxxxxxxxxxxxxxxxxxxxxxxxxxxxxxxxxxxx        qxxxxxxxx       xxxx  x x xxx    xx    xx                                               xx  x  x x xxxx x x  xxxx       xxxxxxxxw        xxxxxxxxxxxxxxxxxxxxxxxxxxxxxxxxxxxxxxxxxxxxxxxxxxxxxxxxxxxxxxxxxxxxxxw     x
x     xxxxxxxxxxxxxxxxxxxxxxxxxxxxxxxxxxxxxxxxxxxxxxxxxxxxxxxxxxxxxxxxxxxxxxxs        xxxxxxxxxw      xxxxx x  xx   xx x     x                                                 x     x xx x xx  x xxxxx      qxxxxxxxxx        axxxxxxxxxxxxxxxxxxxxxxxxxxxxxxxxxxxxxxxxxxxxxxxxxxxxxxxxxxxxxxxxxxxxxx     x
x     xxxxxxxxxxxxxxxxxxxxxxxxxxxxxxxxxxxxxxxxxxxxxxxxxxxxxxxxxxxxxxxxxxxxxxs         xxxxxxxxxx      xxxxx xx x    x        x                                                 x        x  x x xx xxxxx      xxxxxxxxxx         axxxxxxxxxxxxxxxxxxxxxxxxxxxxxxxxxxxxxxxxxxxxxxxxxxxxxxxxxxxxxxxxxxxxx     x
x    qxxxxxxxxxxxxxxxxxxxxxxxxxxxxxxxxxxxxxxxxxxxxxxxxxxxxxxxxxxxxxxxxxxxxxs         qxxxxxxxxxx      xxxxx x x    xxx       #                                                 #       xxx    x x xxxxx      xxxxxxxxxxw         axxxxxxxxxxxxxxxxxxxxxxxxxxxxxxxxxxxxxxxxxxxxxxxxxxxxxxxxxxxxxxxxxxxxw    x
x    xxxxxxxxxxxxxxxxxxxxxxxxxxxxxxxxxxxxxxxxxxxxxxxxxxxxxxxxxxxxxxxxxxxxxx          xxxxxxxxxxxw     xxxxx  x x xxxxx                                                                 xxxxx x x  xxxxx     qxxxxxxxxxxx          xxxxxxxxxxxxxxxxxxxxxxxxxxxxxxxxxxxxxxxxxxxxxxxxxxxxxxxxxxxxxxxxxxxxx    x
x   qxxxxxxxxxxxxxxxxxxxxxxxxxxxxxxxxxxxxxxxxxxxxxxxxxxxxxxxxxxxxxxxxxxxxxs         qxxxxxxxxxxxx     xxxxx  xx xxxx                                                                     xxxx xx  xxxxx     xxxxxxxxxxxxw         axxxxxxxxxxxxxxxxxxxxxxxxxxxxxxxxxxxxxxxxxxxxxxxxxxxxxxxxxxxxxxxxxxxxw   x
x   xxxxxxxxxxxxxxxxxxxxxxxxxxxxxxxxxxxxxxxxxxxxxxxxxxxxxxxxxxxxxxxxxxxxxs          xxxxxxxxxxxxx     xxxxx  xx xx  xxx                                                               xxx  xx xx  xxxxx     xxxxxxxxxxxxx          axxxxxxxxxxxxxxxxxxxxxxxxxxxxxxxxxxxxxxxxxxxxxxxxxxxxxxxxxxxxxxxxxxxx   x
x   xxxxxxxxxxxxxxxxxxxxxxxxxxxxxxxxxxxxxxxxxxxxxxxxxxxxxxxxxxxxxxxxxxxxs           xxxxxxxxxxxxx     xxxxx  xxx x x                                                                     x x xxx  xxxxx     xxxxxxxxxxxxx           axxxxxxxxxxxxxxxxxxxxxxxxxxxxxxxxxxxxxxxxxxxxxxxxxxxxxxxxxxxxxxxxxxx   x
x  qxxxxxxxxxxxxxxxxxxxxxxxxxxxxxxxxxxxxxxxxxxxxxxxxxxxxxxxxxxxxxxxxxxxs           qxxxxxxxxxxxxx     xxxx   xxx x xx xx x                                                         x xx xx x xxx   xxxx     xxxxxxxxxxxxxw           axxxxxxxxxxxxxxxxxxxxxxxxxxxxxxxxxxxxxxxxxxxxxxxxxxxxxxxxxxxxxxxxxxw  x
x  xxxxxxxxxxxxxxxxxxxxxxxxxxxxxxxxxxxxxxxxxxxxxxxxxxxxxxxxxxxxxxxxxxxx            xxxxxxxxxxxxxxw    xxxx  xxxx x x xx                                                               xx x x xxxx  xxxx    qxxxxxxxxxxxxxx            xxxxxxxxxxxxxxxxxxxxxxxxxxxxxxxxxxxxxxxxxxxxxxxxxxxxxxxxxxxxxxxxxxx  x
x  xxxxxxxxxxxxxxxxxxxxxxxxxxxxxxxxxxxxxxxxxxxxxxxxxxxxxxxxxxxxxxxxxxxs           qxxxxxxxxxxxxxxx   qxxx   xxx xxxx    x                                                           x    xxxx xxx   xxxw   xxxxxxxxxxxxxxxw           axxxxxxxxxxxxxxxxxxxxxxxxxxxxxxxxxxxxxxxxxxxxxxxxxxxxxxxxxxxxxxxxxx  x
x qxxxxxxxxxxxxxxxxxxxxxxxxxxxxxxxxxxxxxxxxxxxxxxxxxxxxxxxxxxxxxxxxxxs            xxxxxxxxxxxxxxxx   xxxx   xx  xxxx  x x                                                           x xx xxxx  xx   xxxx   xxxxxxxxxxxxxxxx            axxxxxxxxxxxxxxxxxxxxxxxxxxxxxxxxxxxxxxxxxxxxxxxxxxxxxxxxxxxxxxxxxw x
x xxxxxxxxxxxxxxxxxxxxxxxxxxxxxxxxxxxxxxxxxxxxxxxxxxxxxxxxxxxxxxxxxxs            qxxxxxxxxxxxxxxxx   xxx   x   xxx   x x                                                             x x   xxx   x   xxx   xxxxxxxxxxxxxxxxw            axxxxxxxxxxxxxxxxxxxxxxxxxxxxxxxxxxxxxxxxxxxxxxxxxxxxxxxxxxxxxxxxx x
x xxxxxxxxxxxxxxxxxxxxxxxxxxxxxxxxxxxxxxxxxxxxxxxxxxxxxxxxxxxxxxxxxs             xxxxxxxxxxxxxxxxx   xx   x   xx  xxxxx                                                               xxxxx  xx   x   xx   xxxxxxxxxxxxxxxxx             axxxxxxxxxxxxxxxxxxxxxxxxxxxxxxxxxxxxxxxxxxxxxxxxxxxxxxxxxxxxxxxx x
x xxxxxxxxxxxxxxxxxxxxxxxxxxxxxxxxxxxxxxxxxxxxxxxxxxxxxxxxxxxxxxxxs              xxxxxxxxxxxxxxxxx   xx  x x x  xxx xx                                                                 xx xxx  x x x  xx   xxxxxxxxxxxxxxxxx              axxxxxxxxxxxxxxxxxxxxxxxxxxxxxxxxxxxxxxxxxxxxxxxxxxxxxxxxxxxxxxxxx
x xxxxxxxxxxxxxxxxxxxxxxxxxxxxxxxxxxxxxxxxxxxxxxxxxxxxxxxxxxxxxxxx              qxxxxxxxxxxxxxxxxx   xx x x x         xx                                                             xx        xx x x xx   xxxxxxxxxxxxxxxxxw              xxxxxxxxxxxxxxxxxxxxxxxxxxxxxxxxxxxxxxxxxxxxxxxxxxxxxxxxxxxxxxxxx
x xxxxxxxxxxxxxxxxxxxxxxxxxxxxxxxxxxxxxxxxxxxxxxxxxxxxxxxxxxxxxxxs              xxxxxxxxxxxxxxxxxx   xx   xxx xx xxx  x                                                               x  xxx xx xxx   xx   xxxxxxxxxxxxxxxxxx              axxxxxxxxxxxxxxxxxxxxxxxxxxxxxxxxxxxxxxxxxxxxxxxxxxxxxxxxxxxxxxxx
xxxxxxxxxxxxxxxxxxxxxxxxxxxxxxxxxxxxxxxxxxxxxxxxxxxxxxxxxxxxxxxs                xxxxxxxxxxxxxxxxxx   xx    x    x x x  x                                                             x  x x x    x    xx   xxxxxxxxxxxxxxxxxx               axxxxxxxxxxxxxxxxxxxxxxxxxxxxxxxxxxxxxxxxxxxxxxxxxxxxxxxxxxxxxxx
xxxxxxxxxxxxxxxxxxxxxxxxxxxxxxxxxxxxxxxxxxxxxxxxxxxxxxxxxxxxxxs                qxxxxxxxxxxxxxxxxxx   xxx xxx    xxx  x                                                                    xxx    xxx xxx   xxxxxxxxxxxxxxxxxxw               axxxxxxxxxxxxxxxxxxxxxxxxxxxxxxxxxxxxxxxxxxxxxxxxxxxxxxxxxxxxxx
xxxxxxxxxxxxxxxxxxxxxxxxxxxxxxxxxxxxxxxxxxxxxxxxxxxxxxxxxxxxxs                 xxxxxxxxxxxxxxxxxxx   xx     xx x x x                                                                     x x x xx     xx   xxxxxxxxxxxxxxxxxxx                axxxxxxxxxxxxxxxxxxxxxxxxxxxxxxxxxxxxxxxxxxxxxxxxxxxxxxxxxxxxx
xxxxxxxxxxxxxxxxxxxxxxxxxxxxxxxxxxxxxxxxxxxxxxxxxxxxxxxxxxxxs                 qxxxxxxxxxxxxxxxxxxx   xx   x  xxx xx_                                                                      xx xxx  x   xx   xxxxxxxxxxxxxxxxxxxw                axxxxxxxxxxxxxxxxxxxxxxxxxxxxxxxxxxxxxxxxxxxxxxxxxxxxxxxxxxxx
xxxxxxxxxxxxxxxxxxxxxxxxxxxxxxxxxxxxxxxxxxxxxxxxxxxxxxxxxxxs                  xxxxxxxxxxxxxxxxxxxx   xx    xx x x xx                       @                                             xx x x xx    xx   xxxxxxxxxxxxxxxxxxxx                 axxxxxxxxxxxxxxxxxxxxxxxxxxxxxxxxxxxxxxxxxxxxxxxxxxxxxxxxxxx
xxxxxxxxxxxxxxxxxxxxxxxxxxxxxxxxxxxxxxxxxxxxxxxxxxxxxxxxxxx                   xxxxxxxxxxxxxxxxxxxs   xxx   xxx xxxx xx                                                                  x xxxx xxx   xxx   axxxxxxxxxxxxxxxxxxx                  xxxxxxxxxxxxxxxxxxxxxxxxxxxxxxxxxxxxxxxxxxxxxxxxxxxxxxxxxxx
xxxxxxxxxxxxxxxxxxxxxxxxxxxxxxxxxxxxxxxxxxxxxxxxxxxxxxxxxxs                  qxxxxxxxxxxxxxxxxxxx    xxx    xxxx xx                                                                    xx x  xxxx    xxx    xxxxxxxxxxxxxxxxxxxw                 axxxxxxxxxxxxxxxxxxxxxxxxxxxxxxxxxxxxxxxxxxxxxxxxxxxxxxxxxx
xxxxxxxxxxxxxxxxxxxxxxxxxxxxxxxxxxxxxxxxxxxxxxxxxxxxxxxxxs                   xxxxxxxxxxxxxxxxxxxx    xxxx   xxx x xxxx##                                                             ##xxxx x xxx   xxxx    xxxxxxxxxxxxxxxxxxxx         @        axxxxxxxxxxxxxxxxxxxxxxxxxxxxxxxxxxxxxxxxxxxxxxxxxxxxxxxxx
xxxxxxxxxxxxxxxxxxxxxxxxxxxxxxxxxxxxxxxxxxxxxxxxxxxxxxxxs            )      qxxxxxxxxxxxxxxxxxxxs    xxxxx  xxx x x x                                                                 x x x x xxx  xxxxx    axxxxxxxxxxxxxxxxxxxw                  axxxxxxxxxxxxxxxxxxxxxxxxxxxxxxxxxxxxxxxxxxxxxxxxxxxxxxxx
xxxxxxxxxxxxxxxxxxxxxxxxxxxxxxxxxxxxxxxxxxxxxxxxxxxxxxxs                    xxxxxxxxxxxxxxxxxxxx     xxxxx   xx x x xx x                                                             x xx x x xx   xxxxx     xxxxxxxxxxxxxxxxxxxx                   axxxxxxxxxxxxxxxxxxxxxxxxxxxxxxxxxxxxxxxxxxxxxxxxxxxxxxx
xxxxxxxxxxxxxxxxxxxxxxxxxxxxxxxxxxxxxxxxxxxxxxxxxxxxxxs                     #xxxxxxxxxxxxxxxxxxx     xxxxxx  xx     xxxx                                                             xxxx     xx  xxxxxx     xxxxxxxxxxxxxxxxxxxx                    axxxxxxxxxxxxxxxxxxxxxxxxxxxxxxxxxxxxxxxxxxxxxxxxxxxxxx
xxxxxxxxxxxxxxxxxxxxxxxxxxxxxxxxxxxxxxxxxxxxxxxxxxxxxs                     qxxxxxxxxxxxxxxxxxxxs    qxxxxxx  xx  xxxxxxxx                                                           xxxxxxxx  xx  xxxxxx     axxxxxxxxxxxxxxxxxxxw                    axxxxxxxxxxxxxxxxxxxxxxxxxxxxxxxxxxxxxxxxxxxxxxxxxxxxx
xxxxxxxxxxxxxxxxxxxxxxxxxxxxxxxxxxxxxxxxxxxxxxxxxxxxx                      xxxxxxxxxxxxxxxxxxxx     xxxxxxxx   xxxx xxx                                                               x x xxxx   xxxxxxxw     xxxxxxxxxxxxxxxxxxxx                     xxxxxxxxxxxxxxxxxxxxxxxxxxxxxxxxxxxxxxxxxxxxxxxxxxxxx
xxxxxxxxxxxxxxxxxxxxxxxxxxxxxxxxxxxxxxxxxxxxxxxxxxxxs                     qxxxxxxxxxxxxxxxxxxxs     xxxxxxxx  x      xx                                                               x       x  xxxxxxxx     axxxxxxxxxxxxxxxxxxxw                    axxxxxxxxxxxxxxxxxxxxxxxxxxxxxxxxxxxxxxxxxxxxxxxxxxxx
xxxxxxxxxxxxxxxxxxxxxxxxxxxxxxxxxxxxxxxxxxxxxxxxxxxs                      xxxxxxxxxxxxxxxxxxxx      xxxxxxxx  x    x x   x                                                         x   x x    x  xxxxxxxx      xxxxxxxxxxxxxxxxxxxx                     axxxxxxxxxxxxxxxxxxxxxxxxxxxxxxxxxxxxxxxxxxxxxxxxxxx
xxxxxxxxxxxxxxxxxxxxxxxxxxxxxxxxxxxxxxxxxxxxxxxxxxs                       xxxxxxxxxxxxxxxxxxxs      xxxxxxxx  xx  x     xxx                                                       xxx   x x  xx  xxxxxxxx      axxxxxxxxxxxxxxxxxxx                      axxxxxxxxxxxxxxxxxxxxxxxxxxxxxxxxxxxxxxxxxxxxxxxxxx
xxxxxxxxxxxxxxxxxxxxxxxxxxxxxxxxxxxxxxxxxxxxxxxxxs                       qxxxxxxxxxxxxxxxxxxs       xxxxxxxx   x  xx xxxxxx                                                       xxxxxx xx  x   xxxxxxxx       axxxxxxxxxxxxxxxxxxw                      axxxxxxxxxxxxxxxxxxxxxxxxxxxxxxxxxxxxxxxxxxxxxxxxx
xxxxxxxxxxxxxxxxxxxxxxxxxxxxxxxxxxxxxxxxxxxxxxxxs                        #xxxxxxxxxxxxxxxxxx       qxxxxxxxx   xx  xxxx  xxx                                                     xxx  xxxx  xx   xxxxxxxxw       xxxxxxxxxxxxxxxxxxx                       axxxxxxxxxxxxxxxxxxxxxxxxxxxxxxxxxxxxxxxxxxxxxxxx
xxxxxxxxxxxxxxxxxxxxxxxxxxxxxxxxxxxxxxxxxxxxxxxs                        qxxxxxxxxxxxxxxxxxxs       xxxxxxxxx   xxx  xxxx x                                                         x x xx  xxx   xxxxxxxxx       axxxxxxxxxxxxxxxxxxw                       axxxxxxxxxxxxxxxxxxxxxxxxxxxxxxxxxxxxxxxxxxxxxxx
xxxxxxxxxxxxxxxxxxxxxxxxxxxxxxxxxxxxxxxxxxxxxxx                         xxxxxxxxxxxxxxxxxxs        xxxxxxxxx   xxxx x  x xx                                                       x xx  x xxxx   xxxxxxxxx        axxxxxxxxxxxxxxxxxx                        xxxxxxxxxxxxxxxxxxxxxxxxxxxxxxxxxxxxxxxxxxxxxxx
xxxxxxxxxxxxxxxxxxxxxxxxxxxxxxxxxxxxxxxxxxxxxxs                         xxxxxxxxxxxxxxxxxs        qxxxxxxxxx   xxxx  x   x                                                       x x   x  xxxx   xxxxxxxxxw        axxxxxxxxxxxxxxxxx                        axxxxxxxxxxxxxxxxxxxxxxxxxxxxxxxxxxxxxxxxxxxxxx
xxxxxxxxxxxxxxxxxxxxxxxxxxxxxxxxxxxxxxxxxxxxxs                         qxxxxxxxxxxxxxxxxx         xxxxxxxxx    xxxxx x xxx  x#                                                 xx  xxx x xxxxx    xxxxxxxxx         axxxxxxxxxxxxxxxxw                        axxxxxxxxxxxxxxxxxxxxxxxxxxxxxxxxxxxxxxxxxxxxx
xxxxxxxxxxxxxxxxxxxxxxxxxxxxxxxxxxxxxxxxxxxxs                          xxxxxxxxxxxxxxxxxs         xxxxxxxxx    xxxxx xx x xxx                                                   xxx x xx xxxxx    xxxxxxxxx          xxxxxxxxxxxxxxxxx                         axxxxxxxxxxxxxxxxxxxxxxxxxxxxxxxxxxxxxxxxxxxx
xxxxxxxxxxxxxxxxxxxxxxxxxxxxxxxxxxxxxxxxxxxs                          qxxxxxxxxxxxxxxxxs         qxxxxxxxx     xxxxx  xx  xxxx                                                 x xx  xx  xxxxx     xxxxxxxxw         axxxxxxxxxxxxxxxxw                         axxxxxxxxxxxxxxxxxxxxxxxxxxxxxxxxxxxxxxxxxxx
xxxxxxxxxxxxxxxxxxxxxxxxxxxxxxxxxxxxxxxxxxx                           xxxxxxxxxxxxxxxxs          xxxxxxxxx     xxxxx  xxx  xx xxx                                           xxx xx  xxx  xxxxx     xxxxxxxxx          axxxxxxxxxxxxxxxx                          xxxxxxxxxxxxxxxxxxxxxxxxxxxxxxxxxxxxxxxxxxx
xxxxxxxxxxxxxxxxxxxxxxxxxxxxxxxxxxxxxxxxxxs                          qxxxxxxxxxxxxxxxs          qxxxxxxxx     xxxxxx  xxx x x  x x                                         x x  x x xxx  xxxxxx     xxxxxxxxw   @      axxxxxxxxxxxxxxxw                         axxxxxxxxxxxxxxxxxxxxxxxxxxxxxxxxxxxxxxxxxx
xxxxxxxxxxxxxxxxxxxxxxxxxxxxxxxxxxxxxxxxxs                           xxxxxxxxxxxxxxxs           xxxxxxxx      xxxxx   xxx xx                                                     xx xxx   xxxxx      xxxxxxxx           axxxxxxxxxxxxxxx                          axxxxxxxxxxxxxxxxxxxxxxxxxxxxxxxxxxxxxxxxx
xxxxxxxxxxxxxxxxxxxxxxxxxxxxxxxxxxxxxxxxs                           qxxxxxxxxxxxxxxs           qxxxxxxxx      xxxxx   xxx  xx xx                                         x   xx xx  xxx   xxxxx      xxxxxxxxw           axxxxxxxxxxxxxxw                          axxxxxxxxxxxxxxxxxxxxxxxxxxxxxxxxxxxxxxxx
xxxxxxxxxxxxxxxxxxxxxxxxxxxxxxxxxxxxxxxs                            xxxxxxxxxxxxxxs            xxxxxxxx      xxxxx    xxx  xx xxx  x                                     x  xxx xx  xxx    xxxxx      xxxxxxxx            axxxxxxxxxxxxxx                           axxxxxxxxxxxxxxxxxxxxxxxxxxxxxxxxxxxxxxx
xxxxxxxxxxxxxxxxxxxxxxxxxxxxxxxxxxxxxxs                             xxxxxxxxxxxxxs            qxxxxxxx       xxxx    xxx   xx xx x  x x                               x x  x xx xx   xxx    xxxx       xxxxxxxw            axxxxxxxxxxxxx                            axxxxxxxxxxxxxxxxxxxxxxxxxxxxxxxxxxxxxx
xxxxxxxxxxxxxxxxxxxxxxxxxxxxxxxxxxxxxx                             qxxxxxxxxxxxxs             xxxxxx        xxxx     xxx  xxx xx x x                                     x x xx xxx  xxx     xxxx        xxxxxx             axxxxxxxxxxxxw                            xxxxxxxxxxxxxxxxxxxxxxxxxxxxxxxxxxxxxx
xxxxxxxxxxxxxxxxxxxxxxxxxxxxxxxxxxxxxs                             xxxxxxxxxxxxs             qxxxxx         xxx     xxx   xx  xx x x xx x x                         x xx x x xx  xx   xxx     xxx         xxxxxw             axxxxxxxxxxxx                            axxxxxxxxxxxxxxxxxxxxxxxxxxxxxxxxxxxxx
xxxxxxxxxxxxxxxxxxxxxxxxxxxxxxxxxxxxs                             qxxxxxxxxxxxs             qxxxxx         xxx     xx    xx  xx  x x x     xxx   _         _   #xx     x x x  xx  xx    xx     xxx         xxxxxw             axxxxxxxxxxxw                            axxxxxxxxxxxxxxxxxxxxxxxxxxxxxxxxxxxx
xxxxxxxxxxxxxxxxxxxxxxxxxxxxxxxxxxxs                              xxxxxxxxxxxs             qxxxxx         xx      xx    x   x  x x x xx   xxxx xxxx>     <xxxx xxxx   xx x x x  x   x    xx      xx         xxxxxw             axxxxxxxxxxx                             axxxxxxxxxxxxxxxxxxxxxxxxxxxxxxxxxxx
xxxxxxxxxxxxxxxxxxxxxxxxxxxxxxxxxxx                              qxxxxxxxxxxs      @      qxxxx         xxx  xxxxx x xx x x x xx     x           cc       c c          x     xxxx x x xx x xxxxx  xxx         xxxxw             axxxxxxxxxxw                             xxxxxxxxxxxxxxxxxxxxxxxxxxxxxxxxxxx
xxxxxxxxxxxxxxxxxxxxxxxxxxxxxxxxxxs                              xxxxxxxxxxs             qxxxx        xxx xx xxx  x x xx    x x    x                                     x    x   x  xx x x  xxx xx xxx        xxxxw             axxxxxxxxxx                             axxxxxxxxxxxxxxxxxxxxxxxxxxxxxxxxxx
xxxxxxxxxxxxxxxxxxxxxxxxxxxxxxxxxs                              qxxxxxxxxxs             qxxxx   xxxxxxxx xx xxx   x    x  x   x                                               x x x  x x  x   xx  xx xxxxxxxx   xxxxw             axxxxxxxxxw                             axxxxxxxxxxxxxxxxxxxxxxxxxxxxxxxxx
xxxxxxxxxxxxxxxxxxxxxxxxxxxxxxxxs                               xxxxxxxxxs             qxxxx xxxxxxxxx   xxx x        x    xx                                                    x    x        x xxx   xxxxxxxxx xxxxw             axxxxxxxxx                              axxxxxxxxxxxxxxxxxxxxxxxxxxxxxxxx
xxxxxxxxxxxxxxxxxxxxxxxxxxxxxxxx                               qxxxxxxxxs            qxxxx  x            x  xxx   x     x                                                           x     xx   xx  x            x  xxx#w            axxxxxxxxw                              xxxxxxxxxxxxxxxxxxxxxxxxxxxxxxxx
xxxxxxxxxxxxxxxxxxxxxxxxxxxxxxxs                              #xxxxxxxxs            qxxxx  x  xxx xxxxx   x  xx        x                                                             x_       xx  x   xxxxx xxxx x  xxxxw            axxxxxxxx                              axxxxxxxxxxxxxxxxxxxxxxxxxxxxxxx
xxxxxxxxxxxxxxxxxxxxxxxxxxxxxxs                              qxxxxxxxxs           qxxxxx   xxxx x xxxx    xx  xxx x                                                                       x x x  xx    xxxx x xxxx   xxxxxw           axxxxxxxw                              axxxxxxxxxxxxxxxxxxxxxxxxxxxxxx
xxxxxxxxxxxxxxxxxxxxxxxxxxxxxx                              qxxxxxxxxs         qxxxxxxx   xxxx x   xx  x xxx    x                                                                           x    xxx x  xx   x xxxx   xxxxxxxw         axxxxxxxw                              xxxxxxxxxxxxxxxxxxxxxxxxxxxxxx
xxxxxxxxxxxxxxxxxxxxxxxxxxxxxs                              xxxxxxxxs      qxxxxxxxxxx    x     x xx xx xxx                                                                                      x xx xx x  xxx   x    xxxxxxxxxxw      axxxxxxx                              axxxxxxxxxxxxxxxxxxxxxxxxxxxxx
xxxxxxxxxxxxxxxxxxxxxxxxxxxxs                              qxxxxxxxs    qxxxxxxxxxxx     x x xx   xx  xx  x                                                                                       x  xx  xx   xx x x     xxxxxxxxxxxw    axxxxxxw                              axxxxxxxxxxxxxxxxxxxxxxxxxxxx
xxxxxxxxxxxxxxxxxxxxxxxxxxxx                               xxxxxxxx  qxxxxxxxxxxxxx      x   x      x xx    x                                                                                   x    xx x      x   x      xxxxxxxxxxxxxw  axxxxxx                               xxxxxxxxxxxxxxxxxxxxxxxxxxxx
xxxxxxxxxxxxxxxxxxxxxxxxxxxs                              qxxxxxxxs qxxxxxxxxxxxx       x  x  x   x x                                                                                               x   x x   x     x       xxxxxxxxxxxxw  xxxxxxw                              axxxxxxxxxxxxxxxxxxxxxxxxxxx
xxxxxxxxxxxxxxxxxxxxxxxxxxs                              qxxxxxxxsqxx  xxxxxxxx        xx    x x     xx x                                                                                           x  x     x x    xx        xxxxxxxx  xxwaxxxxxxw                              axxxxxxxxxxxxxxxxxxxxxxxxxx
xxxxxxxxxxxxxxxxxxxxxxxxxx                               xxxxxxxs x  x               xxx   xx xx                                                                                                             xx xx   xxx               x  x axxxxxx                               xxxxxxxxxxxxxxxxxxxxxxxxxx
xxxxxxxxxxxxxxxxxxxxxxxxxs                              qxxxxxxs qx  xxxxxxx  xxxxxxxxx         x     x                                                                                               x     x         xxxxxxxxx  xxxxxxx  xw xxxxxxw                              axxxxxxxxxxxxxxxxxxxxxxxxx
xxxxxxxxxxxxxxxxxxxxxxxxs                               xxxxxxs  xxx  x      x  xxxxxx   xx xxxx                                                                                                               xx xx   xxxxxx  x      x  xxx axxxxxx                               axxxxxxxxxxxxxxxxxxxxxxxx
xxxxxxxxxxxxxxxxxxxxxxxx                               qxxxxxs  qxx xx  xx xx    xxxx   xx xxx                                                     -                                                           xxx xx   xxxx    xx xx  xx xxw axxxxxw                               xxxxxxxxxxxxxxxxxxxxxxxx
xxxxxxxxxxxxxxxxxxxxxxxs                              qxxxxxx   xxx  x xx x xx xx     xxxx x xx x                                                                                                           x xx x xxxx     xx xx x xx x  xxx  xxxxxxw                              axxxxxxxxxxxxxxxxxxxxxxx
xxxxxxxxxxxxxxxxxxxxxxx                               xxxxxxs   xxxx x    x x   xx   xxxx   x  xx                                                                                                           xx      xxxx   xx   x x    x xxxx  axxxxxx                               xxxxxxxxxxxxxxxxxxxxxxx
xxxxxxxxxxxxxxxxxxxxxxs                              qxxxxxs    xx  x xx x x xxxxx xx    xx x    x                                                                                                         x    x xx    xx xxxxx x x xx x  xx   axxxxxw                              axxxxxxxxxxxxxxxxxxxxxx
xxxxxxxxxxxxxxxxxxxxxs                              qxxxxxx     xx   xx xxxxx    x  x xxx  x x                                                                                                                   xx xxxxx  x    xxxxx xx   xx    xxxxxxw                              axxxxxxxxxxxxxxxxxxxxx
xxxxxxxxxxxxxxxxxxxxx                              qxxxxxxs     xx  x   xx   x x  x xxx  xx                                                                                                                       xx  xxxxx  x x   xx   x  xx    axxxxxxw                              xxxxxxxxxxxxxxxxxxxxx
xxxxxxxxxxxxxxxxxxxxs                              xxxxxxx      xx     x xxx  x  x xxxx                                                                                                                               xx x x  x  xxx x     xx     xxxxxxx                              axxxxxxxxxxxxxxxxxxxx
xxxxxxxxxxxxxxxxxxxx                              qxxxxxxs      x  x  x xxxxx   x    x  x x                                                                                                                       x x  x   xx   xxxxx x  x  x     axxxxxxw                              xxxxxxxxxxxxxxxxxxxx
xxxxxxxxxxxxxxxxxxxs                             qxxxxxxx       x x xx  xx_          xxxx                                                                                                                           xxx      x     xx  xx x x      xxxxxxxw                             axxxxxxxxxxxxxxxxxxx
xxxxxxxxxxxxxxxxxxx                             qxxxxxxxs      qx  x x xxxx #                                                                                                                                                      xxx x x  x      axxxxxxxw                             xxxxxxxxxxxxxxxxxxx
xxxxxxxxxxxxxxxxxxs                            qxxxxxxxx      qxxxx    xx                                                                                                                                          r             x  xxx   xxxw      xxxxxxxxw                            axxxxxxxxxxxxxxxxxx
xxxxxxxxxxxxxxxxxx                             xxxxxxxxs      xxxs x   x    x           x                                                                                                                         d#x           x    x      xx      axxxxxxxxw                            xxxxxxxxxxxxxxxxxx
xxxxxxxxxxxxxxxxxs                            qxxxxxxxx       xxx x   x x   #           x                                                                                                                          d#          xx   x x   x xx       xxxxxxxxx                            axxxxxxxxxxxxxxxxx
xxxxxxxxxxxxxxxx#                            qxxxxxxxxs       xxx  x  xx xx x                                                                                                                                       c             xx xx  x  xx       axxxxxxxxw                            xxxxxxxxxxxxxxxxx
xxxxxxxxxxxxxxxxs                           qxxxxxxxxx        xxx   x  x  x  x                                                                                                                                                   xx  x  x   xx        xxxxxxxxxw                           axxxxxxxxxxxxxxxx
xxxxxxxxxxxxxxxx                           qxxxxxxxxxs        xxx   xxx   x                                                                                                                                                       x   xxx   xx        axxxxxxxxxw                           xxxxxxxxxxxxxxxx
xxxxxxxxxxxxxxxx                          qxxxxxxxxxx        qxxxs   xx xxx  xx _                                                                                                                                           _ xx  xxx xx    xxw        xxxxxxxxxxw                          xxxxxxxxxxxxxxxx
xxxxxxxxxxxxxxxs                         qxxxxxxxxxxx        xxxxx   xxx xx x   x                                                                                                                                           x   x xx xxx   xxxx        xxxxxxxxxxxw                         axxxxxxxxxxxxxxx
xxxxxxxxxxxxxxx                         qxxxxxxxxxxxs        xxxxx   xxx x  x x  x x                                                                                                                                     xxx  x x  x xxx   xxxx        axxxxxxxxxxxw                         xxxxxxxxxxxxxxx
xxxxxxxxxxxxxxs                        qxxxxxxxxxxxx        qxxxxx   xxx xx x   x x                                                                                                                                       x x   x xx xxx   xxxxw        xxxxxxxxxxxxw           @            axxxxxxxxxxxxxx
xxxxxxxxxxxxxx                       qxxxxxxxxxxxxxs        xxxxxx   xxx xx x xx x                                                                                                                                         x xx x xx xxx   xxxxx        axxxxxxxxxxxxxw                       xxxxxxxxxxxxxx
xxxxxxxxxxxxxx                      qxxxxxxxxxxxxxx        qxxxxxx   xx  xx xx                                                                                                               @                                 xx xx  xx   xxxxxw        xxxxxxxxxxxxxxw                      xxxxxxxxxxxxxx
xxxxxxxxxxxxxs                     qxxxxxxxxxxxxxxs       qxxxxxxx  xxx  x  xx                                                                                                                                                 xx  x  xxx  xxxxxxw       axxxxxxxxxxxxxxw                     axxxxxxxxxxxxx
xxxxxxxxxxxxx                     qxxxxxxxxxxxxxxx        xxxxxxxx  xx  x  x xx x                                                                                                                                           xxxx x  x  xx  xxxxxxx        xxxxxxxxxxxxxxxw                     xxxxxxxxxxxxx
xxxxxxxxxxxxs                    qxxxxxxxxxxxxxxxs       qxxxxxxxx  x  xx   x x                                                                                                                                               x x   xx  x  xxxxxxxw       axxxxxxxxxxxxxxxw                    axxxxxxxxxxxx
xxxxxxxxxxxx                   qxxxxxxxxxxxxxxxxx       qxxxxxxxxs x   xx  x x                                                                                                                                               x x x   x   x  xxxxxxxw       xxxxxxxxxxxxxxxxxw                   xxxxxxxxxxxx
xxxxxxxxxxxx                  qxxxxxxxxxxxxxxxxxs      qxxxxxxxxx  x     xxx                                                                                                                                                     xxx     x  xxxxxxxxw      axxxxxxxxxxxxxxxxxw                  xxxxxxxxxxxx
xxxxxxxxxxxs                 qxxxxxxxxxxxxxxxxxs      qxxxxxxxxxs x   x  x   x                                                                                                                                                xxx  x  x   x  xxxxxxxxw      axxxxxxxxxxxxxxxxxw                 axxxxxxxxxxx
xxxxxxxxxxx                 qxxxxxxxxxxxxxxxxxx      qxxxxxxxxxs  x x  x  x   x                                                                                                                                               x   x  xx x x  xxxxxxxxxw      xxxxxxxxxxxxxxxxxxw                 xxxxxxxxxxx
xxxxxxxxxxx               qxxxxxxxxxxxxxxxxxxxs     qxxxxxxxxxs   x xx  x                                                                                                                                                              xx x   xxxxxxxxxw     axxxxxxxxxxxxxxxxxxxw               xxxxxxxxxxx
xxxxxxxxxxx              qxxxxxxxxxxxxxxxxxxxs     qxxxxxxxxxs   xx  xxx                                                                                                                                                             xxx  xx   xxxxxxxxxw     axxxxxxxxxxxxxxxxxxxw              xxxxxxxxxxx
xxxxxxxxxxs             qxxxxxxxxxxxxxxxxxxxx     qxxxxxxxxxs    xx x xx xx                                                                                                                                                       xx  x x xx    xxxxxxxxxw     xxxxxxxxxxxxxxxxxxxxw             axxxxxxxxxx
xxxxxxxxxx             qxxxxxxxxxxxxxxxxxxxxs    qxxxxxxxxxs    xxx x x xx                                                                                                                                                        xxx x x xxx    xxxxxxxxxw    axxxxxxxxxxxxxxxxxxxxw             xxxxxxxxxx
xxxxxxxxxx           qxxxxxxxxxxxxxxxxxxxxxs    qxxxxxxxxs    xxxxx xx  xxxx                                                                                                                                                     xxxx  xx xxxx     xxxxxxxxw    axxxxxxxxxxxxxxxxxxxxxw           xxxxxxxxxx
xxxxxxxxxx          qxxxxxxxxxxxxxxxxxxxxxs   qxxxxxxxs       xxxxx xx                                                                                                                                                           gx    xx xxxx        xxxxxxxw   axxxxxxxxxxxxxxxxxxxxxw          xxxxxxxxxx
xxxxxxxxxs         qxxxxxxxxxxxxxxxxxxxxxs   qxxx            xxxxx  x xx xxf                                                                                                                                                     gxxxxx x  xxxx            xxxw   axxxxxxxxxxxxxxxxxxxxxw         axxxxxxxxx
xxxxxxxxx         qxxxxxxxxxxxxxxxxxxxxxs   qxx x           xxxxx   x  x  xf                                                                                                                                                     gxxxx  x   xxxx           x xxw   axxxxxxxxxxxxxxxxxxxxxw         xxxxxxxxx
xxxxxxxxx        qxxxxxxxxxxxxxxxxxxxxs   qxx  x xxx      xxxxxx    xx                                                                                                                                                                 xx    xxxxx      xxxxx  xxw   axxxxxxxxxxxxxxxxxxxxw        #xxxxxxxx
xxxxxxxxx        xxxxxxxxxxxxxxxxxxxxs   qxx     xxxxxxxxxxxx      x xx                                                                                                                                                               xx x     xxxxxxxxxxxx     xxw   axxxxxxxxxxxxxxxxxxxx        xxxxxxxxx
xxxxxxxxx       qxxxxxxxxxxxxxxxxxxs    qxxx    x x  xxx         xxx xx x xf                                                                                                                                                      xxx xx xxx        xxx  x x    xxxw    axxxxxxxxxxxxxxxxxxw       xxxxxxxxx
xxxxxxxx#      qxxxxxxxxxxxxxxxxxs    qxxxx  x x   x    xxx xxxxxxx  x                                                                                                                                                                 x  xxxxxx xxx    x   x x  xxxxw    axxxxxxxxxxxxxxxxxw      xxxxxxxxx
xxxxxxxxs      xxxxxxxxxxxxxxxs      qxxxx  xxxx   xxxxxxx    xxxx  xxxxx                                                                                                                                                            xxxx  xxx    xxxxxxx   xxxx  xxxxw      axxxxxxxxxxxxxxx      axxxxxxxx
xxxxxxxx      qxxxxxxxxxxs          qxxxxx x xxx  x    x     xx   xxx                                                                                                                                                                   xxx  xx   x x    x  xxx x xxxxxw          axxxxxxxxxxw      xxxxxxxx
xxxxxxxx      xxxxxs              qxxxxxx x xx xx x      xx  x   x x                                                                                                                                                                x    x x  x  x x     x x  xx x xxxxxxw              axxxxx      xxxxxxxx
xxxxxxxx     qxxs                qxxxxxxx x x  xx xx    x xxxx  x x xx xxx                                                                                                                                                         x x xx x x xxx  x    xx xx  x x xxxxxxxw                axxw     xxxxxxxx
xxxxxxxxf    xx                qxxxxxxxx xxx   x x x   xxxx  xx  x x  x                                                                                                                                                               x  x x xx  x xx   xxx     xxx xxxxxxxxw               axx     xxxxxxxx
xxxxxxxx    qx xxxxw          qxxxxxxxx  xx     x xxxxxxx   xx    xxxx  #                                                                                                                                                           x  xxx   x x   xxxxxxx x     xx  xxxxxxxxw          axxxx xw    xxxxxxxx
xxxxxxxx    xxxxxxxxxw      qxxxxxxxxx   xx x x   x   x          xxxxxx                                                                                                                                                               xxxx0              x   x x xx   xxxxxxxxxw      axxxxxxxxx    xxxxxxxx
xxxxxxxx   dx x  x xxxxxxxxxxxxxxxxx     x  x x  x                    x                                                                                                                                                               x                 x x  x x  x     xxxxxxxxxxxxxxxxx x  x x    xxxxxxxx
xxxxxxxxf   x   xxx      xxxxxxx        xx  x xx x x1               x x                                                                                                                                                               x x               x   xx x  xx        xxxxxxx      xxx   x    xxxxxxxx
xxxxxxxx   qx  x   xxx xxxx             x  xx x  x                    xxx                                                                                                                                                           xxx0                  x    xx  x             xxxx xxx   x  xw   xxxxxxxx
xxxxxxxx   xx  xxxxx  xx    xx         x     x    x                                                                                                                                                                                                           x     x         xx    xx  x xxx  xxf  xxxxxxxx
xxxxxxxxf  xxw xxx xx x xx   xxx     xx xxxxx  xx                      xx                                                                                                                                                           ##                     xx  xxxxx xx     xxx   xx x xx xxx qxx  dxxxxxxxx
xxxxxxxx  dxxx x  x  x xx    xxxxxxxxx x     xx                        cc                                                                                                                                                            c                       xx     x xxxxxxxxx  x xx x     x xxx   xxxxxxxx
xxxxxxxx   xxxwxxxx xx  x   x  xxxx    x x   xxxx1                                                                                                                                                                                  x                      x xx   x x    xxxx  x   x  xx xx x xxxf  xxxxxxxx
xxxxxxxxf  xxxxwx    x  xx x xx       xxxx  x  xx                                                                                                                                                                                                          xx  xx  xxx       xx x xx  x    xqxxxx  dxxxxxxxx
xxxxxxxx  dxxxxxwxxxx x  x    xx xxxxx xxx xxx                                                                                                                                                                                                              xxxxx xxx xxxxxxx     x  x xxxxqxxxxx   xxxxxxxx
xxxxxxxx   xxxxxxw xxxx x      x  xxx x x                                                                                                                                                                                                                          x x xxx  x      x xxxx qxxxxxxf  xxxxxxxx
xxxxxxxx   axxxxxx    xx x xxx xx   x    xxx              *                                                          -                                                                                                                       *                  xxx    x   xxxxxx x xx    xxxxxxs   xxxxxxxx
xxxxxxxxf   xxxxxxw    xx  x xxx xx  xx   x1                                                                                                                                                                                                                    x        xx xxx x  xx    qxxxxxx    xxxxxxxx
xxxxxxxx    xxxxxxx     x   xxx   x xxx xx                                                                                                                                                                                                                        x  xxx     xxx   x     xxxxxxx    xxxxxxxx
xxxxxxxx    xxxxxxxw    xx  xx x x xx  xx  x                            #                                                                                                                                                          dx                           x  xx  xx x x xx  xx    qxxxxxxx    xxxxxxxx
xxxxxxxx    axxxxxxx     x  xx xxxxx xxxx                                                                                                                                                                @                                                 0       xxxx xxxxx xx  x     xxxxxxxs    xxxxxxxx
xxxxxxxxw    xxxxxxx     xx  x x xxxxx x    x   x                                                                                                                                                                                                          x  x     x xxxx  x x  xx     xxxxxxx    qxxxxxxxx
xxxxxxxxx    axxxxxxw    xx     x    xx xx   x   x1                   rr                                                                                                                                                                                  x   x   xx xx          xx    qxxxxxxs    xxxxxxxxx
xxxxxxxxx     xxxxxxx    xxx xxx x xxxxx   xx  xx x                   xx                                                                                                                                                             x                   x xx  xx   xxxxx x xxx xxx    xxxxxxx     xxxxxxxxx
xxxxxxxxx     axxxxxx    xxx x x  x    xxx x    xx                                                                                                                                                                                                        xx    x  xx    x  x x xxx    xxxxxxs     xxxxxxxxx
xxxxxxxxx      axxxxxw   xxxxx x x  xx  xx  x x                       x                                                                                                                                                               xrr                x   x x  xx  xx  x x xxxxx   qxxxxxs      xxxxxxxxx
xxxxxxxxxw      xxxxxx   xx xx    xxxxxxxx  xx x   x                 x x                                                                                                                                                             x xx0              x   x xx  xxxxxxxx    xx xx   xxxxxx      qxxxxxxxxx
xxxxxxxxxx      axxxxxw xx xxxxx xxx     xx   x x xx       1    x                                                                                                                                                                   xx   x  x   0  x    xx x x   xx     xxx xxxxx xx qxxxxxs      xxxxxxxxxx
xxxxxxxxxx       axxxxx x   x x  x         x  xxx x x   x  x  x xxx x x                                                                                                                                                               x xxxxx   x  x   x x xxx  x         x  x x   x xxxxxs       xxxxxxxxxx
xxxxxxxxxx        axxxxwx x  x    xxxx     xx x x    x  xxx xx  x  xxx x                                                                                                                                                            xx xxx xx xx xxx  x    x x xx     xxxx    x  x xqxxxxs        xxxxxxxxxx
xxxxxxxxxxw        axxxxw xx xx xxxxxxxx    x x  x xxxxx x  xx  xx    xxx                                                                                                                                                            xx    xx xx  x xxx x x  x x    xxxxxxxx xx xx qxxxxs        qxxxxxxxxxx
xxxxxxxxxxx         axxxxwx x axxxxxxxxxx   xxx   x   xx  x  x  xxxxx x x                                                                                                                                                           x x xxxxx x     xx   x x xxx   xxxxxxxxxx  x xqxxxxs         xxxxxxxxxxx
xxxxxxxxxxx          axxxxw xxx axxxxxxxxx  xx x xx     xxx  x   x   xx                                                                                                                                                                x   x  x xxxx     xx x xx  xxxxxxxxx  xxx qxxxxs          xxxxxxxxxxx
xxxxxxxxxxx           axxxxw        axxxxxx x    xxx  xxxxx x xxxxxx                                                                                                                                                                     xxxxx x xxxxx  xxx    x xxxxxx         qxxxxs           xxxxxxxxxxx
xxxxxxxxxxxw           axxxxw          axxx xxx xxx  x    x       xx     x                                                                                                                                                         x     xx      x    x  xxx xxx xxx           qxxxxs           qxxxxxxxxxxx
x xxxxxxxxxx            axxxxxw          axx x  xx  x xxxxxxx      xx xx xx                                                                                                                                                       xx xx xx     xxxxxxx x  xx  x xx           qxxxxxs            xxxxxxxxxxxx
x xxxxxxxxxxw             axxxxxw          axx    xx xxx    xxxxx   xxxxx                                                                                                                                                           xxxxx   xxxx    xxx xx    xx     @     qxxxxxs             qxxxxxxxxxxxx
x xxxxxxxxxxx              axxxxxxxw        axxxx             xxxx  x  xx                                        @                                                                                                                  xx  x  xxx             xxxx         qxxxxxxxs              xxxxxxxxxxxxx
x xxxxxxxxxxx               axxxxxxxxxw       axxxxxxxxx        xxx      x                                                                                                                                                         x      xxx       xxxxxxxxx        qxxxxxxxxxs               xxxxxxxxxxx x
x xxxxxxxxxxxw               axxxxxxxxxxxxw     axxxxxxxxx       xxx xx xxxx                                                                                                                                                     xxxx xx xxx      xxxxxxxxx      qxxxxxxxxxxxxs               qxxxxxxxxxxx x
x axxxxxxxxxxx                 axxxxxxxxxxxxw     axxxxxxxx       xx xxx  xx                                                                                                                                                     xx xxxx xx      xxxxxxxx      qxxxxxxxxxxxxs                 xxxxxxxxxxxs x
x  xxxxxxxxxxxw                 axxxxxxxxxxxxxxw   axxxxxxxx      xxx x  xx                                                                                                                                                      xxx  x xxx     xxxxxxxx    qxxxxxxxxxxxxxxs                 qxxxxxxxxxxx  x
x  xxxxxxxxxxxx                  axxxxxxxxxxxxxxw    axxxxxxx     xxx x xxx xx                                                                                                                                                 xx xxx x xxx    xxxxxxx     qxxxxxxxxxxxxxxs                  xxxxxxxxxxxx  x
x  axxxxxxxxxxxw                  axxxxxxxxxxxxxxxw   axxxxxxx    xxx x x x                                                                                                                                                     xx  x x xxx   xxxxxxx    qxxxxxxxxxxxxxxxs                  qxxxxxxxxxxxs  x
x   xxxxxxxxxxxx                   axxxxxxxxxxxxxxxw    axxxxxx   xx  x x x                                                                                                                                                       xxx x  xx  xxxxxx     qxxxxxxxxxxxxxxxs                   xxxxxxxxxxxx   x
x   xxxxxxxxxxxxw                   axxxxxxxxxxxxxxxw    axxxxxx  xx  xx  x                                                                                                                                                       x  x   xx  xxxxx     qxxxxxxxxxxxxxxxs                   qxxxxxxxxxxxx   x
x   axxxxxxxxxxxx                    axxxxxxxxxxxxxxxw    axxxxxx  x x  xx                                                                                                                                                         xxx x x  xxxxx     qxxxxxxxxxxxxxxxs                    xxxxxxxxxxxxs   x
x    xxxxxxxxxxxxw                    axxxxxxxxxxxxxxxw    axxxxx   xx   x     x                                                                                                                                                   x  x x   xxxx     qxxxxxxxxxxxxxxxs                    qxxxxxxxxxxxx    x
x    axxxxxxxxxxxx                     axxxxxxxxxxxxxxx     axxxxx x xx    x  x                                                                                                                                               x  xxxx xx x xxxx      xxxxxxxxxxxxxxxs                     xxxxxxxxxxxxs    x
x     xxxxxxxxxxxxw                     #xxxxxxxxxxxxxxw     axxxx  xxx xxxx   x                                                                                                                                             x   xxx  xxx  xxx      qxxxxxxxxxxxxxxx                     qxxxxxxxxxxxx     x
x     xxxxxxxxxxxxx                     axxxxxxxxxxxxxxxw      axxx x  xxxx    x                                                                                                                                             x    xxxx  x xxx      qxxxxxxxxxxxxxxxs                     xxxxxxxxxxxxx     x
x     axxxxxxxxxxxxw                     axxxxxxxxxxxxxxx       axxx x x    x                                                                                                                                                x  x    x x xxx       xxxxxxxxxxxxxxxs                     qxxxxxxxxxxxxs     x
x      xxxxxxxxxxxxxw                     axxxxxxxxxxxxxxw       axx  xx xx  xx                                                                                                                                             x xx  xx xx  xx       qxxxxxxxxxxxxxxs                     qxxxxxxxxxxxxx      x
x      axxxxxxxxxxxxx                      xxxxxxxxxxxxxxx        xxx   xx xx  x                                                                                                                                             xx xx xx   xxxf     gxxxxxxxxxxxxxxx                      xxxxxxxxxxxxxs      x
x       xxxxxxxxxxxxxw                     axxxxxxxxxxxxxx        axx   xxx  xx xxx                                                                                                                                       xx  xx  xxx   xx       gxxxxxxxxxxxxxxs                     qxxxxxxxxxxxxx       x
x       axxxxxxxxxxxxxw                     axxxxxxxxxxxxxw        xxx   xxx   xx x                                                                                                                                       x xx   xxx   xxx       qxxxxxxxxxxxxxs                     qxxxxxxxxxxxxxs       x
x        xxxxxxxxxxxxxx                      axxxxxxxxxxxxx        xxx   xxx  x x  x                                                                                                                                    xx  x x  xxx   xxxf      xxxxxxxxxxxxxs                      xxxxxxxxxxxxxx        x
x        axxxxxxxxxxxxxw                      xxxxxxxxxxxxx        axxx   xx  x x xx                                                                                                                                     xx x x  xx   xxx        xxxxxxxxxxxxx                      qxxxxxxxxxxxxxs        x
x         xxxxxxxxxxxxxxw                     axxxxxxxxxxxxw        xxx   xx  x xx   x                                                                                                                                 x   xx x  xx   xxx       qxxxxxxxxxxxxs                     qxxxxxxxxxxxxxx         x
x         xxxxxxxxxxxxxxxw                     axxxxxxxxxxxx        xxx   xx xx  xx  x                                                                                                                                 x  xxx xx xx   xxx       xxxxxxxxxxxxs                     qxxxxxxxxxxxxxxx         x
x         axxxxxxxxxxxxxxxw                     xxxxxxxxxxxx        xxxx  x xx   xxx                                                                                                                                     xxx   xx x  xxxx       xxxxxxxxxxxx                     qxxxxxxxxxxxxxxxs         x
x          xxxxxxxxxxxxxxxx                     axxxxxxxxxxx        xxxx  xx x x                                                                      _                                                                      x x xx  xxxx       xxxxxxxxxxxs            @        xxxxxxxxxxxxxxxx          x
x          axxxxxxxxxxxxxxxw                     axxxxxxxxxxw       xxxx  xxx x                                                                       x                                                                       x x x  xxxx      qxxxxxxxxxxs                     qxxxxxxxxxxxxxxxs          x
x           xxxxxxxxxxxxxxxxw                     axxxxxxxxxx       xxxx  xx x  x#                                                                    x                                                        r           x x x xx  xxxx      xxxxxxxxxxx                     qxxxxxxxxxxxxxxxx           x
x           axxxxxxxxxxxxxxxxw                     xxxxxxxxxx       xxxx  x  x                                                                                                                                d#f              x  x  xxxx  @   xxxxxxxxxxs                    qxxxxxxxxxxxxxxxxs           x
x            axxxxxxxxxxxxxxxxw                    axxxxxxxxx      qxxxx  xx x x                                                                      x                                                        x            x  xxxx  xxxxw     xxxxxxxxxs                    qxxxxxxxxxxxxxxxxs            x
x             xxxxxxxxxxxxxxxxxw                    xxxxxxxxx      xxxxx xx    x                                                                                                                                             x    xx xxxxx     xxxxxxxxx                    qxxxxxxxxxxxxxxxxx             x
x             axxxxxxxxxxxxxxxxxw                   axxxxxxxx      xxxx  xx  xxx x          xxx                                                      # #                                                      xxx          x xxx  xx  xxxx     xxxxxxxxs                   qxxxxxxxxxxxxxxxxxs             x
x              xxxxxxxxxxxxxxxxxxw                   axxxxxxxw    qxxxx  xx x  xx            x    x                                                  xxx                                                  x x  x            xx  x xx  xxxxw   qxxxxxxxs                   qxxxxxxxxxxxxxxxxxx              x
x              axxxxxxxxxxxxxxxxxxw                   xxxxxxxx    xxxx  xx  x xx          x  xx xxx                                               xxxxxxxxx                                              xxx  xx  x        x xx x  xx  xxxx   xxxxxxxx                   qxxxxxxxxxxxxxxxxxxs              x
x               xxxxxxxxxxxxxxxxxxxw                  axxxxxxx   qxxx   xx  x  x    x      xxxxxxxx                                              x x     x x                                              xxxxxxxx      x       x  xx   xxxw  xxxxxxxs                  qxxxxxxxxxxxxxxxxxxx               #
x               axxxxxxxxxxxxxxxxxxxw                  axxxxxx   xx    xx xxxx x     x   x  x   xx                                             x xx xxxxx xx x                                             xx   x  x  xx    xx xxxx xx    xx  xxxxxxs                  qxxxxxxxxxxxxxxxxxxxs               x
x                xxxxxxxxxxxxxxxxxxxxw                  xxxxxxw  x   xx xx   x xxxxxxx xxx xxxxx  x  x#x                                      x  xxxxxxxxxxx  x                                      xxx  x  xxxxx xxx xxxxxxx x   xx xx   x qxxxxxx                  qxxxxxxxxxxxxxxxxxxxx                #
x                axxxxxxxxxxxxxxxxxxxxw                 axxxxxx  x    x x   x  x x  xxxx x     x x x xxx                                     xxx xxxs   axxx xx                                       x  x x x     x xxxxx x x  x   x x    x xxxxxxs                 qxxxxxxxxxxxxxxxxxxxxs                x
x                 axxxxxxxxxxxxxxxxxxxxxw                axxxxxw x    x   x   xxx   xxxx x   x           x                               x      xxs       axx      x                               x     x     x     xxxx   xxx x x x x x  x xxxxxs                qxxxxxxxxxxxxxxxxxxxxxs                 x
x                  xxxxxxxxxxxxxxxxxxxxxxw                axxxxxw  x  xx xxxx xx   xxx x x xxxxxx  xxx x x                              x   xx xs           ax xx   x                              x x xxx  xxxxxx x x xxx   xx xxxx xx  x   xxxxs                qxxxxxxxxxxxxxxxxxxxxxx                  x
x                  axxxxxxxxxxxxxxxxxxxxxxw                axxxxxwx    x  xx  x xxx    x xx     xxx  xx  x           x   x     xx  x   xx   xxxs qxxxxxxxxxw axxx   xx   x         x   x           x  xx  xxx     xx x    xxx x  xx  x    x xxxxs                qxxxxxxxxxxxxxxxxxxxxxxs                  x
x                   xxxxxxxxxxxxxxxxxxxxxxxw                axxxxx x x x  x x   xxx  xxx           xx xxxx       x x    x      xx       x xxxs qxxxxxxxxxxxxxw axxx x       xx      x    x x       xxxx xx           xxx  x x x x x  x x x xxxxs                qxxxxxxxxxxxxxxxxxxxxxxx                   x
x     @             axxxxxxxxxxxxxxxxxxxxxxx#w               axxxxw  xxxx  x xx   xxxx   xxxxxx     xx xxx          x  x  x    x       xx xxsqxxxxxxxxxxxxxxxxxwaxx xx       x    x  x  x  x       xxx xx     xxxxxx   xxxx   xx x  xxxx  qxxxs               qxxxxxxxxxxxxxxxxxxxxxxxxs                   x
x                    axxxxxxxxxxxxxxxxxxxxxxxxw               axxxxw   xxx x  x   xxx  xxxxxxxxxx    xxxx x      xxx xxx x    xx    x x xxsqxxxxxxxxxxxxxxxxxxxxxwaxx   x    xx   xx xxx xxx      xxxxxx    xxxxxxxxxx  xxx   x  x xxx   qxxxx_              qxxxxxxxxxxxxxxxxxxxxxxxxs                    x
x                     xxxxxxxxxxxxxxxxxxxxxxxxxw                axxxw    xxxxxxxxx x xxxxxxxxxxxxx   xx x xx  x  x xxxxx x x  xxxxx   xxsqxxxxxxxs         axxxxxxxwaxx x xxxxx    x xxxxx x xx  xx x xx   xxxxxxxxxxxxx x xxxxxxxxx    qxxxs               qxxxxxxxxxxxxxxxxxxxxxxxxx                     x
x                     axxxxxxxxxxxxxxxxxxxxxxxxxxw               axxxw    x  xx  xxxxxs    axxxxxxx  xx x     x   x     xxxxx         x qxxxxs                 axxxxw x         xxxxx     x      x  x xx  xxxxxxxs    axxxxx  xx  x    qxxxs              qxxxxxxxxxxxxxxxxxxxxxxxxxxs                     x
x                      axxxxxxxxxxxxxxxxxxxxxxxxxxw               axxxxw    xxxxxxs          axxxxx  xx xx    xxxx xxxx x xx x xxx    xxxxs           @           axxxx    xxx   xx x xxxx xxxxx   xx xx  xxxxxs          axxxxxx    qxxxxs              qxxxxxxxxxxxxxxxxxxxxxxxxxxs                      x
x                       xxxxxxxxxxxxxxxxxxxxxxxxxxxxw              axxxxxxw                    axxxx x     xx xxx x   xxx xx x x   xxxxxs                           axxxxx   x x xx xxx   x xxxxxx     x xxxxs                    qxxxxxxs             qxxxxxxxxxxxxxxxxxxxxxxxxxxxx                       x
x                       axxxxxxxxxxxxxxxxxxxxxxxxxxxxw              axxxxxxxxxxxw               axxx     x x xxx x     xx xx xx xxxxxxs                               axxxxxx xx xx xx     x xxx x  x    xxxs               qxxxxxxxxxxxs             qxxxxxxxxxxxxxxxxxxxxxxxxxxxxs          @            x
x                        axxxxxxxxxxxxxxxxxxxxxxxxxxxxxw              axxxxxxxxxxxxxxxxw         axx  x  xxx  x x  xxx    xxx xxxxxs                  _                  axxxxx xxx    xxx  x x  xxx  x  xxs         qxxxxxxxxxxxxxxxxs             qxxxxxxxxxxxxxxxxxxxxxxxxxxxxxs                        x
x                         axxxxxxxxxxxxxxxxxxxxxxxxxxxxxw              axxxxxxxxxxxxxxxxxxxw       axxx  x xx  x xxxxxxxxxxxxxxxs           qxxxxxxxxx+xxxxxxxxxw           axxxxxxxxxxxxxxx x  xx x  xxxs       qxxxxxxxxxxxxxxxxxxxs             qxxxxxxxxxxxxxxxxxxxxxxxxxxxxxs                         x
x                          xxxxxxxxxxxxxxxxxxxxxxxxxxxxxxxw              axxxxxxxxxxxxxxxxxxxxw     ax xx xx    xxxxxxxxxs            qxxxxxxxxxxxxxxxxxxxxxxxxxxxxxxxw            axxxxxxxxx    xx xx xs     qxxxxxxxxxxxxxxxxxxxxs             qxxxxxxxxxxxxxxxxxxxxxxxxxxxxxxx                          x
x                          axxxxxxxxxxxxxxxxxxxxxxxxxxxxxxxxw    (        axxxxxxxxxxxxxxxxxxxxxxw   axxxxx  xxxs                qxxxxxxxxxxxxxxxxxxxxxxxxxxxxxxxxxxxxxxxxxw                axxx  xxxxxs   qxxxxxxxxxxxxxxxxxxxxxxs            qxxxxxxxxxxxxxxxxxxxxxxxxxxxxxxxxs                          x
x                           axxxxxxxxxxxxxxxxxxxxxxxxxxxxxxxxxw             axxxxxxxxxxxxxxxxxxxxxxxw    axx                 qxxxxxxxxxxxxxxxxxxxxxxxxxxxxxxxxxxxxxxxxxxxxxxxxxw                 xxs    qxxxxxxxxxxxxxxxxxxxxxxxs            qxxxxxxxxxxxxxxxxxxxxxxxxxxxxxxxxxs                           x
xw                            xxxxxxxxxxxxxxxxxxxxxxxxxxxxxxxxxxw               xxxxxxxxxxxxxxxxxxxxxxxw                 qxxxxxxxxxxxxxxxxxxxxxxxxxxxxxxxxxxxxxxxxxxxxxxxxxxxxxxxxxw                 qxxxxxxxxxxxxxxxxxxxxxxx               qxxxxxxxxxxxxxxxxxxxxxxxxxxxxxxxxxs                           qx
xxxxxxxxxxxxxxxxxxxxxxxxxxxxxxxxxxxxxxxxxxxxxxxxxxxxxxxxxxxxxxxxxxxxxxxxxxxxxxxxxxxxxxxxxxxxxxxxxxxxxxxxxxxxxxxxxxxxxxxxxxxxxxxxxxxxxxxxxxxxxxxxxxxxxxxxxxxxxxxxxxxxxxxxxxxxxxxxxxxxxxxxxxxxxxxxxxxxxxxxxxxxxxxxxxxxxxxxxxxxxxxxxxx#xxxxxxxxxxxxxxxxxxxxxxxxxxxxxxxxxxxxxxxxxxxxxxxxxxxx##xxxxxxxxxxxxxxxxxx
foo
