# Map converted by mapmapper
# @(#)$Id: fuzz.map,v 1.1 1994/02/23 14:40:12 jkh Exp $ Version 1.0
mapWidth:            178
mapHeight:           198
mapName:             Fuzz EW
mapAuthor:           Ronny H. Arild (+BG)
teamPlay:            no
playerShielding:	 no
edgeWrap:			 yes
timing:              no
mapData: \multiline: EndOfMapdata
                 a##s     qxs                                                                                                                       axw    a##s                   
                  as     qxs                                                                                                                         axw    as                    
                        qxs                                                                                                                           axw                         
                       qxs                                                                                                                             axw                        
                      qxs                                                                                                                               axw                       
                     qxs                                                                                                                                 axw                      
                    qxs                                                                                                                                   axw                     
                   qxs                                                                                                                                     axw                    
        <         qxs                                                                                                                                       axw         >         
                 qxs                                                                                                                                         axw                  
                 as                                                                                                                                           as                  
                                                                                                                                                                                  
                                                                                                                                                                                  
                                                                                                                                                                                  
                                                                                                                                                                                  
                                                                                                                                                                                  
          qr                                                                                                                                                         rw           
         qxs                                                                                                                                                         axw          
        qxs                qxxxxxxxxxxxxxxxxxxxxxxxxxxxxxxxxxxxxxxxxxxxxxxxxxxxxxxxxxxxxxxxxxxxxxxxxxxxxxxxxxxxxxxxxxxxxxxxxxxxxxxxxxxxxxxxxxxxxxxxxxw                axw         
       qxs                qxxxxxxxxxxxxxxxxxxxxxxxxxxxxxxxxxxxxxxxxxxxxxxxxxxxxxxxxxxxxxxxxxxxxxxxxxxxxxxxxxxxxxxxxxxxxxxxxxxxxxxxxxxxxxxxxxxxxxxxxxxxw                axw        
      qxs                qxxxxxxxxxxxxxxxxxxxxxxxxxxxxxxxxxxxxxxxxxxxxxxxxxxxxxxxxxxxxxxxxxxxxxxxxxxxxxxxxxxxxxxxxxxxxxxxxxxxxxxxxxxxxxxxxxxxxxxxxxxxxxw                axw       
     qxs                qxxxxxxxs axxxxxxxxxxxxxxxxxxxxxxxxxxxxxxxxxxxxxxxxxxxxxxxxxxxxxxxxxxxxxxxxxxxxxxxxxxxxxxxxxxxxxxxxxxxxxxxxxxxxxxs axxxxxxxxxxxxw                axw      
    qxs                qxxxxxxxx   xxxxxxxxxxsaxxxxxxxxxxxxxxxxxxxxxxxxxxxxxxxxxxxxxxxx#xxxxxxxxxxxxxxxxxxxxxxxxxxxxxxxxxxxxxxxs   axxs     xxxxxs  axxxxw                axw     
   qxs                qxxxxxxxxs   axs axxxxs  xxxxxxxxxxxxxxxxxxxxxxxxxxxxxxxxxxxxxxs  axxxxxxxxxxxxxxxxxxxxxxxxxxxxxxxsaxxxs              axxxs    xxxxxw                axw    
  qxs                qxxxxxxxxs         xxxx   axxxxxxxxxxxxxxxxxxxxxs axxxxsaxxxxxxs    xxxxxxxxxxxxxs axxxs  axxxxxxxs   xx                as      axxxxxw                axw   
 qxs                qxxxxxxxxx          xxxs     axxxxxxxxxxxsaxxxxs          as         axxxs   axs            xxxxxxs    as                          axxxxw                axw  
qxs                qxxxxxxxxxx          as        axxxxxxxxs   xxxs                                             axxxxs                                  xxxxxw                axw 
xs                qxxxxxxxxxxs                     axxxxxxx    axx                                               axxx                                   xxxxxxw                axw
s                 xxxxxxxxxxs                       axxxxxs     as                                                axs                                   axxxxxx                 ax
                  xxxxxxaxs                          axxxs                                                                                               axxxxx                  a
                  xxxxxs                              axx                                                                                                 xxxxx                   
                  xxxxx                                as                                                                                                 xxxxx                   
                  xxxxx                                                                                                                                   axxxx                   
                  xxxxxw                                                                                                                                   axxx                   
                  xxxxxxf                                                                                                                                   xxx                   
                  xxxxxs                                                                                                                                    xxx                   
                  xxxxx                                                                                                                                     xxx                   
                  xxxxs                                                                                                                                    qxxx                   
                  xxxx                                                                                                                                    qxxxx                   
                  xxxxw                                                                                                                                  qxxxxx                   
                  xxxxxxw                                                                                                                                axxxxx                   
                  xxxxxxs                                                                                                                                 axxxx                   
                  xxxxxs                                                                                                                                   xxxx                   
                  xxxs                                                                                                                                     xxxx                   
                  xxx                                                                                                                                      axxx                   
                  xxxw                                                                                                                                     qxxx                   
                  xxxx                                                                                                                                    qxxxx                   
                  xxxx                                                                                                                                  qxxxxxx                   
                  xxxx                                                                                                                                 qxxxxxxx                   
                  xxxx                                                                     qw                                                         qxxxxxxxx                   
                  xxxxw                                                                    xx                                                         xxxxxxxxx                   
                  xxxxx                                                                    axw qxw                                                    xxxxxxxxx                   
                  xxxxxw                                                      qxw           xxxxxx                                                   qxxxxxxxxx                   
                  xxxxxxs                                                     xxx     qw _ qxxxxxx                                                   xxxxxxxxxx                   
                  xxxxxx                                                      xxxw    xxxxxxxxxxxxw                                                 qxxxxxxxxxx                   
                  xxxxxs                                                      xxxxw  qxxxxxxxxxxxxx                                                 xxxxxxxxxxx                   
                  xxxs                                                        axxxx#xxxxxxxxxxxxxxx                                                 axxxxxxxxxx                   
                  xxx                                                          xxxxxxxxxxxxxxxxxxxx                                                  xxxxxxxxxx                   
                  xxxw                                                         xxxxxxxxxxxxxxxxxxxs                                                  xxxxxxxxxx                   
                  xxxs                                                        qxxxxxxxxxxxxxxxxxxx                                                   xxxxxxxxxx                   
                  xxs                                                        dxxxxxxxxxxxxxxxxxxxxf                                                  axxxxxxxxx                   
                  xx                                                          xxxxxxxxxxxxxxxxxxxxw                                                    axxxxxxx                   
                  xxw                                                         xxxxxxxxxxxxxxxxxxxxx                                                     xxxxxxx                   
                  xxx                                                         axxxxxxxxxxxxxxxxxxxx                                                     xxxxxxx                   
                  axs                                                          xxxxxxxxxxxxxxxxxxxs                                                   _qxxxxxxx                   
                                                                               xxxxxxxxxxxxxxxxxxs                                                   qxxxxxxxxx                   
                                                                               axxxxxxxx#xxxxxxxx                                                   qxxxxxxxxxx                   
                  qxw                                                              axxxs  axxxxxx                                                 qxxxxxxxxxxxx                   
                  xxx                                                                      axxxxx                                                qxxxxxxxxxxxxx                   
                  xxxw                                                                        axs                                               qxxxxxxxxxxxxxx                   
                  xxxx                                                                                                                          axxxxxxxxxxxxxx                   
                  xxxxw                                                                                                                          xxxxxxxxxxxxxx                   
                  xxxxxxw                                                                                                                        xxxxxxxxxxxxxx                   
                  xxxxxxx                                                                                                                        axxxxxxxxxxxxx                   
                  xxxxxxs                                                                                                                        qxxxxxxxxxxxxx                   
                  xxxxs                                                                                                                         qxxxxxxxxxxxxxx                   
                  xxxx                                                                                                                         qxxxxxxxxxxxxxxx                   
                  xxxx                                                               qxxw                                                     qxxxxxxxxxxxxxxxx                   
                  xxxxw                                               qxxw         qxxxxx                                                     axxxxxxxxxxxxxxxx                   
                  xxxxx                                              qxxxx      qxxxxxxxx                                                      xxxxxxxxxxxxxxxx                   
                  xxxxxw                                            qxxxxxw _ qxxxxxxxxxx     qxw    qxxw                                      xxxxxxxxxxxxxxxx                   
                  xxxxxxw                                          qxxxxxxxxxxxxxxxxxxxxxw _qxxxxxwqxxxxxxxw                                   axxxxxxxxxxxxxxx                   
                  xxxxxxx                                         qxxxxxxxxxxxxxxxxxxxxxxxxxxxxxxxxxxxxxxxxxw       qw                       qxxxxxxxxxxxxxxxxx                   
                  xxxxxxxw                                        xxxxxxxxxxxxxxxxxxxxxxxxxxxxxxxxxxxxxxxxxxx      qxx                      qxxxxxxxxxxxxxxxxxx                   
                  xxxxxxxxw                                       xxxxxxxxxxxxxxxxxxxxxxxxxxxxxxxxxxxxxxxxxxx    qxxxx                     qxxxxxxxxxxxxxxxxxxx                   
                  xxxxxxxxx                                       xxxxxxxxxxxxxxxxxxxxxxxxxxxxxxxxxxxxxxxxxxxw  qxxxxxw                   qxxxxxxxxxxxxxxxxxxxx                   
                  xxxxxxxxxw                                      axxxxxxxxxxxxxxxxxxxxxxxxxxxxxxxxxxxxxxxxxxxxxxxxxxxx                   xxxxxxxxxxxxxxxxxxxxx                   
                  xxxxxxxxxxxxw                                    xxxxxxxxxxxxxxxxxxxxxxxxxxxxxxxxxxxxxxxxxxxxxxxxxxxx                   xxxxxxxxxxxxxxxxxxxxx                   
                  xxxxxxxxxxxxxxw                                  #xxxxxxxxxxxxxxxxxxxxxxxxxxxxxxxxxxxxxxxxxxxxxxxxxxs                   xxxxxxxxxxxxxxxxxxxxx                   
                  xxxxxxxxxxxxxxx                                _qxxxxxxxxxxxxxxxxxxxxxxxxxxxxxxxxxxxxxxxxxxxxxxxxxxs             qxxw _qxxxxxxxxxxxxxxxxxxxxx                   
                  xxxxxxxxxxxxxxxw                              qxxxxxxxxxxxxxxxxxxxxxxxxxxxxxxxxxxxxxxxxxxxxxxxxxxxs              xxxxxxxxxxxxxxxxxxxxxxxxxxxx                   
                  xxxxxxxxxxxxxxxx                             qxxxxxxxxxxxxxxxxxxxxxxxxxxxxxxxxxxxxxxxxxxxxxxxxxs                qxxxxxxxxxxxxxxxxxxxxxxxxxxxx                   
                  xxxxxxxxxxxxxxxx        qxw                  xxxxxxxxxxxxxxxxxxxxxxxxxxxxxxxxxxxxxxxxxxxxxxxxxx                qxxxxxxxxxxxxxxxxxxxxxxxxxxxxx                   
                  xxxxxxxxxxxxxxxxw_  qxxxxxx        qxw      qxxxxxxxxxxxxxxxxxxxxxxxxxxxxxxxxxxxxxxxxxxxxxs  as                xxxxxxxxxxxxxxxxxxxxxxxxxxxxxx                   
                  xxxxxxxxxxxxxxxxxxxxxxxxxxxw   qxxxxxxxw  qxxxxxxxxxxxxxxxxxxxxxxxxxxxxxxxxxxxxxxxxxxxxxxs                     axxxxxxxxxxxxxxxxxxxxxxxxxxxxx                   
                  xxxxxxxxxxxxxxxxxxxxxxxxxxxxxxxxxxxxxxxxwqxxxxxxxxxxxxxxxxxxxxxxxxxxxxxxxxxxxxxxxxxxxxxxs                       axxxxxxxxxxxxxxxxxxxxxxxxxxxx                   
                  xxxxxxxxxxxxxxxxxxxxxxxxxxxxxxxxxxxxxxxxxxxxxxxxxxxxxxxxxxxxxxxxxxxxxxxxxxxxxxxxxxxxxs                           axxxxxxxxxxxxxxxxxxxxxxxxxxx                   
                  xxxxxxxxxxxxxxxxxxxxxxxxxxxxxxxxxxxxxxxxxxxxxxxxxxxxxxxxxxxxxxxxxxxxxxxxxxxxxxxxxxxxs                             axxxxxxxxxxxxxxxxxxxxxxxxxx                   
                  xxxxxxxxxxxxxxxxxxxxxxxxxxxxxxxxxxxxxxxxxxxxxxxxxxxxxxxxxxxxxxxxxxxxxxxxxxxxxxxxxxxs                             _qxxxxxxxxxxx#xxxxxxxxxxxxxx                   
                  xxxxxxxxxxxxxxxxxxxxxxxxxxxxxxxxxxxxxxxxxxxxxxxxxxxxxxxxxxxxxxxxxxxxxxxxxxxxxxxxxxx                             qxxxxxxxxxxxxs axxxxxxxxxxxxx                   
                  xxxxxxxxxxxxxxxxxxxxxxxxxxxxxxxxxxxxxxxxxxxxxxxxxxxxxxxxxxxxxxxxxxxxxxxxxxxxxxxxxxx_                            xxxxxxxxxxxs    axxxxxxxxxxxx                   
                  xxxxxxxxxxxxxxxxxsaxxxxxxxxsaxxxxxxxxxxxxxxxxxxxxxxxxxxxxxxxxxxxxxxxxxxxxxxxxxxxxxxxw                          qxxxxxxxxxxx      axxxxxxxxxxx                   
                  xxxxxxxxxxxxxxxxx   axxxxs   axxxxxxxxxxxxxxxxxxxxxxxxxxxxxxxxxxxxxxxxxxxxxxxxxxxxxxxw                         xxxxxxxxxxxx       xxxxxxxxxxx                   
                  xxxxxxxxxxxxxxxxs    axxs     xxxxxxxxxxxxxxxxxxxxxxxxxxxxxxxxxxxxxxxxxxxxxxxxxxxxxxxs                         xxxxxxxxxxxxw      xxxxxxxxxxx                   
                  xxxxxxxxxxxxxxs               axxxxxxxxxxxxxxxxxxxxxxxxxxxxxxxxxxxxxxxxxxs  axxs axxs                          xxxxxxxxxxxxs      xxxxxxxxxxx                   
                  xxxxxxxxxxxxxs                 axxxxxxxxxxxxxxxxxxxxxxxxxxxxxxxxxxxxxxxxs    as                                axxxxxxxxxxs       axxxxxxxxxx                   
                  xxxxxxxxsaxxx                    axxxxxxxxxxxxxxxxxxxxxxxxxxxxxxxxxxxxxx                                        xxxxxxxxs            axxxxxxx                   
                  xxxxxxxs   as                     xxxxxxxxxxxxxxxxxxxxxxxxxxxxxxxxxxxxxx                                       dxxxxxxs              qxxxxxxx                   
                  xxxxxxs                           xxxxxxxxxxxxxxxxxxxxxxxxxxxxxxxxxxxxxs                                        axxxxx               xxxxxxxx                   
                  xxxxxx                            axxxxxxxxxxxxxxxxxxxxxxxxxxxxxxxxxxxs                                          axxxs               xxxxxxxx                   
                  xxxxxs                             axxxxxxxxxxxxxxxxxxxxxxxxxxxxs axxs                                                               xxxxxxxs                   
                  xxxxx                               axxxxxxxxxxxxxxxxxxxxxxxxxxs                                                                     xxxxxs                     
                  xxxxs                                axxxs axxxxxxxxxxxxxxxxxxs                                                                      axxxx                      
                  xxxx                                  axs   axxxxxxxxxxxxxxxxx                                                                         axs                      
                  xxxxw                                        xxxxxxxxxxxxxxxxx                                                                                                  
                  xxxxx                                        axxxxxxxxxxxxxxxs                                                                                                  
                  xxxxs                                         axxxxxxxxxxxxxs                                                                                                   
                  xxs                                            axxxxxxxsaxs                                                                                                     
                  xx                                              xxxxxxs                                                                                                         
                  xx                                              as as                                                                                                           
                  x#                                                                                                                                                              
                  xx                                                                                                                                                              
                  xxw                                                                                                                                                             
                  xxx                                                                                                                                    qxw                      
                  xxx                       qxxxw                                                                                                        xxx                      
                  xxx                      qxxxxxx                                                                                                    r qxxxw                     
                  xxx                      xxxxxxx                                                                                                   qxxxxxxxxw                   
                  xxxw                     xxxxxxxw     qxxw                                                                                        dxxxxxxxxxx                   
                  xxxx                     axxxxxxx     xxxx  _   qw                                                                                 xxxxxxxxxx                   
                  xxxxw                     xxxxxxx    qxxxxwqxxwqxxw                                                                                axxxxxxxxx                   
                  xxxxxxw                   xxxxxxxw_qxxxxxxxxxxxxxxx                                                                                 xxxxxxxxx                   
                  xxxxxxx                   xxxxxxxxxxxxxxxxxxxxxxxxx                                                                                 xxxxxxxxx                   
                  xxxxxxxw                  axxxxxxxxxxxxxxxxxxxxxxxs                                                                                 axxxxxxxx                   
                  xxxxxxxxxwr qxw            xxxxxxxxxxxxxxxxxxxxxxx                                                                                   xxxxxxxx                   
                  xxxxxxxxxxxxxxxxw         qxxxxxxxxxxxxxxxxxxxxxxx                                qw  qxxxw                                          xxxxxxxx                   
                  xxxxxxxxxxxxxxxxxxxw      xxxxxxxxxxxxxxxxxxxxxxxx                               qxxxxxxxxx                                         qxxxxxxxx                   
                  xxxxxxxxxxxxxxxxxxxxxxw _qxxxxxxxxxxxxxxxxxxxxxxxx                              qxxxxxxxxxs                       qxxxw           qxxxxxxxxxx                   
                  xxxxxxxxxxxxxxxxxxxxxxxxxxxxxxxxxxxxxxxxxxxxxxxxxx                             qxxxxxxxxxx                        xxxxx           xxxxxxxxxxx                   
                  xxxxxxxxxxxxxxxxxxxxxxxxxxxxxsaxxxxxxxxxxxxxxxxxxs                             axxxxxxxxxx                        xxxxx          qxxxxxxxxxxx                   
                  xxxxxxxxxxxxxxxxxxxxs  axxs     as c axxxxxxxxxs                                xxxxxxxxxx                        xxxxx          axxxxxxxxxxx                   
                  xxxxxxxxxxxxxxxxxxs                   axxxxxxxxwqxw                             xxxxxxxxxx                       qxxxxx           xxxxxxxxxxx                   
                  xxxxxxxxxxxxxxxxxs                     xxxxxxxxxxxx                             xxxxxxxxxxw                     qxxxxxxw          axxxxxxxxxx                   
                  xxxxxxxxxxxxxxxxx                      xxxxxxxxxxxx                             axxxxxxxxxxxxw                  xxxxxxxxxw        qxxxxxxxxxx                   
                  xxxxxxxxxxxxxxxxx                      axxxxxxxxxxx                              xxxxxxxxxxxxx                  axxxxxxxxx        xxxxxxxxxxx                   
                  xxxxxxxxxxxxxxxxs                       xxxxxxxxxxx                             qxxxxxxxxxxxxx                    axxxxxxx        xxxxxxxxxxx                   
                  xxxxxxxxxxxxxxs                         xxxxxxxxxxs                            qxxxxxxxxxxxxxx                    qxxxxxxs        axxxxxxxxxx                   
                  xxxxxxxxxxxxxx                          xxxxxxxxxx                           qxxxxxxxxxxxxxxxs                    xxxxxxx          xxxxxxxxxx                   
                  xxxxxxxxxxxxxx                          xxx##xxxxx             qxxxxxw       xxxxxxxxxxxxxxxx                     xxxxxxx          xxxxxxxxxx                   
                  xxxxxxxxxxxxxs                          axs  axxxs          qxxxxxxxxxxxw r qxxxxxxxxxxxxxxxx                     xxxxxxx          xxxxxxxxxx                   
                  xxxxxxxxxxxxx                                              qxxxxxxxxxxxxxxxxxxxxxxxxxxxxxxxxx                     xxxxxxxw        qxxxxxxxxxx                   
                  xxxxxxxxxxxxs                                              xxxxxxxxxxxxxxxxxxxxxxxxxxxxxxxxxs                     axxxxxxx       qxxxxxxxxxxx                   
                  xxxxxxxxxxxx                                               xxxxxxxxxxxxxxxxxxxxxxxxxxxxxxxxx                       xxxxxxx       axxxxxxxxxxx                   
                  xxxxxxxxxxxs                                               axxxxxxxxxxxxxxxxxxxxxxxxxxxxxxxxw                      xxxxxxx         axxxxxxxxx                   
                  xxxxxxxxxs                                                 qxxxxxxxxxxxxxxxxxxxxxxxxxxxxxxxxx                     qxxxxxxs          xxxxxxxxx                   
                  xxxxxxxxxf                                                qxxxxxxxxxxxxxxxxxxxxxxxxxxxxxxxxxx                  qxxxxxxxxx           xxxxxxxxx                   
                  xxxxxxxxx                                                 axxxxxxxxxxxxxxxxxxxxxxxxxxxxxxxxxs                qxxxxxxxxxxx           xxxxxxxxx                   
                  xxxxxxxxxw                                                 xxxxxxxxxxxxxxxxxxxxxxxxxxxxxxxxx                qxxxxxxxxxxxs           xxxxxxxxx                   
                  xxxxxxxxxx                                                 xxxxxxxxxxxxxxxxxxxxxxxxxxxxxxxxx               qxxxxxxxxxxxs            axxxxxxxx                   
                  xxxxxxxxxx                           qxxw                  axxxxxxxxxxxxxxxxxxxxxxxxxxxs  as              qxxxxxxxxxs                xxxxxxxx                   
                  xxxxxxxxxx                           axxx                   xxxxxxxxxxxxxxxxxxxxs   as                    xxxxxxxxxs                 xxxxxxxx                   
                  xxxxxxxxxs                            xxxw                  xxxxxxxxxxxxxxxxxxxx                         qxxxxxxxxx                  xxxxxxxx                   
                  xxxxxxxxx                            qxxxs                 qxxxxxxxxxxxxxxxxxxs                         qxxxxxxxxxs                  xxxxxxxx                   
                  xxxxxxxxx                            xxxs                  xxxxxxxxxxxxxxxxxxs                          axxxxxxxs                    xxxxxxxx                   
                  xxxxxxxxx                            xxx                   xxxxxxxxxxxxxsaxs                             xxxxxxx                    qxxxxxxxx                   
                  xxxxxxxxxw                          qxxxw                  axxxxxxxxxxxx                                 xxxxxxx                  qxxxxxxxxxx                   
                  xxxxxxxxxxxw                      qxxxxxx                   xxxxxxxxxxxs                                 xxxxxxx                  xxxxxxxxxxx                   
                  xxxxxxxxxxxx                      axxxxxs                   axxxxxxxxxx                                  xxxxxxx                  xxxxxxxxxxx                   
                  xxxxxxxxxxxx                       xxxxs                     axxxxxxxxx                                  axxxxxxw                 axxxxxxxxxx                   
w                 xxxxxxxxxxxs     qxxw              xxxx                      qxxxxxxxxx                                    axxxxx                  xxxxxxxxxx                  q
xw                axxxxxxxxxxw _qxxxxxxxw            axxxw                     xxxxxxxxxxw_                                   xxxxx                  xxxxxxxxxs                 qx
axw                axxxxxxxxxxxxxxxxxxxxxxxw          xxxxxxxw                 xxxxxxxxxxxxxw                                 xxxxs                  xxxxxxxxs                 qxs
 axw                axxxxxxxxxxxxxxxxxxxxxxx          axxxxxxxw                axxxxxxxxxxxxxxxxxw            qxw             xxxx                 _qxxxxxxxs                 qxs 
  axw                axxxxxxxxxxxxxxxxxxxxxxw          axxxxxxs                 xxxxxxxxxxxxxxxxxx            xxx          _ qxxxx                qxxxxxxxxs                 qxs  
   axw                axxxxxxxxxxxxxxxxxxxxxxxw         xxxxxw _ qxxw    qxw    xxxxxxxxxxxxxxxxxxw        _ qxxxw        qxxxxxxs     qxxxw      xxxxxxxxs                 qxs   
    axw                axxxxxxxxxxxxxxxxxxxxxxx        qxxxxxxxxxxxxxxw qxxx    xxxxxxxxxxxxxxxxxxx   qxxxxxxxxxxx    qxxxxxxxxxx      xxxxs     qxxxxxxxs                 qxs    
     axw                axxxxxxxxxxxxxxxxxxxxx#      qxxxxxxxxxxxxxxxxxxxxxxw_ qxxxxxxxxxxxxxxxxxxx   xxxxxxxxxxxxw  qxxxxxxxxxxxw  _ xxxs   qxxxxxxxxxxs                 qxs     
      axw                axxxxxxxxxxxxxxxxxxxxxw     xxxxxxxxxxxxxxxxxxxxxxxxxxxxxxxxxxxxxxxxxxxxxxwrqxxxxxxxxxxxxxx#xxxxxxxxxxxxxxxxxxxxwqxxxxxxxxxxxxs                 qxs      
       axw                axxxxxxxxxxxxxxxxxxxxxw   qxxxxxxxxxxxxxxxxxxxxxxxxxxxxxxxxxxxxxxxxxxxxxxxxxxxxxxxxxxxxxxxxxxxxxxxxxxxxxxxxxxxxxxxxxxxxxxxxxs                 qxs       
        axw                axxxxxxxxxxxxxxxxxxxxs   axxxxxxxxxxxxxxxxxxxxxxxxxxxxxxxxxxxxxxxxxxxxxxxxxxxxxxxxxxxxxxxxxxxxxxxxxxxxxxxxxxxxxxxxxxxxxxxxs                 qxs        
         axw                                                                                                                                                          qxs         
          as                                                                                                                                                          as          
                                                                                                                                                                                  
                                                                                                                                                                                  
                                                                                                                                                                                  
                                                                                                                                                                                  
                                                                                                                                                                                  
                 rw                                                                                                                                            qr                 
                 axw                                                                                                                                          qxs                 
                  axw                                                                                                                                        qxs                  
                   axw                                                                                                                                      qxs                   
        <           axw                                                                                                                                    qxs           >        
                     axw                                                                                                                                  qxs                     
                      axw                                                                                                                                qxs                      
                       axw                                                                                                                              qxs                       
w                       axw                                                                                                                            qxs                       q
xw                       axw                                                                                                                          qxs                       qx
xxw                qw     axw                                                                                                                        qxs    qw                 qxx
xxxw              q##w     axw                                                                                                                      qxs    q##w               qxxx
EndOfMapdata

