# Map converted by mapmapper @(#)Version 1.0

mapWidth:            150
mapHeight:           150
mapName:             The new and improved map
mapAuthor:           Tom Grydeland & BuGless & Rat
crashWithPayer:      yes
playerKillings:      yes
playerShielding:     yes
limitedVisibility:   yes
teamPlay:            no
timing:              no
onePlayerOnly:       no
limitedLives:        no
worldLives:          0
mapData: \multiline: EndOfMapdata
xxxxxxxxxxxxxxxxxxxxxxxxxxxxxxxxxxxxxxxxxxxxxxxxxxxxxxxxxxxxxxxxxxxxxxxxxxxxxxxxxxxxxxxxxxxxxxxxxxxxxxxxxxxxxxxxxxxxxxxxxxxxxxxxxxxxxxxxxxxxxxxxxxxxxx
xxxxxxxxxxxxxxxxxxxxxxxxxxxxxxxxxxxxxxxxxxxxxxxs        axxxxcxxxxxxxxxxxxxxxxxxxxxs                                         axs                    qx
xxxxxxxxxxxxxxxxxxxxxxxxxxxxxxxxxxxxs                       a s                                                                                     xx
xxxxxxxxxxxxxxxxxxxxxxxxxxxxxxxc                                                                                                                   qxx
xxxxxxxxxxxxxxxxxxxxxxxxxxxs                                                                                                                       xxx
xxxxxxxxxxsc axxxxxxxxxxs                                               a                                                                          #xx
xxxxxxxxxs     axxxxxxf                                                                                                       x                  qxxsx
xxxxxxxxs        axxs                                                                                                        dxw                qxxs x
xxxxxxxs           #                                      q                                                  @                xxw              qxxx  x
xxxxxxx          qxx                                                  r                                                       axxxw           qxxxs  x
xxxxxxx          xxs                                                  #>               a                                       axxxxxw       qxxxx   x
xxxxxxs          xx                                                   c                                                           axxxxxw  _qxxxxs   x
xxxxxx          qxs                           q                                                                                     axxxxxxxxxxs     x
xxxxxs          xx                                         xf                                                                         axxxxxxxs      x
xxxxx           xs                                         ax                                                                           axxxxs       x
xxxxx          qx                                                     x                                   x                              axxs        x
xxxxs          xx                                                   dxs                                  qx                               a#         x
xxxs           xs                                    w                            s                     qxx                                          x
xxx            x                                                                                      qxxxxw                                         x
xxx           _xf                                                                                   qxxxxxxxw                                        x
xxs           as                                                    w                           qw   axxxxxxxw                                       x
xx                                                                                           qxxxxw   caxxxxx#xxw                                    x
xx                                                                                      qxxxxxxxxxxw          axxxw                                  x
xx                                                                                qxxxxxxxxxxxxxxxxxxw          axxxxw                               x
xs                                                                          qxxxxxxxxxxxxxxxxxxxxxxxxxxxxxxx     axxxxxxxw                           x
x                                                                     qxxxxxxxxxxxxxxxxxxxxxxxxxxxxxxxxxxs c       as  axxxxw                        x
x                                                                  qxxxxxxxxxxxxxxxxxxxxxxxxxxxxxxxxxxxxs               axxxxxxw                     x
x                                                               qxxxxxxxxxxxxxxxxxxxxxxxxxxx#xxxxxxxxxxs   qxxxxw         axxxxxw                    x
x                                                             qxxxxxxxxxxxxxxxxxxxxxxxxs   ccc                 axxw         axxxxw                   x
x                                                         qxxxxxxxsccaxxxxs                                      axxxx_w      axxx                   x
x                                                       qxxxxxxxxxf   cccc                                         axxxxxw      ax                   x
x                                                    qxxxxxxxxs as                                                   axxxxxw    dxw                 dx
x                                                   qxxxxxxxxs    _qw                                                  axxxxr     a                  x
x                                                 qxxxxxxxs       axxwrr                    _                            axxxw                       x
x                                                qxxxxxxxs          axxxr                   @                             axxxxw                     x
x                   >       <                  qxxxxxxs              axxxw                                                 xxxxxxxw                  x
x                    >     <                  qxxxxxxs                xxxx                                                 axxxxxxx                  x
x                     >   <                  qxxxxxs                  xxxxf                 +                               xxxxxxxw                 x
x                      >@<                  qxxxxs                    axxx                                                  xxxxxxf                  x
xf                     > <                 qxxxxs                      axs                                  @               xxxxxxxs                 x
x                                          xxxxx                        x                                                  dxxxxxxx                  x
x                                          xxs                         dx_                                                  xxxxxxs                  x
x                                         dxxf                          ax                                                  xxxxxx                   x
xf                                                                      dx                                                  xxxxxx                   x
xf                                                                      d#f                                                qxxxxxx                   x
xf                                                                      dx                                                 xxxxxxxf                  x
xf                                         r                             aw_rr                                             xxxxxxx                   x
x                                         qxw                             axxxw                                            xxxxxxx                   x
x                                         xxxw                               ax                                            xxxxxxx                   x
x                                        qxxxx                                x                                            xxxxxxs                   x
x                                      qxxxxxx                                x                 @                          xxxxxx                    x
x                                    qxxxxxxxs                                x                                            xxxxxx                    x
x                               qxxxxxxxxxs                                   x                                           qxxxxxx                    x
xf                           qxxxxxxxxxxs                                     #w                                          xxxxxxx                    x
x                         qxxxxxxxxxxxxs                                      xx qw                                      qxxxxxxs                    x
x                      qxxxxxxxxxxxxxs                                        axxxxw                                     xxxxxxs                     x
x                    qxxxxxxxxxxxx#                                            axxxxxw r                                qxxxxxx                      x
x                   qsc  axxxxxxxs                                                axxxxxxxw                            qxxxxxs                       x
x                  qs       axxs                                                    axxxxxxxxw                         xxxxxs                        x
x                  x         xs                                                        axxxxxxxxxw    qw              #xxxxs                         x
x                 qx        qs                                                          xxxxxxxxxxxxxxxxw            xxxxxs                          x
x                 xs   @    x                                                           axxxxxxxxxxxs  as           qxxxxs                           x
x                 x        qs                                                                   as                  xxxxs                            x
x                 x       qs                                                                         qxwqxxw       qxxxs                             x
x                 #   @   x                                                                          as   axxxw_ rqxxxs                              x
x                 x       #                                                                                axxxxxxxxxs                               x
x                qs       x                                                                                 axxxxxxxs                                x
x                x        xf                                                                                                                         x
x                x        x                                                                                                                          x
x                x       qs                                                                                wrq                                       x
x                x       x                                                                             qxxxxxs                                       x
xf               xw  _  qx                                                                             xcx                                           x
x                xxxxxxxxs                                                                             s a                                           x
x                xxxxxxxx                                                                                                      @                     x
x                axxxxxxx                                                                                                                            x
xf                xxxxxxx                                                                                                                            x
x                 xxxxxxx                                                                             qxxw                                           x
x                 xxxxxxx                                                                        sJ CBB xs                                           x
x                 xxxxxxxw                                                                       qxxxxxxs                                            x
x                 xxxxxxxx                                                                      qxxxxxxs                                             x
x                 xxxxxxxs                                                                    qxxxxxxs                                               x
x                 xxxxxxs                                                                     xxxxxxxw                                               x
x                 axxxs                                                                       xxxxxxxxxw                                             x
xw                 xxs   qw                                                                   axxxxxxxxxxw         qw                                x
xxw                xs    #x                                                                    axxxxxxxxxxxxxxxxxxxxxw                               x
xxxw               x    qxx                                                                         axxxxxxxxxxxxxxxxxxxw                            x
xxxxw              s   qxxx                                                                           axxxxxxxxxxxxxxxxxx   qrw                      x
xxxxxxxxxw           rqxxxx                                                                               axxxxxxxxxxxxxxw  axxxw                    x
xxxxxxxxxxxw        qxxxxxx                                                                                ++++++axxxxxxxxw  axxxw                   x
xsaxxxxxxxxxw       xxxxxxx                                                                             +++      +++axxxxxx   xxxx                   x
x  axxxxxxxxxxf     xxxxxxxw                                                                          ++            ++axxxx   xxxx                   x
x    axxxxxxxx      xxxxxxxx                                                                         +                +xxxxf  x+xx                   x
x     xxxxxxxx      xxxxxxxx                                                                         +                +axxxw  axxx                   x
x     axxxxxxx      xxxxxxxx                                                                   +    +         @        +xxxx   axx                   x
x        axxxx      xxxxxxxx                                                                    ++  +                  +xxxs _ +xx                   x
x         xxxx      xxxxxxxx                                                                      + +                  +axx  axxxx                   x
x         axxx     qxxxxxxxx                                                                       +                    +xxw  xx#s                   x
x         qxxx     xxxxxxxxx                                                                                 --         +xxxw as                     x
x         xxxs     xxxxxxxxx                                                                                 --         +xxxxw                       x
x         xxs      xxxxxxxxx                                                                       +                    +xxxxxw                      x
x        qxs      qxxxxxxxxs                                                                      + +                  +qxxxxxx                      x
x        s       qxxxxxxxxs                                                                     ++  +                  +xxxxxxx                      x
x               qxxxxxxxxs                                                                     +    +        _         +xxxxxxs                      x
x              qxxxxxxxs                                                                             +                +qxxxxxs                       x
x             qxxxxxxxs                                                                              +                +xxxxxxf                       x
x         w  qxxxxxxxs                                                                                ++            ++qxxxxs                         x
x         awqxxxxxxxs                                                                                   +++      +++qxxxxxx                          x
x          xxxxscaxs                                                                                       ++++++qxxxxxx#                            x
x          #xx#                                                                                             qxxxxxxxxxxs                             x
x          xxx#                                                                                        qxxxxxxxxxxxxs                                x
x         qxxxx                                                                                      qxxxxxxxxxxs                                    x
x   qxw  qxxxxs                                                                                    qxxxxxxxxxxxs                                     x
x   axx_qxxxxx_ qw                                                                                 xxxxxxxxxxxs                                      x
x    axxxxx#xxxxxs                                                                                qxxxxxxxxxxs                                       x
x     as                                                                                          xxxxxxxxxxx                                        x
x                                                                                                 xxxxxxxxxxs                                        x
x                                                                                                 axxxxxxxs                                          x
x                                                                                                  #xxxxx#                                           x
x                                                                                                 qxxxxxxxw                                          x
x                                                                                                 axxxxxxxx                       @                  x
x                                                                                                  xxxxxxxxw                                         x
x                                                                                                  axxxxxxxxw                                        x
x                                                                                                    axxxxxxxw                                       x
x                                                                                                     axxxxxxxw                                      x
x                                                                                                      axxxxxxxxw                                    x
x                                                                                                        axxxxxxxw                                   x
x                                                                                                          axxxxxxw                                  x
x                                                                                                           axxxxxx                                  x
x                                                                                                            axxxxxw                                 x
x                      +         +                                                                            xxxxx#                                 x
x                                                                          _                                  axxxxs                                 x
x                                                                                                              xxxx                                  x
x                                                                                                              xxxs                                  x
x                          ---                                                                                 axs                                   x
x                    +     -@-     +                                       +                                   dx                          r         x
x                          ---                                             @                                    x_                        dxwq       x
x                                                                                                               xs                        qxxs       x
x                                                                                                               s                        qxxs        x
x                                                                                                                                      qxxxs         x
x                      +         +                                                                                                     axxs          x
x                                                                                                                                       xxw_        +x
x                           +                                                                                                           xxxx         x
x                                                                                                                                      qxxxs         x
x                                                                                                                                     qxxx#          x
x                                                                     dw  qf                                                          xxxxs          x
x                                                                      #  #                                                          qxxxxw          x
x                                                                 xw  qx  x  qx                                                  +++qxxxxxx          x
x                                                                 xxw xx  x qxx                                             +++++++qxxxxxxx         qx
x                          r                                     qxxx_xxrqxrxxxw                           +++++++++++++++++++++++qxxxxxxxxxw     qxxx
xxxxxxxxxxxxxxxxxxxxxxxxxxxxxxxxxxxxxxxxxxxxxxxxxxxxxxxxxxxxxxxxxxxxxxxxxxxxxxxxxxxxxxxxxxxxxxxxxxxxxxxxxxxxxxxxxxxxxxxxxxxxxxxxxxxxxxxxxxxxxxxxxxxxxx
EndOfMapdata
