# Map converted by mapmapper
# @(#)$Id: kruz.map,v 1.1 1994/02/23 14:40:12 jkh Exp $ Version 1.0
mapWidth:            180
mapHeight:           200
mapName:             Kruz
mapAuthor:           Ronny H. Arild
teamPlay:            no
timing:              no
mapData: \multiline: EndOfMapdata
                            qxxxxxxxxxxxxxxxxxxxxxxxxxxxxxxxxxxxxxxxxxxxxxxxxxxxxxxxxxxxxxxxxxxxxxxxxxxxxxxxxxxxxxxxxxxxxxxxxxxxxxxxxxxxxxxxxxxxxxxxxxw                             
                           qxs                                                                                                                       axw                            
                          qxs                                                                                                                         axw                           
                         qxs                                                                                                                           axw                          
                        qxs                                                                                                                             axw                         
                       qxs                                                                                                                               axw                        
                      qxs                                                                                                                                 axw                       
                     qxs                                                                                                                                   axw                      
                    qxs                                                                                                                                     axw                     
                   qxs                                                                                                                                       axw                    
                  qxs                                                                                                                                         axw                   
                 qxs                                                                                                                                           axw                  
                qxs                                                                                                                                             axw                 
               qxs                                                                                                                                               axw                
              qxs                                                                                                                                                 axw               
             qxs                                                                                                                                                   axw              
            qxs                                                                                                                                                     axw             
           qxs                                                                                                                                                       axw            
          qxs                                                                                                                                                         axw           
         qxs                qxxxxxxxxxxxxxxxxxxxxxxxxxxxxxxxxxxxxxxxxxxxxxxxxxxxxxxxxxxxxxxxxxxxxxxxxxxxxxxxxxxxxxxxxxxxxxxxxxxxxxxxxxxxxxxxxxxxxxxxxxw                axw          
        qxs                qxxxxxxxxxxxxxxxxxxxxxxxxxxxxxxxxxxxxxxxxxxxxxxxxxxxxxxxxxxxxxxxxxxxxxxxxxxxxxxxxxxxxxxxxxxxxxxxxxxxxxxxxxxxxxxxxxxxxxxxxxxxw                axw         
       qxs                qxxxxxxxxxxxxxxxxxxxxxxxxxxxxxxxxxxxxxxxxxxxxxxxxxxxxxxxxxxxxxxxxxxxxxxxxxxxxxxxxxxxxxxxxxxxxxxxxxxxxxxxxxxxxxxxxxxxxxxxxxxxxxw                axw        
      qxs                qxxxxxxxs axxxxxxxxxxxxxxxxxxxxxxxxxxxxxxxxxxxxxxxxxxxxxxxxxxxxxxxxxxxxxxxxxxxxxxxxxxxxxxxxxxxxxxxxxxxxxxxxxxxxxxs axxxxxxxxxxxxw                axw       
     qxs                qxxxxxxxx   xxxxxxxxxxsaxxxxxxxxxxxxxxxxxxxxxxxxxxxxxxxxxxxxxxxx#xxxxxxxxxxxxxxxxxxxxxxxxxxxxxxxxxxxxxxxs   axxs     xxxxxs  axxxxw                axw      
    qxs                qxxxxxxxxs   axs axxxxs  xxxxxxxxxxxxxxxxxxxxxxxxxxxxxxxxxxxxxxs  axxxxxxxxxxxxxxxxxxxxxxxxxxxxxxxsaxxxs              axxxs    xxxxxw                axw     
   qxs                qxxxxxxxxs         xxxx   axxxxxxxxxxxxxxxxxxxxxs axxxxsaxxxxxxs    xxxxxxxxxxxxxs axxxs  axxxxxxxs   xx                as      axxxxxw                axw    
  qxs                qxxxxxxxxx          xxxs     axxxxxxxxxxxsaxxxxs          as         axxxs   axs            xxxxxxs    as                          axxxxw                axw   
 qxs                qxxxxxxxxxx          as        axxxxxxxxs   xxxs                                             axxxxs                                  xxxxxw                axw  
qxs                qxxxxxxxxxxs                     axxxxxxx    axx                                               axxx                                   xxxxxxw                axw 
xs                 xxxxxxxxxxs                       axxxxxs     as                                                axs                                   axxxxxx                 axw
x                  xxxxxxaxs                          axxxs                                                                                               axxxxx                  ax
x                  xxxxxs                              axx                                                                                                 xxxxx                   x
x                  xxxxx                                as                                                                                                 xxxxx                   x
x                  xxxxx                                                                                                                                   axxxx                   x
x                  xxxxxw                                                                                                                                   axxx                   x
x                  xxxxxxf                                                                                                                                   xxx                   x
x                  xxxxxs                                                                                                                                    xxx                   x
x                  xxxxx                                                                                                                                     xxx                   x
x                  xxxxs                                                                                                                                    qxxx                   x
x                  xxxx                                                                                                                                    qxxxx                   x
x                  xxxxw                                                                                                                                  qxxxxx                   x
x                  xxxxxxw                                                                                                                                axxxxx                   x
x                  xxxxxxs                                                                                                                                 axxxx                   x
x                  xxxxxs                                                                                                                                   xxxx                   x
x                  xxxs                                                                                                                                     xxxx                   x
x                  xxx                                                                                                                                      axxx                   x
x                  xxxw                                                                                                                                     qxxx                   x
x                  xxxx                                                                                                                                    qxxxx                   x
x                  xxxx                                                                                                                                  qxxxxxx                   x
x                  xxxx                                                                                                                                 qxxxxxxx                   x
x                  xxxx                                                                     qw                                                         qxxxxxxxx                   x
x                  xxxxw                                                                    xx                                                         xxxxxxxxx                   x
x                  xxxxx                                                                    axw qxw                                                    xxxxxxxxx                   x
x                  xxxxxw                                                      qxw           xxxxxx                                                   qxxxxxxxxx                   x
x                  xxxxxxs                                                     xxx     qw _ qxxxxxx                                                   xxxxxxxxxx                   x
x                  xxxxxx                                                      xxxw    xxxxxxxxxxxxw                                                 qxxxxxxxxxx                   x
x                  xxxxxs                                                      xxxxw  qxxxxxxxxxxxxx                                                 xxxxxxxxxxx                   x
x                  xxxs                                                        axxxx#xxxxxxxxxxxxxxx                                                 axxxxxxxxxx                   x
x                  xxx                                                          xxxxxxxxxxxxxxxxxxxx                                                  xxxxxxxxxx                   x
x                  xxxw                                                         xxxxxxxxxxxxxxxxxxxs                                                  xxxxxxxxxx                   x
x                  xxxs                                                        qxxxxxxxxxxxxxxxxxxx                                                   xxxxxxxxxx                   x
x                  xxs                                                        dxxxxxxxxxxxxxxxxxxxxf                                                  axxxxxxxxx                   x
x                  xx                                                          xxxxxxxxxxxxxxxxxxxxw                                                    axxxxxxx                   x
x                  xxw                                                         xxxxxxxxxxxxxxxxxxxxx                                                     xxxxxxx                   x
x                  xxx                                                         axxxxxxxxxxxxxxxxxxxx                                                     xxxxxxx                   x
x                  axs                                                          xxxxxxxxxxxxxxxxxxxs                                                    qxxxxxxx                   x
x                                                                               xxxxxxxxxxxxxxxxxxs                                                   qxxxxxxxxx                   x
x                                                                               axxxxxxxx#xxxxxxxx                                                   qxxxxxxxxxx                   x
x                  qxw                                                              axxxs  axxxxxx                                                 qxxxxxxxxxxxx                   x
x                  xxx                                                                      axxxxx                                                qxxxxxxxxxxxxx                   x
x                  xxxw                                                                        axs                                               qxxxxxxxxxxxxxx                   x
x                  xxxx                                                                                                                          axxxxxxxxxxxxxx                   x
x                  xxxxw                                                                                                                          xxxxxxxxxxxxxx                   x
x                  xxxxxxw                                                                                                                        xxxxxxxxxxxxxx                   x
x                  xxxxxxx                                                                                                                        axxxxxxxxxxxxx                   x
x                  xxxxxxs                                                                                                                        qxxxxxxxxxxxxx                   x
x                  xxxxs                                                                                                                         qxxxxxxxxxxxxxx                   x
x                  xxxx                                                                                                                         qxxxxxxxxxxxxxxx                   x
x                  xxxx                                                               qxxw                                                     qxxxxxxxxxxxxxxxx                   x
x                  xxxxw                                               qxxw         qxxxxx                                                     axxxxxxxxxxxxxxxx                   x
x                  xxxxx                                              qxxxx      qxxxxxxxx                                                      xxxxxxxxxxxxxxxx                   x
x                  xxxxxw                                            qxxxxxw   qxxxxxxxxxx     qxw    qxxw                                      xxxxxxxxxxxxxxxx                   x
x                  xxxxxxw                                          qxxxxxxxxxxxxxxxxxxxxxw  qxxxxxwqxxxxxxxw                                   axxxxxxxxxxxxxxx                   x
x                  xxxxxxx                                         qxxxxxxxxxxxxxxxxxxxxxxxxxxxxxxxxxxxxxxxxxw       qw                       qxxxxxxxxxxxxxxxxx                   x
x                  xxxxxxxw                                        xxxxxxxxxxxxxxxxxxxxxxxxxxxxxxxxxxxxxxxxxxx      qxx                      qxxxxxxxxxxxxxxxxxx                   x
x                  xxxxxxxxw                                       xxxxxxxxxxxxxxxxxxxxxxxxxxxxxxxxxxxxxxxxxxx    qxxxx                     qxxxxxxxxxxxxxxxxxxx                   x
x                  xxxxxxxxx                                       xxxxxxxxxxxxxxxxxxxxxxxxxxxxxxxxxxxxxxxxxxxw  qxxxxxw                   qxxxxxxxxxxxxxxxxxxxx                   x
x                  xxxxxxxxxw                                      axxxxxxxxxxxxxxxxxxxxxxxxxxxxxxxxxxxxxxxxxxxxxxxxxxxx                   xxxxxxxxxxxxxxxxxxxxx                   x
x                  xxxxxxxxxxxxw                                    xxxxxxxxxxxxxxxxxxxxxxxxxxxxxxxxxxxxxxxxxxxxxxxxxxxx                   xxxxxxxxxxxxxxxxxxxxx                   x
x                  xxxxxxxxxxxxxxw                                  #xxxxxxxxxxxxxxxxxxxxxxxxxxxxxxxxxxxxxxxxxxxxxxxxxxs                   xxxxxxxxxxxxxxxxxxxxx                   x
x                  xxxxxxxxxxxxxxx                                 qxxxxxxxxxxxxxxxxxxxxxxxxxxxxxxxxxxxxxxxxxxxxxxxxxxs             qxxw _qxxxxxxxxxxxxxxxxxxxxx                   x
x                  xxxxxxxxxxxxxxxw                              qxxxxxxxxxxxxxxxxxxxxxxxxxxxxxxxxxxxxxxxxxxxxxxxxxxxs              xxxxxxxxxxxxxxxxxxxxxxxxxxxx                   x
x                  xxxxxxxxxxxxxxxx                             qxxxxxxxxxxxxxxxxxxxxxxxxxxxxxxxxxxxxxxxxxxxxxxxxxs                qxxxxxxxxxxxxxxxxxxxxxxxxxxxx                   x
x                  xxxxxxxxxxxxxxxx        qxw                  xxxxxxxxxxxxxxxxxxxxxxxxxxxxxxxxxxxxxxxxxxxxxxxxxx                qxxxxxxxxxxxxxxxxxxxxxxxxxxxxx                   x
x                  xxxxxxxxxxxxxxxxw_  qxxxxxx        qxw      qxxxxxxxxxxxxxxxxxxxxxxxxxxxxxxxxxxxxxxxxxxxxxs  as                xxxxxxxxxxxxxxxxxxxxxxxxxxxxxx                   x
x                  xxxxxxxxxxxxxxxxxxxxxxxxxxxw   qxxxxxxxw  qxxxxxxxxxxxxxxxxxxxxxxxxxxxxxxxxxxxxxxxxxxxxxxs                     axxxxxxxxxxxxxxxxxxxxxxxxxxxxx                   x
x                  xxxxxxxxxxxxxxxxxxxxxxxxxxxxxxxxxxxxxxxxwqxxxxxxxxxxxxxxxxxxxxxxxxxxxxxxxxxxxxxxxxxxxxxxs                       axxxxxxxxxxxxxxxxxxxxxxxxxxxx                   x
x                  xxxxxxxxxxxxxxxxxxxxxxxxxxxxxxxxxxxxxxxxxxxxxxxxxxxxxxxxxxxxxxxxxxxxxxxxxxxxxxxxxxxxxs                           axxxxxxxxxxxxxxxxxxxxxxxxxxx                   x
x                  xxxxxxxxxxxxxxxxxxxxxxxxxxxxxxxxxxxxxxxxxxxxxxxxxxxxxxxxxxxxxxxxxxxxxxxxxxxxxxxxxxxxx                             axxxxxxxxxxxxxxxxxxxxxxxxxx                   x
x                  xxxxxxxxxxxxxxxxxxxxxxxxxxxxxxxxxxxxxxxxxxxxxxxxxxxxxxxxxxxxxxxxxxxxxxxxxxxxxxxxxxxxs                             qxxxxxxxxxxx#xxxxxxxxxxxxxx                   x
x                  xxxxxxxxxxxxxxxxxxxxxxxxxxxxxxxxxxxxxxxxxxxxxxxxxxxxxxxxxxxxxxxxxxxxxxxxxxxxxxxxxxxx                            qxxxxxxxxxxxxs axxxxxxxxxxxxx                   x
x                  xxxxxxxxxxxxxxxxxxxxxxxxxxxxxxxxxxxxxxxxxxxxxxxxxxxxxxxxxxxxxxxxxxxxxxxxxxxxxxxxxxxx                            xxxxxxxxxxxs    axxxxxxxxxxxx                   x
x                  xxxxxxxxxxxxxxxxxsaxxxxxxxxsaxxxxxxxxxxxxxxxxxxxxxxxxxxxxxxxxxxxxxxxxxxxxxxxxxxxxxxxw                          qxxxxxxxxxxx      axxxxxxxxxxx                   x
x                  xxxxxxxxxxxxxxxxx   axxxxs   axxxxxxxxxxxxxxxxxxxxxxxxxxxxxxxxxxxxxxxxxxxxxxxxxxxxxxx                          xxxxxxxxxxxx       xxxxxxxxxxx                   x
x                  xxxxxxxxxxxxxxxxs    axxs     xxxxxxxxxxxxxxxxxxxxxxxxxxxxxxxxxxxxxxxxxxxxxxxxxxxxxxx                          xxxxxxxxxxxxw      xxxxxxxxxxx                   x
x                  xxxxxxxxxxxxxxs               axxxxxxxxxxxxxxxxxxxxxxxxxxxxxxxxxxxxxxxxxxs  axxs axxs                          xxxxxxxxxxxxs      xxxxxxxxxxx                   x
x                  xxxxxxxxxxxxxs                 axxxxxxxxxxxxxxxxxxxxxxxxxxxxxxxxxxxxxxxxs    as                                axxxxxxxxxxs       axxxxxxxxxx                   x
x                  xxxxxxxxsaxxx                    axxxxxxxxxxxxxxxxxxxxxxxxxxxxxxxxxxxxxx                                        xxxxxxxxs            axxxxxxx                   x
x                  xxxxxxxs   as                     xxxxxxxxxxxxxxxxxxxxxxxxxxxxxxxxxxxxxx                                       dxxxxxxs              qxxxxxxx                   x
x                  xxxxxxs                           xxxxxxxxxxxxxxxxxxxxxxxxxxxxxxxxxxxxxs                                        axxxxx               xxxxxxxx                   x
x                  xxxxxx                            axxxxxxxxxxxxxxxxxxxxxxxxxxxxxxxxxxxs                                          axxxs               xxxxxxxx                   x
x                  xxxxxs                             axxxxxxxxxxxxxxxxxxxxxxxxxxxxs axxs                                                               xxxxxxxs                   x
x                  xxxxx                               axxxxxxxxxxxxxxxxxxxxxxxxxxs                                                                     xxxxxs                     x
x                  xxxxs                                axxxs axxxxxxxxxxxxxxxxxxs                                                                      axxxx                      x
x                  xxxx                                  axs   axxxxxxxxxxxxxxxxx                                                                         axs                      x
x                  xxxxw                                        xxxxxxxxxxxxxxxxx                                                                                                  x
x                  xxxxx                                        axxxxxxxxxxxxxxxs                                                                                                  x
x                  xxxxs                                         axxxxxxxxxxxxxs                                                                                                   x
x                  xxs                                            axxxxxxxsaxs                                                                                                     x
x                  xx                                              xxxxxxs                                                                                                         x
x                  xx                                              as as                                                                                                           x
x                  x#                                                                                                                                                              x
x                  xx                                                                                                                                                              x
x                  xxw                                                                                                                                                             x
x                  xxx                                                                                                                                    qxw                      x
x                  xxx                       qxxxw                                                                                                        xxx                      x
x                  xxx                      qxxxxxx                                                                                                    r qxxxw                     x
x                  xxx                      xxxxxxx                                                                                                   qxxxxxxxxw                   x
x                  xxxw                     xxxxxxxw     qxxw                                                                                        dxxxxxxxxxx                   x
x                  xxxx                     axxxxxxx     xxxx      qw                                                                                 xxxxxxxxxx                   x
x                  xxxxw                     xxxxxxx    qxxxxwqxxwqxxw                                                                                axxxxxxxxx                   x
x                  xxxxxxw                   xxxxxxxw qxxxxxxxxxxxxxxx                                                                                 xxxxxxxxx                   x
x                  xxxxxxx                   xxxxxxxxxxxxxxxxxxxxxxxxx                                                                                 xxxxxxxxx                   x
x                  xxxxxxxw                  axxxxxxxxxxxxxxxxxxxxxxxs                                                                                 axxxxxxxx                   x
x                  xxxxxxxxxwr qxw            xxxxxxxxxxxxxxxxxxxxxxx                                                                                   xxxxxxxx                   x
x                  xxxxxxxxxxxxxxxxw         qxxxxxxxxxxxxxxxxxxxxxxx                                qw  qxxxw                                          xxxxxxxx                   x
x                  xxxxxxxxxxxxxxxxxxxw      xxxxxxxxxxxxxxxxxxxxxxxx                               qxxxxxxxxx                                         qxxxxxxxx                   x
x                  xxxxxxxxxxxxxxxxxxxxxxw _qxxxxxxxxxxxxxxxxxxxxxxxx                              qxxxxxxxxxs                       qxxxw           qxxxxxxxxxx                   x
x                  xxxxxxxxxxxxxxxxxxxxxxxxxxxxxxxxxxxxxxxxxxxxxxxxxx                             qxxxxxxxxxx                        xxxxx           xxxxxxxxxxx                   x
x                  xxxxxxxxxxxxxxxxxxxxxxxxxxxxxsaxxxxxxxxxxxxxxxxxxs                             axxxxxxxxxx                        xxxxx          qxxxxxxxxxxx                   x
x                  xxxxxxxxxxxxxxxxxxxxs  axxs     as c axxxxxxxxxs                                xxxxxxxxxx                        xxxxx          axxxxxxxxxxx                   x
x                  xxxxxxxxxxxxxxxxxxs                   axxxxxxxxwqxw                             xxxxxxxxxx                       qxxxxx           xxxxxxxxxxx                   x
x                  xxxxxxxxxxxxxxxxxs                     xxxxxxxxxxxx                             xxxxxxxxxxw                     qxxxxxxw          axxxxxxxxxx                   x
x                  xxxxxxxxxxxxxxxxx                      xxxxxxxxxxxx                             axxxxxxxxxxxxw                  xxxxxxxxxw        qxxxxxxxxxx                   x
x                  xxxxxxxxxxxxxxxxx                      axxxxxxxxxxx                              xxxxxxxxxxxxx                  axxxxxxxxx        xxxxxxxxxxx                   x
x                  xxxxxxxxxxxxxxxxs                       xxxxxxxxxxx                             qxxxxxxxxxxxxx                    axxxxxxx        xxxxxxxxxxx                   x
x                  xxxxxxxxxxxxxxs                         xxxxxxxxxxs                            qxxxxxxxxxxxxxx                    qxxxxxxs        axxxxxxxxxx                   x
x                  xxxxxxxxxxxxxx                          xxxxxxxxxx                           qxxxxxxxxxxxxxxxs                    xxxxxxx          xxxxxxxxxx                   x
x                  xxxxxxxxxxxxxx                          xxx##xxxxx             qxxxxxw       xxxxxxxxxxxxxxxx                     xxxxxxx          xxxxxxxxxx                   x
x                  xxxxxxxxxxxxxs                          axs  axxxs          qxxxxxxxxxxxw r qxxxxxxxxxxxxxxxx                     xxxxxxx          xxxxxxxxxx                   x
x                  xxxxxxxxxxxxx                                              qxxxxxxxxxxxxxxxxxxxxxxxxxxxxxxxxx                     xxxxxxxw        qxxxxxxxxxx                   x
x                  xxxxxxxxxxxxs                                              xxxxxxxxxxxxxxxxxxxxxxxxxxxxxxxxxs                     axxxxxxx       qxxxxxxxxxxx                   x
x                  xxxxxxxxxxxx                                               xxxxxxxxxxxxxxxxxxxxxxxxxxxxxxxxx                       xxxxxxx       axxxxxxxxxxx                   x
x                  xxxxxxxxxxxs                                               axxxxxxxxxxxxxxxxxxxxxxxxxxxxxxxxw                      xxxxxxx         axxxxxxxxx                   x
x                  xxxxxxxxxs                                                 qxxxxxxxxxxxxxxxxxxxxxxxxxxxxxxxxx                     qxxxxxxs          xxxxxxxxx                   x
x                  xxxxxxxxxf                                                qxxxxxxxxxxxxxxxxxxxxxxxxxxxxxxxxxx                  qxxxxxxxxx           xxxxxxxxx                   x
x                  xxxxxxxxx                                                 axxxxxxxxxxxxxxxxxxxxxxxxxxxxxxxxxs                qxxxxxxxxxxx           xxxxxxxxx                   x
x                  xxxxxxxxxw                                                 xxxxxxxxxxxxxxxxxxxxxxxxxxxxxxxxx                qxxxxxxxxxxxs           xxxxxxxxx                   x
x                  xxxxxxxxxx                                                 xxxxxxxxxxxxxxxxxxxxxxxxxxxxxxxxx               qxxxxxxxxxxxs            axxxxxxxx                   x
x                  xxxxxxxxxx                           qxxw                  axxxxxxxxxxxxxxxxxxxxxxxxxxxs  as              qxxxxxxxxxs                xxxxxxxx                   x
x                  xxxxxxxxxx                           axxx                   xxxxxxxxxxxxxxxxxxxxs   as                    xxxxxxxxxs                 xxxxxxxx                   x
x                  xxxxxxxxxs                            xxxw                  xxxxxxxxxxxxxxxxxxxx                         qxxxxxxxxx                  xxxxxxxx                   x
x                  xxxxxxxxx                            qxxxs                 qxxxxxxxxxxxxxxxxxxs                         qxxxxxxxxxs                  xxxxxxxx                   x
x                  xxxxxxxxx                            xxxs                  xxxxxxxxxxxxxxxxxxs                          axxxxxxxs                    xxxxxxxx                   x
x                  xxxxxxxxx                            xxx                   xxxxxxxxxxxxxsaxs                             xxxxxxx                    qxxxxxxxx                   x
x                  xxxxxxxxxw                          qxxxw                  axxxxxxxxxxxx                                 xxxxxxx                  qxxxxxxxxxx                   x
x                  xxxxxxxxxxxw                      qxxxxxx                   xxxxxxxxxxxs                                 xxxxxxx                  xxxxxxxxxxx                   x
x                  xxxxxxxxxxxx                      axxxxxs                   axxxxxxxxxx                                  xxxxxxx                  xxxxxxxxxxx                   x
x                  xxxxxxxxxxxx                       xxxxs                     axxxxxxxxx                                  axxxxxxw                 axxxxxxxxxx                   x
xw                 xxxxxxxxxxxs     qxxw              xxxx                      qxxxxxxxxx                                    axxxxx                  xxxxxxxxxx                  qx
axw                axxxxxxxxxxw _qxxxxxxxw            axxxw                     xxxxxxxxxxw_                                   xxxxx                  xxxxxxxxxs                 qxs
 axw                axxxxxxxxxxxxxxxxxxxxxxxw          xxxxxxxw                 xxxxxxxxxxxxxw                                 xxxxs                  xxxxxxxxs                 qxs 
  axw                axxxxxxxxxxxxxxxxxxxxxxx          axxxxxxxw                axxxxxxxxxxxxxxxxxw            qxw             xxxx                  qxxxxxxxs                 qxs  
   axw                axxxxxxxxxxxxxxxxxxxxxxw          axxxxxxs                 xxxxxxxxxxxxxxxxxx            xxx          _ qxxxx                qxxxxxxxxs                 qxs   
    axw                axxxxxxxxxxxxxxxxxxxxxxxw         xxxxxw   qxxw    qxw    xxxxxxxxxxxxxxxxxxw          qxxxw        qxxxxxxs     qxxxw      xxxxxxxxs                 qxs    
     axw                axxxxxxxxxxxxxxxxxxxxxxx        qxxxxxxxxxxxxxxw qxxx    xxxxxxxxxxxxxxxxxxx   qxxxxxxxxxxx    qxxxxxxxxxx      xxxxs     qxxxxxxxs                 qxs     
      axw                axxxxxxxxxxxxxxxxxxxxx#      qxxxxxxxxxxxxxxxxxxxxxxw_ qxxxxxxxxxxxxxxxxxxx   xxxxxxxxxxxxw  qxxxxxxxxxxxw  _ xxxs   qxxxxxxxxxxs                 qxs      
       axw                axxxxxxxxxxxxxxxxxxxxxw     xxxxxxxxxxxxxxxxxxxxxxxxxxxxxxxxxxxxxxxxxxxxxxwrqxxxxxxxxxxxxxx#xxxxxxxxxxxxxxxxxxxxwqxxxxxxxxxxxxs                 qxs       
        axw                axxxxxxxxxxxxxxxxxxxxxw   qxxxxxxxxxxxxxxxxxxxxxxxxxxxxxxxxxxxxxxxxxxxxxxxxxxxxxxxxxxxxxxxxxxxxxxxxxxxxxxxxxxxxxxxxxxxxxxxxxs                 qxs        
         axw                axxxxxxxxxxxxxxxxxxxxs   axxxxxxxxxxxxxxxxxxxxxxxxxxxxxxxxxxxxxxxxxxxxxxxxxxxxxxxxxxxxxxxxxxxxxxxxxxxxxxxxxxxxxxxxxxxxxxxxs                 qxs         
          axw                                                                                                                                                          qxs          
           axw                                                                                                                                                        qxs           
            axw                                                                                                                                                      qxs            
             axw                                                                                                                                                    qxs             
              axw                                                                                                                                                  qxs              
               axw                                                                                                                                                qxs               
                axw                                                                                                                                              qxs                
                 axw                                                                                                                                            qxs                 
                  axw                                                                                                                                          qxs                  
                   axw                                                                                                                                        qxs                   
                    axw                                                                                                                                      qxs                    
                     axw                                                                                                                                    qxs                     
                      axw                                                                                                                                  qxs                      
                       axw                                                                                                                                qxs                       
                        axw                                                                                                                              qxs                        
                         axw                                                                                                                            qxs                         
                          axw                                                                                                                          qxs                          
                           axw                                                                                                                        qxs                           
                            axw                                                                                                                      qxs                            
                             axxxxxxxxxxxxxxxxxxxxxxxxxxxxxxxxxxxxxxxxxxxxxxxxxxxxxxxxxxxxxxxxxxxxxxxxxxxxxxxxxxxxxxxxxxxxxxxxxxxxxxxxxxxxxxxxxxxxxxxxs                             
EndOfMapdata
