# Map converted by mapmapper
# @(#)$Id: logo2.map,v 1.1 1994/02/23 14:40:13 jkh Exp $ Version 1.0
mapWidth:            235
mapHeight:           230
mapName:             The Logo Map.  Made with xbm2map and corners.
mapAuthor:           Tom Grydeland
teamPlay:            no
timing:              no
mapData: \multiline: EndOfMapdata
xxxxxxxxxxxxxxxxxxxxxxxxxxxxxxxxxxxxxxxxxxxxxxxxxxxxxxxxxxxxxxxxxxxxxxxxxxxxxxxxxxxxxxxxxxxxxxxxxxxxxxxxxxxxxxxxxxxxxxxxxxxxxxxxxxxxxxxxxxxxxxxxxxxxxxxxxxxxxxxxxxxxxxxxxxxxxxxxxxxxxxxxxxxxxxxxxxxxxxxxxxxxxxxxxxxxxxxxxxxxxxxxxxxxxxxxxxx
x                                                                                          c                                                                                                                                              x
x                                                                                                                                                                                                                                         x
x                                                                                                                                                                                                                                         x
x                                                                                                                                                                                                                                         x
x                                                                                                                                                                                                                                         x
x                                                                                                                                                                                                                                         x
x                                                                                                                                                                                                                                         x
x                                                                                                                                                                                                                                         x
x                                                                                                                                                                                                                                         x
x                                                                                                                                                                                                                                         x
x                                                                                                                                                                                                                                         x
x                                                                                                                                                                                                                                         x
x                                                                                                                      qxxw                                                                                                               x
x                                                                                                                    qxxxxxxxxxxxw                                                                                                        x
x                                                                                                qxxxxxxxxx         qxxxxxxxxxxxxxx   xxw                                                                                                 x
x                                                                                           qxxxx#xxxxxxxxxw        xxxxxs  axxxxxx   xxxxxxw                                                                                             x
x                                                                                         xxxxxxxxxxxxxxxxxxx       xxxxx    axxxxx    axxxxxxxxxw                                                                                        x
x                                                                                         xxxxxxxxxs axxxxxxx       xxxxxw    axxxs     axxxxxxxxx   qxw                                                                                  x
x                                                                                 qxx       axxxxxx   axxxxxx       xxxxxxw    ax#      qxxxxxxxxx   xxxw                                                                                 x
x                                                                               qxxxxw       xxxxxx    xxxxxx       xxxxxxxw    xx      xxxxxxs     qxxxxxxw                                                                              x
x                                                                             qxxxxxxx       xxxxxx    xxxxxx       xxxxxxxxw   ax      xxxxxx      xxxxxxxxxw                                                                            x
x                                                                           qxxxxxxxxx       xxxxxx   qxxxxxx       axxxxxxxxxw         xxxxxx     qxxxxxxxxxxxw                                                                          x
x                                                                        qxxxxxxxxxxxxw      axxxxxw qxxxxxxs        axxxxxxxxxw       qxxxxxx     xxxxxxs axxxxxw                                                                        x
x                                                                      qxxxxxs     axxx       xxxxxxxxxxxxxs           axxxxxxxxw      xxxxxxs     xxxs     xxxxxxxw                                                                      x
x                                                                    qxxxxxxs         c       xxxxxxxxxxxxs             axxxxxxxxxw    xxxxxx              qxxxxxxxxxw                                                                    x
x                                                                  qxxxxxxx#     xxw          xxxxxxxxxxxxx               axxxxxxxx    xxxxxx              xxxxxxxxxxxxxw                                                                 x
x                                                                 xxxxxxxxxx     xxx          xxxxxxxxxxxxxw               axxxxxxx   qxxxxxx              xxxxxxsaxxxxxxw                                                                x
x                                                            qxw  axxxxxxxxxw   qxxx          axxxxxsaxxxxxxxw    qxxx      axxxxxx   xxxxxxs             qxxxxxx  axxxxxx                                                                x
x                                                           qxxx     axxxxxxx   xxxxw          xxxxxw xxxxxxxxw   xxxxw     qxxxxxx   xxxxxx              xxxxxxs   axxxxx                                                                x
x                                                          qxxxx      axxxxxxw qxxxxx          xxxxxx axxxxxxxxw  xxxxxw _ qxxxxxxx   xxxxxx             qxxxxxx     xxxxs  xxw                                                           x
x                                                         qxxxxs       xxxxxxxxxxxxxxw         xxxxxx   axxxxxxx  xxxxxxxxxxxxxxxxx   xxxxxx             xxxxxxs     xxxs   xxxw                                                          x
x                                                        qxxxxx        axxxxxxxxxxxxxx         xxxxxxw   axxxxxx  axxxxxxxxxxxxxxxs  qxxxxxs            qxxxxxx      a#s    axxxw                                                         x
x                                                       qxxxxxx         xxxxxxxs   axx  qxxw   xxxxxxxxx  xxxxxx      axxxxxxxxxs qxxxxxxxxw            xxxxxxs              xxxxxw                                                       x
x                                                       xxxxxxx         axxxxxxw       qxxxx  qxxxxxxxxx                          xxxxxxxxxxw          qxxxxxx              qxxxxxxw                                                      x
x                                                       axsaxxxw         xxxxxxxf      xxxxxw xxxxxxxxxs                           axxxxxxxxxw         xxxxxxs             qxxxxxxxxw                                                     x
x                                                        c  xxxx         axxxxxx      qxxxxxx axxs                                      axxx#x        qxxxxxx              xxxxxxxxxxw                                                    x
x                                                  r        axxx          xxxxxxw    qxxxxxxs                                              axs    qxwqxxxxxxs             qxxxxxxxxxxxw                                                   x
x                                                 qx         xxx          axxxxxxw  qxxxxxxs                                                      xxxxxxxxxx             qxxxxxxxs axxxw                                                  x
x                                                qxx         xxxw          xxxxxxxx#xxxxs                                                         axxxxxxxxs            qxxxxxxxs    axxw                                                 x
x                                              qxxxx         axxx          xxxxxxxxxxxs                                                             axxxxxxx           qxxxxxxxx      axxxw                                               x
x                                             qxxxxxw         xxxw         axxxxxxxxs                                                                 axxxxxw         qxxxxxxxxs       xxxxw                                              x
x                                            qxxxxxxxxw       xxxx         qxxxxxxs                                                                     axxxxx        xxxxxxxxxw       axxxx                                              x
x                                           qxxxxxxxxxxxw     xxxx        qxxxxxs                          qxxxxxxxxxxxxxxxxxxw                           axxs       qxxxxxxxxxxw qxx   xxxx                                              x
x                                           xxxxxxxxxxxxxxxxw xxxx        xxxxs                           qxxxxxxxxxxxxxxxxxxxxxxxxxxw                          qxw qxxxxxxxxxxxx#xxx  qxxxs                                              x
x                                           xxxxxxxxxxxxxxxxxx#xxx        xxs                     qxw     xxxxxxxxxxxxxxxxxxxxxxxxxxxxxxw                       xxxxxxxxxxxs  axxxxxs  xxxs                                               x
x                                           xs   axxxxxxxxxxxxxxxxw                           qxxxxxx     xxxxxxxxxxxxxxxxxxxxxxxxxxxxxxxxxxw                   axxxxxxxxxx    xxxxxf  xxx                                                x
x                                                   axxxxxxxxxxxxxx                        qxxxxxxxxx     axxxs             axxxxxxxxxxxxxxxxxxw                 axxxxxxxxs    xxxxs          qxxw                                        x
x                                                     axxxxxxxxxxxxw                    qxxxxxxxxxxxxf     c                       axxxxxxxxxxxxxxw               axxxxxxs     xxxs         qxxxxx                                        x
x                                       qx              axxxxxxxxxxx                   qxxxxxxxxxxxxs                                 axxxxxxxxxxxxw                axxxxw     xxs         qxxxxxxw                                       x
x                                      qxx                  axxxxxxx                 qxxxxxxxxxxs                                         axxxxxxxxxxw               axxxx                 xxxxxxxxw                                      x
x                                     qxxx                     axxxx               qxxxxxxxxxs                                               axxxxxxxxxw              axxxw _              axxxxxxxxw                                     x
x                                    dxxxxw                                      qxxxxxxxxxs                                                   axxxxxxxxxw             axxxxxw                  axxxx                                     x
x                                    qxxxxxw                                   qxxxxxxxxxsc                                                      axxxxxxxxxw            axxxxxxwqxxw              axxw                                    x
x                                   qxxxxxxxw                                qxxxxxxxxxs                                                           axxxxxxxxxw            axxxxxxxxxf             qxxxw                                   x
x                                  qxxxxxxxxxw                              qxxxxxxxxs                                                               axxxxxxxxw            axxxxxxxs             qxxxxx                                   x
x                                  xxxxxxxxxxxw                            qxxxxxxxs                                                                   axxxxxxxw            axxxxxs             qxxxxxxw                                  x
x                                  xxxxxxxxxxxxxw                         qxxxxxxs                                                                      axxxxxxxw            axxxs             qxxxxxxxxw                                 x
x                                  xxs axxxxxxxxxw                      qxxxxxxxs                                                                         axxxxxxxw                          qxxxxxxxxxxxw                                x
x                                       axxxxxxxxxxw                   qxxxxxxxs                                                                           axxxxxxxw                        qxxxxxxxxxxxxx                                x
x                                        axxxxxxxxxxw  qx             qxxxxxxs                                                                              axxxxxxxw                     qxxxxxxxxxxsaxxxw                               x
x                              xxx         axxxxxxxxxwxxxf           qxxxxxxs                                                                                 axxxxxxw                   qxxxxxxxxxs   xxxxw                              x
x                             qxxs          axxxxxxxxxxxx           qxxxxxxs                                                                                   axxxxxxw            xxw qxxxxxxxxxxs    axxxxw                             x
x                             xxx            axxxxxxxxxxs          qxxxxxxs                                                                                     axxxxxxx           xxx#xxxxxxxxxs       xxxxx                             x
x                            qxxxw             axxxxxxxs          qxxxxxxs                                                                                       axxxxxxw          axxxxxxxxxxxs       qxxxxx                             x
x                            xxxxxxw            axxxx#s          qxxxxxs                                                                                           axxxxxw          axxxxxxxxs         xxxxxs                             x
x                           qxxxxxxxxw           axxxx          qxxxxxs                                                                                             axxxxxw          xxxxxxxs          xxxxs                              x
x                           xxxxxxxxxxxxw         xxxs         qxxxxxs                                                                                               axxxxxw         axxxxxs           xxxs                               x
x                           xxs  axxxxxxxxw      qxxs         qxxxxxx               r                                                                                 xxxxxx          axxxs            xs    xx                           x
x                           xx     axxxxxxxxw    xxs          xxxxxxs  qxxxxxxxxxxxxxxxxxxxxxxxxxxxxxxxxxxxxxxxxxxxw                  qxxxxxxxxxxxxxxxxxxxxxxxxxw     axxxxxw          xxx                   xxw                          x
x                                     axxxxxxxw              qxxxxxs  qxxxxxxxxxxxxxxxxxxxxxxxxxxxxxxxxxxxxxxxxxxxxxw                qxxxxxxxxxxxxxxxxxxxxxxxxxxxw     axxxxxw         axxw                  xxx                          x
x                                      axxxxxxxxx           qxxxxxs   xxxxxxxxxxxxxxxxxxxxxxxxxxxxxxxxxxxxxxxxxxxxxxxw              qxxxxxxxxxxxxxxxxxxxxxxxxxxxxx      axxxxxw         axx                 qxxx                          x
x                                    qxxxxxxxxxxx          qxxxxxs   qxxxxxxxxxxxxxxxxxxxxxxxxxxxxxxxxxxxxxxxxxxxxxxxxw            qxxxxxxxxxxxxxxxxxxxxxxxxxxxxxxw      axxxxxw                          qxxxxxw                         x
x                                  qxxxxxxxxxxxs          qxxxxxs    xxxxxxxxxxxxxxxxxxxxxxxxxxxxxxxxxxxxxxxxxxxxxxxxxxw          qxxxxxxxxxxxxxxxxxxxxxxxxxxxxxxxx       xxxxxx                        qxxxxxxxx                         x
x                               qxxxxxxxxxxxxxs           xxxxxx    dxxxxxxxxxxxxxxxxxxxxxxxxxxxxxxxxxxxxxxxxxxxxxxxxxxxw        qxxxxxxxxxxxxxxxxxxxxxxxxxxxxxxxxxf      axxxxxw                    qxxxxxxxxxxxw                        x
x                             qxxxxxxxxxxxxxs            qxxxxxs                                  xxxxxxxxxxxxxxxxxxxxxxxw      qxxxxxxxxxxxxxxxxxx                        axxxxxw          xxw   qxxxxxxxxxxxxxxx                        x
x                           qxxxxxxxxxxxxs               xxxxxs                                  qxxxxxxxxxxxxxxxxxxxxxxxxw     xxxxxxxxxxxxxxxxxxxw                        axxxxx          xxxxxxxxxxxxxxxxxxxxxx                        x
x                         qxxxxxxxxxxxxs                qxxxxx                                   xxxxxxxxxxxxxxxxxxxxxxxxxxw    xxxxxxxxxxxxxxxxxxxx                         xxxxxw         xxxxxxxxxxxxxxxxxxxxxxw                       x
x                      qxxxxxxxxxxxxxs                  xxxxxs                 _                qxxxxxxxxxxxxxxxxxxxxxxxxxxxw   axxxxxxxxxxxxxxxxxxxw  _                     axxxxx         axxxxxxxxxxxxxxxs  axxx                       x
x                      xxxxxxxxx#xxs                   qxxxxs     xxxxxxxxxxxxxxxxxxxxxxxxxxxxxxxxxxxxxxxxxxxxxxxxxxxxxxxxxxxw   axxxxxxxxxxxxxxxxxxxxxxxxxxxxxxxxxxxxw       xxxxxw         xxxxxxxxxxxxxs     axxw                      x
x                     qxxxxxxxxxs                      xxxxx     qxxxxxxxxxxxxxxxxxxxxxxxxxxxxxxxxxxxxxxxxxxxxxxxxxxxxxxxxxxxxw   axxxxxxxxxxxxxxxxxxxxxxxxxxxxxxxxxxxx       axxxxx         axxxxxxxxsaxxw      xxx                      x
x                     xxxxxxxxxs                      qxxxxs     xxxxxxxxxxxxxxxxxxxxxxxxxxxxxxxxxxxxxxxxxxxxxxxxxxxxxxxxxxxxxxw   axxxxxxxxxxxxxxxxxxxxxxxxxxxxxxxxxxx        axxxxw         xxxxxxs   xx#w     xxx                      x
x                    qxxxxxxxxxxxw        xw          xxxxx     qxxxxxxxxxxxxxxxxxxxxxxxxxxxxxxxxxxxxxxxxxxxxxxxxxxxxxxxxxxxxxxxw   axxxxxxxxxxxxxxxxxxxxxxxxxxxxxxxxxx        dxxxxx         xxxxs     xxxxw    xxx                      x
x                    xxxs  axxxxxxxxw    qxx         qxxxxs     xxxxxxxxxxxxxxxxxxxxxxxxxxxxxxxxxxxxxxxxxxxxxxxxxxxxxxxxxxxxxxxxxw   axxxxxxxxxxxxxxxxxxxxxxxxxxxxxxxxx         axxxxw        axxx      #xxxxxx  xxxw                     x
x                    xxs     axxxxxxxxw_qxxx        qxxxxx      xxxxxxxxxxxxxxxxxxxxxxxxxxxxxxxxxxxxxxxxxxxxxxxxxxxxxxxxxxxxxxxxxxw   axxxxxxxxxxxs                              xxxxx         xxx     qxxxxxxx  xxxx                     x
x                              axxxxxxxxxxxs        xxxxxs                                    axxxxxxxxxxxxxxxxxxxxxxxxxxxxxxxxxxxxw   axxxxxxxxxs                               axxxxw        xxx    qxxxxxxs  qxxxxw                    x
x                                 axxxxxxxx         xxxxs                                      axxxxxxxxxxxxxxxxxxxxxxxxxxxxxxxxxxxxw   axxxxxxxs                                 xxxxx        axxw   xxxxs     xxxxxx                    x
x                                   axxxxxs        qxxxx                                        axxxxxxxxxxxxxxxxxxxxxxxxxxxxxxxxxxxxw   a#xxxxs                                  axxxx         xxxw            xxxxxs                    x
x                   xx               axxxx         xxxxx                                         a#xxxxxxxxxxxxxxxxxxxxxxxxxxxxxxxxxxxw                                            xxxxw        axxxw           xxs                       x
x                   xx                xxxs         xxxxs                                          axxxxxxxxxxxxxxxxxxxxxxxxxxxxxxxxxxxxw                                           xxxxx         xxxxw                                    x
x                  qxx                xxs          xxxx                          r                 axxxxxxxxxxxxxxxxxxxxxxxxxxxxxxxxxxxxxxxxxxxxxxxxxxxxxxxxxxxxxxxxxxxxxxxw       axxxx         xxxxxxw                                  x
x                  xxxw               xx          qxxxx                     qxxxxxxxxxxxxxxxxxxxxxxxxxxxxxxxxxxxxxxxxxxxxxxxxxxxxxxxxxxxxxxxxxxxxxxxxxxxxxxxxxxxxxxxxxxxxxxx        xxxxw        axxxxxxw                                 x
x                  xxxxxxxw           xx          xxxxs                  qxxxxxxxxxxxxxxxxxxxxxxxxxxxxxxxxxxxxxxxxxxxxxxxxxxxxxxxxxxxxxxxxxxxxxxxxxxxxxxxxxxxxxxxxxxxxxxxxxx        xxxxx         xxxxxxx         qxxxxx                  x
x                  xxxxxxxxxxxxxxw                xxxx                 qxxxxxxxxxxxxxxxxxxxxxxxxxxxxxxxxxxxxxxxxxxxxxxxxxxxxxxxxxxxxxxxxxxxxxxxxxxxxxxxxxxxxxxxxxxxxxxxxxxxxw       axxxx         axxxxs         xxxxxxx                  x
x                  xxxxxxxxxxxxxxxxxw            qxxxx               qxxxxxxxxxs          axxxxxxxxxxxxxxxxxxxxxxxxxxxxxxxxxxxxxxxxxxxxxxxxxxxxxxxxxxxxxxxxxxxxxxxxxxxxxxxxxx        xxxxw                       xxxxxxx                  x
x                  xxxsaxxxxxxxxxxxxxw           xxxxx              qxxxxxxs               xxxxxxxs  axxxxxxxxxxxxxxxxxxxxxxxxxxxxxxxxxxxxxxxxxxxxxxxxxxxxxxxxxxxxxxxxxxxxxxx        xxxxx                       axxxxxx                  x
x                  xxs         axxxxxxw          xxxxs             qxxxxxs                 xxxxxs      axxxxxxxxxxxxxxxxxxxxxxxxxxxxxxxxxxxxxxxxxxxxxxxxxxxxxxxxxxxxxxxxxxxxx        a#xxx                         axxxx                  x
x                 dxx            axxxxx         qxxxx             qxxxxs                   xxxxs        axxxxxxxxxxxxxxxxxxxxxxxxxxxxxxxxxxxxxxxxxxxxxxxxxxxxxxf                      xxxxw                         axxx                  x
x                                 a#xxx         xxxxx            qxxxxs                    xxxx          xxxxxxxxxxxxxxxxxxxxxxxxxxxxxxxxxxxxxxxxxxxxxxxxxxxxxxw                      xxxxx                          xxx                  x
x                                  axxx         xxxxs            xxxxs                     xxxs          axxxxxxxxxxxxxxxxxxxxxxxxxxxxxxxxxxxxxxxxxxxxxxxxxxxxx#                      axxxx         qx               xxx                  x
x                                   xxx         xxxx            qxxxs                      xxx            xxxxxxxxxxxxxxxxxxxxxxxxxxxxxxxxxxxxxxxxxxxxxxxxxxxxxxw                      xxxx         xx              qxxxw                 x
x                                   xxx         xxxx            xxxs                       xxx            xxxxxxxxxxxxxxxxxxxxxxxxxxxxxxxxxxxxxxxxxxxxxxxxxxxxxxxxxxxxxxxxxxxxx        xxxx         xxw        qxxxxxxxxx                 x
x                 xx                xxx         xxxx           qxxs                        xxxw          qxxxxxxxxxxxxxxxxxxxxxxxxxxxxxxxxxxxxxxxxxxxxxxxxxxxxxxxxxxxxxxxxxxxxxw       xxxx         xxxxxxxxxxxxxxxxxxxxx                 x
x                dxx               qxxx         xxxx           xxx                         xxxx          xxxxxxxxxxxxxxxxxxxxxxxxxxxxxxxxxxxxxxxxxxxxxxxxxxxxxxxxxxxxxxxxxxxxxxx       xxxx         xxxxxxxxxxxxxxxxxxxxx                 x
x                 xxw            qxxxxx        qxxxx           xxxxxxxxxxxxxxxxx           xxxxw        qxxxxxxxxxxxxxxxxxxxxxxxxxxxxxxxxxxxxxxxxxxxxxxxxxxxxxxxxxxxxxxxxxxxxxxx       xxxx         xxxxxxxxxxxxxxxxxxxxx                 x
x                 xxxxxxxxw _ qxxxxxxxs        xxxxx           xxxxxxxxxxxxxxxxxw          xxxxxw      qxxxxxxxxxxxxxxxxxxxxxxxxxxxxxxxxxxxxxxxxxxxxxxxxxxxxxxxxxxxxxxxxxxxxxxxx       xxxxw        xxxxxxxxxxxxxxxx#xxxx                 x
x                qxxxxxxxxxxxxxxxxxxxx         xxxxs           xxxxxxxx#xxxxxxxxx          xxxxxxxw  qxxxxxxxxxxxxxxxxxxxxxxxxxxxxxxxxxxxxxxxxxxxxxxxxxxxxxxxxxxxxxxxxxxxxxxxxxx       xxxxx        xxxxxxxxxxxxxxs  axxx                 x
x                xxxxxxxxxxxxxxxxxxxxs         xxxx                          axxxw        qxxxxxxxxxxxxxxxxxxxxxxxxxxxxxxxxxxxxxxxxxxxxxxxxxxxxxxxxxs                                  axxxx        axxxxxs           xxx                 x
x                xxxxxxxxxxxxxxxxxxxx          xxxx                           xxxxxxxxxxxxxxxxxxxxxxxxxxxxxxxxxxxxxxxxxxxxxxxxxxxxxxxxxxxxxxxxxxxx#s                                    xxxx         xxxs             xxx                 x
x                xxxxxxxxxxxxxxxxxxxs          xxxx                           axxxxxxxxxxxxxxxxxxxxxxxxxxxxxxxxxxxxxxxxxxxxxxxxxxxxxxxxxxxxxxxxxxxs                                     xxxx         xxs              xxxw                x
x                xxxxxxxxxxxxxxxxxxs           xxxx                           dxxxxxxxxxxxxxxxxxxxxxxxxx#xxxxxxxxxxxxxxxxxxxxxxxxxxxxxxxxxxxxxxxxxf                                     xxxx         xx              qxxxx                x
x                xxs       c                   xxxx                                                                                                                                     xxxx                        qxxxxx                x
x                xx                            xxxx                                                                                                                                     xxxx                       qxxxxxx                x
x                                              xxxx                                                                                                                                     xxxx                       xxxxxxx                x
x                                              xxxx                                                                                                                                     xxxx                       xxxxxs                 x
x                                              xxxx                                                                                                                                     xxxx                                              x
x                                              xxxx     xxxxxxxxxxxxxxxxxxxxxxxxxxxxxxxxxxxxxxw                       qxxxxxxxxxxxxxxxxxxxxxxxxxxxxxxxxxxxxxxxxxxxxxxxxxxxxxxxxx        xxxx                                              x
x                                              xxxx     xxxxxxxxxxxxxxxxxxxxxxxxxxxxxxxxxxxxxxxw                     qxxxxxxxxxxxxxxxxxxxxxxxxxxxxxxxxxxxxxxxxxxxxxxxxxxxxxxxxxx        xxxx                                              x
x                                              xxxx     xxxxxxxxxxxxxxxxxxxxxxxxxxxxxxxxxxxxxxxxw                   qxxxxxxxxxxxxxxxxxxxxxxxxxxxxxxxxxxxxxxxxxxxxxxxxxxxxxxxxxxx        xxxx                                              x
x                                              xxxx     xxxxxxxxxxxxxxxxxxxxxxxxxxxxxxxxxxxxxxxxxw                 qxxxxxxxxxxxxxxxxxxxxxxxxxxxxxxxxxxxxxxxxxxxxxxxxxxxxxxxxxxxx       qxxxx                                              x
x                                              xxxxw    xxxxxxxxxxxxxxxxxxxxxxxxxxxxxxxxxxxxxxxxxxw               qxxxxxxxxxxxxxxxxxxxxxxxxxxxxxxxxxxxxxxxxxxxxxxxxxxxxxxxxxxxxx       xxxxx                                              x
x                                              xxxxx    xxxxxxxxxxxxxxxxxxxxxxxxxxxxxxxxxxxxxxxxxxxw             qxxxxxxxxxxxxxxxxxxxxxxxxxxxxxxxxxxxxxxxxxxxxxxxxxxxxxxxxxxxxxx       xxxxx                                              x
x                                              axxxx                  axxxxxxxxxxxxxxxxxxxxxxxxxxxxxw           qxxxxxxxxxxxxxxxxxxxxxxxxxxxxxxxxxxxxxxxs                              xxxxs                                              x
x                                               xxxx                   xxxxxxxxxxxxxxxxxxxxxxxxxxxxxxw         qxxxxxxxxxxxxxxxxxxxxxxxxxxxxxxxxxxxxxxxx                               xxxx                                               x
x                                               xxxx                   axxxxxxxxxxxxxxxxxxxxxxxxxxxxxxw       qxxxxxxxxxxxxxxxxxxxxxxxxxxxxxxxxxxxxxxxxs                               xxxx                                               x
x                                               xxxx             _      xxxxxxxxxxxxxxxxxxxxxxxxxxxxxxxw     qxxxxxxxxxxxxxxxxxxxxxxxxxxxxxxxxxxxxxxxxx     _                          xxxx                                               x
x                  qxxw   qxxw                  xxxx     xxxxxxxxxxxxxxxxxxxxxxxxxxxxxxxxxxxxxxxxxxxxxxx    qxxxxxxxxxxxxxxxxxxxxxxxxxxxxxxxxxxxxxxxxxxxxxxxxxxxxxxxxxxxxxxxxxxx       xxxx                  qxxw   qxxw                  x
x                  xxxx   xxxx                  xxxxw    xxxxxxxxxxxxxxxxxxxxxxxxxxxxxxxxxxxxxxxxxxxxxxx   qxxxxxxxxxxxxxxxxxxxxxxxxxxxxxxxxxxxxxxxxxxxxxxxxxxxxxxxxxxxxxxxxxxxx       axxs                  xxxx   xxxx                  x
x                  xxxxw qxxxx                  xxxxx    axxxxxxxxxxxxxxxxxxxxxxxxxxxxxxxxxxxxxxxxxxxxxs  qxxxxxxxxxxxxxxxxxxxxxxxxxxxxxxxxxxxxxxxxxxxxxxxxxxxxxxxxxxxxxxxxxxxxx         c                   xxxxw qxxxx                  x
x                  xxxxx xxxxx                  axxxx     xxxxxxxxxxxxxxxxxxxxxxxxxxxxxxxxxxxxxxxxxxxxs  qxxxxxxxxxxxxxxxxxxxxxxxxxxxxxxxxxxxxxxxxxxxxxxxxxxxxxxxxxxxxxxxxxxxxxs                             xxxxx xxxxx                  x
x                  axxxx#xxxxs                   xxxxw    axxxxxxxxxxxxxxxxxxxxxxxxxxxxxxxxxxxxxxxxxxs  qxxxxxxxxxxxxxxxxxxxxxxxxxxxxxxxxxxxxxxxxxxxxxxxxxxxxxxxxxxxxxxxxxxxxxx                              axxxx#xxxxs                  x
x                  qxxxx>xxxxw                   xxxxx     xxxxxxxxxxxxxxxxxxxxxxxxxxxxxxxxxxxxxxxxxs  qxxxxxxxxxxxxxxxxxxxxxxxxxxxxxxxxxxxxxxxxxxxxxxxxxxxxxxxxxxxxxxxxxxxxxxx        qxw                    qxxxxxxxxxw                 x
x               qxxxxxxxxxxxxxxxw                axxxx                                 axxxxxxxxxxxs  qxxxxxxxxxxxxxxxxxxxxxxxxxxxxxxxxxs                                            dxxxx                 qxxxxxxxxxxxxxxxw              x
x               xxxxxxxxxxxxxxxxx                 xxxx                                  axxxxxxxxxs  qxxxxxxxxxxxxxxxxxxxxxxxxxxxxxxxxxs                                             qxxxx                 xxxxxxxxxxxxxxxxx              x
x               xxxxxxxxxxxxxxxxxf                xxxxw                                  axxxxxxxs  qxxxxxxxxxxxxxxxxxxxxxxxxxxxxxxxxxs                                              xxxxx                dxxxxxxxxxxxxxxxxx              x
x               xxxxxxxxxxxxxxxxx                 xxxxx                                   axxxx#s  qxxxxxxxxxxxxxxxxxxxxxxxxxxxxxxxxxs                                               xxxxs                 xxxxxxxxxxxxxxxxx              x
x               axxxxxxxxxxxxxxxs                 axxxx                                           qxxxxxxxxxxxxxxxxxxxxxxxxxxxxxxxx#s                                                xxxx                  axxxxxxxxxxxxxxxs              x
x                  axxxxxxxxxs                     xxxxw             r                           qxxxxxxxxxxxxxxxxxxxxxxxxxxxxxxxxxs                                                qxxxx                     axxxxxxxxxs                 x
x                  qxxxxxxxxxw                     xxxxx      xxxxxxxxxxxxxxxxxxxxxxxxxxxxxxxxxxxxxxxxxxxxxxxxxxxxxxxxxxxxxxxxxxxxxxxxxxxxxxxxxxxxxxxxw                             xxxxx                     qxxxxxxxxxw                 x
x                  xxxxx xxxxx                     axxxx      xxxxxxxxxxxxxxxxxxxxxxxxxxxxxxxxxxxxxxxxxxxxxxxxxxxxxxxxxxxxxxxxxxxxxxxxxxxxxxxxxxxxxxxxxxxw                         qxxxxs                     xxxxx xxxxx                 x
x                  xxxxs a#xxxf                     xxxxw     axxxxxxxxxxxxxxxxxxxxxxxxxxxxxxxxxxxxxxxxxxxxxxxxxxxxxxxxxxxxxxxxxxxxxxxxxxxxxxxxxxxxxxxxxxxxw                       xxxxx                      xxxxs axxxx                 x
x                  xxxx   xxxx                      xxxxxw     axxxxxxxxxxxxxxxxxxxxxxxxxxxxxxxxxxxxxxxxxxxxxxxxxxxxxxxxxxxxxxxxxxxxxxxs           axxxxxxxxxw                    qxxxxx                      xxxx   xxxx                 x
x                  axxs   axxs                      axxxxx      xxxxxxxxxxxxxxxxxxxxxxxxxxxxxxxxxxxxxxxxxxxxxxxxxxxxxxxxxxxxs  axxxxxxx                axxxxxxw                   xxxxxs                      axxs   axxs                 x
x                                                    xxxxxw     axxxxxxxxxxxxxxxxxxxxxxxxxxxxxxxxxxxxxxxxxxxxxxxxxxxxxxxxxs      axxxxx                   axxxxw                 qxxxxs                                                   x
x                                                    axxxxx                   axxxxxxxxxxxxxxxxxxxxxxxxxxxxxxxxxxxxxxxxxxs        axxxx                    axxxxw                xxxxx                                                    x
x                                                     axxxxw                   xxxxxxxxxxxxxxxxxxxxxxxxxxxxxxxxxxxxxxxxxx          xxxx                     axxxxw              qxxxxs                                                    x
x                                                      xxxxx                   axxxxxxxxxxxxxxxxxxxxxxxxxxxxxxxxxxxxxxxxs          axxx                      axxxx              xxxxx                                                     x
x                                                      axxxxw                   xxxxxxxxxxxxxxxxxxxxxxxxxxxxxxxxxxxxxxxx            xxx                       axxxw             xxxxx                                                     x
x                                                       xxxxx        xxxxxxxxxxxxxxxxxxxxxxxxxxxxxxxxxxxxxxxxxxxxxxxxxxx            xxx                        axxx            qxxxxx                                                     x
x                                                       axxxxw       xxxxxxxxxxxxxxxxxxxxxxxxxxxxxxxxxxxxxxxxxxxxxxxxxxxw          qxxx                         axxw           xxxxxs                                                     x
x                                                        xxxxxw      axxxxxxxxxxxxxxxxxxxxxxxxxxxxxxxxxxxxxxxxxxxxxxxxxxx          xxxx                          xxx          qxxxxx                                                      x
x                                                        axxxxxw      axxxxxxxxxxxxxxxxxxxxxxxxxxxxxxxxxxxxxxxxxxxxxxxxxxw        qxxxx          xxxxxxxxxxxxxxxxxxx         q#xxxxs                                                      x
x                                                         xxxxxx       xxxxxxxxxxxxxxxxxxxxxxxxxxxxxxxxxxxxxxxxxxxxxxxxxxxw      qxxxxx         qxxxxxxxxxxxxxxxxxxx         xxxxxx                                                       x
x                                                         axxxxxw      axxxxxxxxxxxxxxxxxxxxxxxxxxxxxxxxxxxxxxxxxxxxxxxxxxxxw  qxxxxxxx         xxxxxxxxxxxxxxxxxxxx        qxxxxxs                                                       x
x                                                          axxxxxw                      axxxxxxxxxxxxxxxxxxxxxxxxxxxxxxxxxxxxxxxxxxxxxxw       qxxxs                       qxxxxxs                                                        x
x                                                           axxxxxw                      axxxxxxxxxxxxxxxxxxxxxxxxxxxxxxxxxxxxxxxxxxxxxxxxxxxxxxxxx                       qxxxxxs                                                         x
x                                                            xxxxxxw                      axxxxxxxxxxxxxxxxxxxxxxxxxxxxxxxxxxxxxxxxxxxxxxxxxxxxxxxs                      qxxxxxs                                                          x
x                                                            axxxxxx                       axxxxxxxxxxxxxxxxxxxxxxxxxxxxxxxxxxxxxxxxxxxxxxxxxxxxxx                      qxxxxxs        r                                                  x
x                                               xxxw           axxxxxw                                                                                                 qxxxxxs        qxxw                                                x
x                                               xxxx            axxxxxw                                                                                               qxxxxxs         xxxxw                                               x
x                                               xxxxw            xxxxxxw                                                                                             qxxxxxx          xxxxxxxxxxxw                                        x
x                                              qxxxxxw           axxxxxxf                                                                                           qxxxxxxs         qxxxxxxxxxxxxw                                       x
x                                             qxxxxxxx            axxxxx                                                                                           qxxxxxxs         qxxxxxxxxxxxxxxw                                      x
x                                           qxxxxxxxxxw            axxxs                                                                                          qxxxxxxs         qxxxxxxxxxxxxxxxxxw                                    x
x                                          qxxxxxxxxxxxw                                                                                                         qxxxxxxs          xxxxxxxxxxxxxxxxxxx                                    x
x                                        qxxxxxxxxxxxxxx                qxxxw                                                                                  qxxxxxxxs          qxxxxxxxxx axxxxxxxxw                                   x
x                                       q#xxxxxxxxxxxxxx               dxxxxxxw                                                                               qxxxxxxxs          qxxxs  xxxx  xxxxxxxxx                                   x
x                                      qxxxxxxxxxxs                     axxxxxxw                                                                             qxxxxxxxs           xxxx   axxxw axxxxxxxx                                   x
x                                xxw qxxxxxxxxxxs                        axxxxxxw                                                                           qxxxxxxs            qxxxs    xxxx  axxxxxxxw                                  x
x                               dxxxxxxxxxxxxxxs                          axxxxxxw                                                                         qxxxxxxs             xxxx     axxxw  axxxxxxx                                  x
x                                axxxxxxxxxxxs                             axxxxxxxw                                                                     qxxxxxxxs              xxxxw     xxxx   axxxxxx                                  x
x                                 axxxxxxxxxs                               axxxxxxxxw                                                                 qxxxxxxxs                xxxxx     xxxx    axxxxx                                  x
x                                  axxxxxxxs                                 axxxxxxxxxw                                                             qxxxxxxxxs                 xxxxxw    axxxw    xxxxx                                  x
x                                   xxxxxs                                     axxxxxxxxxw                                                         qxxxxxxxxxs                  xxxxxx     xxxx    xxxxs                                  x
x                                   axxxx                                        axxxxxxxxw                                                      qxxxxxxxxxs                    xxxxxxw    xxxx    xxxx                                   x
x                                    axxx                                          axxxxxxxxw                                                   qxxxxxxxxs                 xxw  xxxxxxxw   axxxw   xxxx                                   x
x                                     axx                                            axxxxxxxxxw                                             qxxxxxxxxxs                  qxxxw axxxxxxxw   xxxx   xxxs                                   x
x                                                                                     axxxxxxxxxxxw                                      qxxxxxxxxxxxxs                qxxxxxxxw axxxxxxxw  axxxw qxxs                                    x
x                                                                                       axxxxxxxxxxxxxw                               qxxxxxxxxxxxxxs                 qxxxxxxxxxw axxxxxxxxxwxxxxxxxx                                     x
x                                                                                         axxxxxxxxxxxxxxw                         qxxxxxxxxxxxxxxs                 qxxxxxxxxxxxx  xxxxxxxxxxxxxxxxxs                                     x
x                                                                     xxw                    axxxxxxxxxxxxxxxxxxxxw       qxxxxxxxxxxxxxxxxxxxxs                    xxxs     axxx  axxxxxxxxxxxxxxxs                                      x
x                                                                    qxxxw                      axxxxxxxxxxxxxxxxxxxxxxxxxxxxxxxxxxxxxxxxxxs                       qxxx             axxxxxxxxxxxxxs                                       x
x                                                                    xxxxxxw                        axxxxxxxxxxxxxxxxxxxxxxxxxxxxxxxxxxxs                          #xxxw              axxxxxxxxxxx                                        x
x                                                                   qxxxxxxxxw                         axxxxxxxxxxxxxxxxxxxxxxxxxxxxxs                             xxxxxw _             axxxxxxxxx                                        x
x                                                                  qxxxxxxxxxx#w                                axxxxxxxxxxxs                                      xxxxxxxxxxxxxxxxxxw       axxxx                                        x
x                                                                  xxxxs   axxxxxw                                                                          qxxxx  xxxxxxxxxxxxxxxxxxxw       axx#                                        x
x                                                                  axs      xxxxxxxw                                                                      qxxxxxx  xxxxxxxxxxxxxxxxxxxxw       axs                                        x
x                                                                           xxxxxxxxw                                                                   xxxxxxxxs  axxxxxxxxxxxxxxxxxxxx                                                  x
x                                                                          qxxxxxxxxxxw                                                                 xxxxxxxs    axxxxxxxxxxxxxxxxxxx                                                  x
x                                                                         qxxxxxxsaxxxxxw                                                               xxxxxxxw     axxxxs      axxxxxx                                                  x
x                                                                         xxxxxxx  axxxxxx                                                              xxxxxxxx                  xxxxxs                                                  x
x                                                                        qxxxxxxs   xxxxxx qxxxxw                                                      qxxxxxxxx                  xxxxs                                                   x
x                                                                        xxxxxxx    axxxxs xxxxxxxxxw                                    qxw           xxxxxxxxxw                qxxxx                                                    x
x                                                                       qxxxxxxs     xxxx  xxxxxxxxxxxxw                              qxxxxxw          xxxxxxxxxx       qxxxw   qxxxxs                                                    x
x                                                                       xxxxxxs      xxxs  xxxxxxxxxxxxxxw        qxxxxxxxxxxxw    axxxxxxxxxw         xxxxxxxxxxw      xxxxxw qxxxxs                                                     x
x                                                                      qxxxxxx       axx   xxxxxxxxxxxxxxx      qxxxxxxxxxxxxxxxw   xxxxxxxxx#w        xxxsaxxxxxx      xxxxxxxxxxs                                                       x
x                                                                      xxxxxxs        xs  qxxxxxxs axxxxxx     qxxxxxxxs axxxxxxxw  axxxxxxxxxxw       xxx  xxxxxx      xxxxxxxxxs                                                        x
x                                                                     qxxxxxx             xxxxxxs   axxxxx    qxxxxxxs     axxxxxxw  axxxxxxxxxxw      xxx  xxxxxxw      axxxxs                                                           x
x                                                                    qxxxxxxs             xxxxxx    qxxxxx   qxxxxxxs       axxxxxxw  xxxxxxxxxxxw    qxxs  axxxxxx                                                                       x
x                                                                 xxxxxxxxxx              xxxxxx   qxxxxxx   xxxxxxx         axxxxxx  axxxxxxxxxxxw   xxx    xxxxxx                                                                       x
x                                                                 xxxxxxxxxs             qxxxxxxw qxxxxxxx   xxxxxxx          xxxxxx   xxxxxxxxxxxxw  xxx    axxxxxw                                                                      x
x                                                                 axxxxxxxx              xxxxxxxxxxxxxxxxs   xxxxxxs          xxxxxx   axxxsaxxxxxxxwqxxx     xxxxxxw                                                                     x
x                                                                   axxxxxxw             xxxxxxxxxxxxxxxs    xxxxxx           xxxxxx    xxxw axxxxxxxxxxx     axxxxxxxxx                                                                  x
x                                                                     axxxxx             xxxxxxxxxxxxxxx     xxxxxx           xxxxxx    xxxx  axxxxxxxxxx     qxxxxxxxxx                                                                  x
x                                                                       axxx            qxxxxxxxxxxxxs       xxxxxx           xxxxxx    axxxw  axxxxxxxxx    qxxxxxxxs                                                                    x
x                                                                                       xxxxxxxxxxxxx        xxxxxx           xxxxxx     xxxx   axxxxxxxx   xxxxxxs                                                                       x
x                                                                                      qxxxxxx axxxxxw       xxxxxx           xxxxxx     xxxx     axxxxxx   xxxs                                                                          x
x                                                                                     qxxxxxxx  xxxxxx       xxxxxxw          xxxxxx     axxx      axxxxs                                                                                 x
x                                                                                     xxxxxxxx  axxxxxw      xxxxxxx          xxxxxx      xxxw      axs                                                                                   x
x                                                                                     xxxxxxxxw  xxxxxx      axxxxxxw        qxxxxxs      xxxxw_qx                                                                                        x
x                                                                                     axxxxxxxx  axxxxx       xxxxxxxw      qxxxxxx       xxxxxxxx                                                                                        x
x                                                                                          axxx   xxxxxw      axxxxxxx     qxxxxxxs      qxxxxxxxx                                                                                        x
x                                                                                                 xxxxxxw      axxxxxxw   qxxxxxxx       xxxxxxs                                                                                          x
x                                                                                                  axxxxx       a#xxxxxxxxxxxxxxxs       xs                                                                                               x
x                                                                                                    axxx         axxxxxxxxxxxxs                                                                                                          x
x                                                                                                                                                                                                                                         x
x                                                                                                                                                                                                                                         x
x                                                                                                                                                                                                                                         x
x                                                                                                                                                                                                                                         x
x                                                                                                                                                                                                                                         x
x                                                                                                                                                                                                                                         x
x                                                                                                                                                                                                                                         x
x                                                                                                                                                                                                                                         x
x                                                                                                                                                                                                                                         x
x                                                                                                                                                                                                                                         x
x                                                                                                                                                                                                                                         x
x                                                                                                                                                                                                                                         x
x                                                                                                                                                                                                                                         x
x                                                                                                                                                                                                                                         x
xxxxxxxxxxxxxxxxxxxxxxxxxxxxxxxxxxxxxxxxxxxxxxxxxxxxxxxxxxxxxxxxxxxxxxxxxxxxxxxxxxxxxxxxxxxxxxxxxxxxxxxxxxxxxxxxxxxxxxxxxxxxxxxxxxxxxxxxxxxxxxxxxxxxxxxxxxxxxxxxxxxxxxxxxxxxxxxxxxxxxxxxxxxxxxxxxxxxxxxxxxxxxxxxxxxxxxxxxxxxxxxxxxxxxxxxxxx
EndOfMapdata
