# Map converted by mapmapper
# @(#)$Id: pit.map,v 1.1 1994/02/23 14:40:13 jkh Exp $ Version 1.0
mapWidth:            156
mapHeight:           200
mapName:             The Pit!
mapAuthor:           Ronny H. Arild
teamPlay:            no
timing:              no
mapData: \multiline: EndOfMapdata
xxxxxxxxxxxxxxxxxxxxxxxxxxxxxxxxxxxxxxxxxxxxxxxxxxxxxxxxxxxxxxxxxxxxxxxxxxxxxxxxxxxxxxxxxxxxxxxxxxxxxxxxxxxxxxxxxxxxxxxxxxxxxxxxxxxxxxxxxxxxxxxxxxxxxxxxxxxx
x++                                                                                                                                                      ++x
x+                                                                                                                                                        +x
x                                                                                                                                                          x
x                                                                                                                                                          x
x                                                                                                                                                          x
x                                                                                                                                                          x
x        #                                                                                                                                      #          x
x                                                                                                                                                          x
x                                                                                                                                                          x
x                                                                                                                                                          x
x                                                                                                                                                          x
x                                                                                                                                                          x
x                                                                                                                                                          x
x                                                                                                                                                          x
x                                                                                -                                                                         x
x                                                                                                                                                          x
x                                                                                                                                                          x
x                                                                                                                                                          x
x                                                                                                                                                          x
x                                                                                                                                                          x
x                                                                                                                                                          x
x                                                                                                                                                          x
x                                                                                                                                                          x
x                                                                                                                                                          x
x                                                                                                                                                          x
x                         >                                                                                                       <                        x
x                                                                                                                                                          x
x                                                                                                                                                          x
x                                                                                                                                                          x
x                                                                                                                                                          x
x                                                                                                                                                          x
x                                                                                                                                                          x
x                                                                                                                                                          x
x                                                                                                                                                          x
x                                                                                                                                                          x
x                                                                                                                                                          x
x                                                                                                                                                          x
x                                                                                                                                                          x
x                                                                                                                                                          x
x                                                                                                                                                          x
x                                                                                                                                                          x
x                                                                                                                                                          x
x                                                                                                                                                          x
x                                                     qxx   xwrqxxx   xwrqxxx   xwrqxxx   xwrqxxx   xwrqxxw                                                x
x                                                     xxx   xx#xxxx   xx#xxxx   xx#xxxx   xx#xxxx   xx#xxxx                                                x
x                                                     xxx   xxxxxxx   xxxxxxx   xxxxxxx   xxxxxxx   xxxxxxx                                                x
x                                                     xxxw_qxxxxxxxw_qxxxxxxxw_qxxxxxxxw_qxxxxxxxw_qxxxxxxx                                                x
x                                                     xxxxxxxxxxxxxxxxxxxxxxxxxxxxxxxxxxxxxxxxxxxxxxxxxxxxx                                                x
x                                                     axxxxxxxxxxxxxxxxxxxxxxxxxxxxxxxxxxxxxxxxxxxxxxxxxxxs                                                x
x                                                                                                                                                          x
x                                                                                                                                                          x
x                                                                                                                                                          x
x                                                                                                                                                          x
x                                                                                                                                                          x
x                                                                                                                                                          x
x                                                                                                                                                qxxxxwqxxxx
x                                                                                                                                               qxxxxxxxxxxx
x                                                                                                                                           qxxxxxxxxxxxxxxx
x                                                                                                                                          qxxxxxxxxxxxxxxxx
xxxxxw    qxxxw                                                                                                                            xxxxxxxxxxxxxxxxx
xxxxxx#xwqxxxxxw                                                                                                                           xxxxxxxxxxxxxxxxx
xxxxxxxxxxxxxxxxw                                                                                                                          xxxxxxxxxxxxxxxxx
xxxxxxxxxxxxxxxxxw                                                                                                                         xxxxxxxxxxxxxxxxx
xxxxxxxxxxxxxxxxxxw                                                                                                                        axxxxxxxxxxxxxxxx
xxxxxxxxxxxxxxxxxxxw                                                                                                                          axxxxxxxxxxxxx
xxxxxxxxxxxxxxxxxxxxw                                                                                                                      r  qxxxxxxxxxxxxx
xxxxxxxxxxxxxxxxxxxxx                                                                                                                      xwqxxxxxxxxxxxxxx
xxxxxxxxxxxxxxxxxxxxx                                                          r                                                           xxxxxxxxxxxxxxxxx
xxxxxxxxxxxxxxxxxxxxx                                               qxxxxxxxxxxxxw                                                         xxxxxxxxxxxxxxxxx
xxxxxxxxxxxxxxxxxxxxx                                             qxxxxxxxxxxxxxxxxw                                                       xxxxxxxxxxxxxxxxx
xxxxxxxxxxxxxxxxxxxxs                                            qxxxxx#xxxscaxxxxxxw                                                     qxxxxxxxxxxxxxxxxx
xxxxxxxxxxxxxxxxxxxx                                            qxxxs           axxxxw                                                    axxxxxxxxxxxxxxxxx
xxxxxxxxxxxxxxxxxxxs                                          qxxxxs              axxxw                                                    axxxxxxxxxxxxxxxx
xxxxxxxxxxxxxxxxxxs                                          qxxxs                 axxxw                 qw                                qxxxxxxxxxxxxxxxx
xxxxxxxxxxxxxxxxxx                                          qxxxs                   axxxw               qxxxxxw                            xxxxxxxxxxxxxxxxx
xxxxxxxxxxxxxxxxxs                                          xxxs                     axxxw             qxxxxxxxw                           xxxxxxxxxxxxxxxxx
xxxxxxxxxxxxxxxxs                                          qxxx                       axxxw           qxxxxxxxxxw                          #xxxxxxxxxxxxxxxx
xxxxxxxxxxxxxxxs                                          qxxxs                        axxx          qxxxsas axxx                         qxxxxxxxxxxxxxxxxx
xxxxxxxxxxxxxxx                                          qxxxs                          xxxw        qxxxs     xxxw                        axxxxxxxxxxxxxxxxx
xxxxxxxxxxxxxxx                                          xxxs                           axxxw rqxx#xxxxs      axxx                         axxxxxxxxxxxxxxxx
xxxxxxxxxxxxxxs                                          axx                             axxxxxxxxxxxxs        xxxw                         axxxxxxxxxxxxxxx
xxxxxxxxxxxxxxf                                           xxw                             axxxxxxxxxxs         axxx                          axxxxxxxxxxxxxx
xxxxxxxxxxxxxxw                                           xxx                              axxxs                xxx                            axxxxxxxxxxxx
xxxxxxxxxxxxxxx                                           xxx                               c                   xxx                            dxxxxxxxxxxxx
xxxxxxxxxxxxxxx                                           xxx                                                   xxxf                           qxxxxxxxxxxxx
xxxxxxxxxxxxxxx                                          qxxx                                                   xxxw                           axxxxxxxxxxxx
xxxxxxxxxxxxxxxw                                         xxxs                                                   axxx                            axxxxxxxxxxx
xxxxxxxxxxxxxxxx                                         xxx                                                     xxx                             xxxxxxxxxxx
xxxxxxxxxxxxxxxx                                         xxx                                                     xxx                             xxxxxxxxxxx
xxxxxxxxxxxxxxxxw                                       qxxx                                                     xxx                            qxxxxxxxxxxx
xxxxxxxxxxxxxxxx#                                       axxs                                                    qxxx                           qxxxxxxxxxxxx
xxxxxxxxxxxxxxxxs                                        xxw                                                    xxxx                           xxxxxxxxxxxxx
xxxxxxxxxxxxxxxs                                         xxx             -                                      axsa                           axxxxxxxxxxxx
xxxxxxxxxxxxxxs                                          axx                                                                                      axxxxxxxxx
xxxxxxxxxxxxxx                                            xxw                                                                                      xxxxxxxxx
xxxxxxxxxxxxxx                                           qxx#f                                                  w  qw                              axxxxxxxx
xxxxxxxxxxxxxxw                                          xxxs                                                  qxxxxs                              qxxxxxxxx
xxxxxxxxxxxxxxs                                          xxx                                                   axxxx                              qxxxxxxxxx
xxxxxxxxxxxxxx                                           xxx                              qxxwrqx               axxx                              axxxxxxxxx
xxxxxxxxxxxxxx                                           xxx                              xxxxxxs                xxx                               axxxxxxxx
xxxxxxxxxxxxxs                                           xxx                              axxxxx                qxxxw                               xxxxxxxx
xxxxxxxxxxxxx                                            xxxw                              xxxxxw               axxxs                               axxxxxxx
xxxxxxxxxxxxx                                            axxx                              axxxxs                xxx                                 axxxxxx
xxxxxxxxxxxxxw                                            xxx                               xxxx                 axxw                                 axxxxx
xxxxxxxxxxxxxx                                            xxs                               xxxs                  xxx                                 qxxxxx
xxxxxxxxxxxxxxw                                          qxx                              qxxxs                  qxxx                               qxxxxxxx
xxxxxxxxxxxxxxxf                                         xxx                              xxxx                   xxxs                               axxxxxxx
xxxxxxxxxxxxxxx                                          axxw                      qw     xxx                    xxx                                 xxxxxxx
xxxxxxxxxxxxxxx                                          qxxs                    qxxx     xxx                   qxxx                                 axxxxxx
xxxxxxxxxxxxxxx                                          xxx                     axxx     xxx                   axxx                                  xxxxxx
xxxxxxxxxxxxxxx   w                                      xxx                      xxxw    xxxw                    as                                  xxxxxx
xxxxxxxxxxxxxxxw  x                                      xxx                      xxxx    axxxw                   qw                                  xxxxxx
xxxxxxxxxxxxxxxxxxx                                      xxxw                    qxxxxw    axxx                   xxxw                                axxxxx
xxxxxxxxxxxxxxxxxxx                                      axxxw                  qxxxxxs    qxxx                   xxxs                                qxxxxx
xxxxxxxxxxxxxxxxxxs                                       axxx                 qxxxxs      axxx                   xxxxw                              qxxxxxx
xxxxxxxxxxxxxxxxxs                                         xxx                qxxxx         xxx                   xxxxxw                             xxxxxxx
xxxxxxxxxxxxxxxxxw r                                       xxxw           qw qxxxs         qxxx                   xxxxxxw                            xxxxxxx
xxxxxxxxxxxxxxxxxxxx                                       axxxw   qw r qxxxxxxxs         qxxxx                   asaxxxx                            axxxxxx
xxxxxxxxxxxxxxxxxxxx                                        axxxxxxxxxxxxxxxxxxs          xxxxs                      xxxx                             xxxxxx
xxxxxxxxxxxxxxxxxxxs                                         axxxxxxxxxxxxsxxxs          qxxs                        axxs                            qxxxxxx
xxxxxxxxxxxxxxxxxxs                                            axxxsaxxxxs as           qxxs                         qxxw                            xxxxxxx
xxxxxxxxxxxxxxxxxs                                                                    qxxxs                          xxxx                            axxs  x
xxxxxxxxxxxxxxxxs                                                                    qxxxs                           xxxx                                  x
xxxxxxxxxxxxxxxs                                                                     xxxs                            xxxx                                  x
xxxxxxxxxxxxxxs                                                                     qxxs                             xxxx                                  x
xxxxxxxxxxxxxs                                                                   r qxxx                             qxxxx                            qxxw  x
xxxxxxxxxxxxs                                                                   qxxxxxs                            qxxxxx                           qxxxx  x
xxxxxxxxxxxs                                                                    xxxxxs                            qxxxxxs                          qxxxxx#xx
xxxxxxxxxs               qw                                                    qxxs                              qxxxxxx                           xxxxxxxxx
xxxxxxxxx               qxx                                                   qxxs                               axxxxxs                           axxxxxxxx
xxxxxxxxs               xxx                                               qxxxxxs                                 xxxxx                            qxxxxxxxx
xxxxxxxx               qxxxw                                           qxxxxxxxs                                  xxxxs                           qxxxxxxxxx
xxxxxxxx              qxxxxx                                           axxxxxxs                                  qxxxs                          qxxxxxxxxxxx
xxxxxxxs         qxxxxxxxxxx                                            xxxw                                     xxxx                          qxxxxxxxxxxxx
xxxxxxs          axxxxxxxxxx                                            axxxw                                    xxxx                          xxxxxxxxxxxxx
xxxxxs            axxxxxxxxx                                             axxx                                    xxxx                         qxxxxxxxxxxxxx
xxxxx      qxw     xxxxxxxxxw                                             xxxw                                   xxxs                         xxxxxxxxxxxxxx
xxxxx      xxs rqxxxxxxxxxxxxw                                            xxxxqxw                               qxxxw                         axxxxxxxxxxxxx
xxxxx     qxxwqxxxxxxxxxxxxxxx                                            axxxxxxxxw                            xxxxx                         qxxxxxxxxxxxxx
xxxxx     xxxxxxxxxxxxxxxxxxxxw                                            xxxxxxxxxxw                          xxxxx                         xxxxxxxxxxxxxx
xxxxx    qxxxxxxxxxxxxxxxxxxxxxxw                                          axxxsaxxxxxxw                         axxxw                        axxxxxxxxxxxxx
xxxxx    xxxxxxxxxxxxxxxxxxxxxxxxw                                                 axxxxw                         xxxx                         xxxxxxxxxxxxx
xxxxx   qxxxxxxxxxxxxxxxxxxxxxxxxs                                                   axxxw                        xxxx                         axxxxxxxxxxxx
xxxxx   xxxxxxxxxxxxxxxxxxxxxxxxxf                                                    axxxw     qxx   xwrqxxw    qxxxx                         qxxxxxxxxxxxx
xxxxx   xxxxxxxxxxxxxxxxxxxxxxxxxw                                                     axxxw    xxx   xxxxxxx    xxxxs                       qxxxxxxxxxxxxxx
xxxxx   xxxxxxxxxxxxxxxxxxxxxxxxxx                                                      axxxw  qxxx   xxxxxxxw  qxxxx                        axxxxxxxxxxxxxx
xxxxx   xxxxxxxxxxxxxxxxxxxxxxxxxx                                                       axxxxxxxxxw_qxxxxxxxx  xxxxx                         axxxxxxxxxxxxx
xxxxx   xxxxxxxxxxxxxxxxxxxxxxxxxxw                                                       axxxxxxxxx#xxxxxxxxx  xxxxs                          xxxxxxxxxxxxx
xxxxx   xxxxxxxxxxxxxxxxxxxxxxxxxxxw                                                       axxxxxxxxxxxxxxxxxs  axxs                           xxxxxxxxxxxxx
xxxxx   xxxxxxxxxxxxxxxxxxxxxxxxxxxxw                                                                                                          xxxxxxxxxxxxx
xxxxx   xxxxxxxxxxxxxxxxxxxxxxxxxxxxx                                                                                                         qxxxxxxxxxxxxx
xxxxx   xxxxxxxxxxxxxxxxxxxxxxxxxxxxx                                                                                                         xxxxxxxxxxxxxx
xxxxx   axxxxxxxxxxxxxxxxxxxxxxxxxxxx                                                                     qw                                  xxxxxxxxxxxxxx
xxxxx       axxxxxxxxxxxxxxxxxxxxxxxxw                                                                   qxxw                                 axxxxxxxxxxxxx
xxxxx        xxxxxxxxxxxxxxxxxxxxxxxxxxw                                                                 axxs                                 qxxxxxxxxxxxxx
xxxxx       dxxxxxxxxxxxxxxxxxxxxxxxxxxs                                                                  xx                                qxxxxxxxxxxxxxxx
xxxxx        xxxxxxxxxxxxxxxxxxxxxxxxs                                                                    xx                               qxxxxxxxxxxxxxxxx
xxxxx       qxxxxxxxxxxxxxxxxxxxxxxxs                                                                     xxw                              #xxxxxxxxxxxxxxxx
xxxxx   qxxxxxxxxxxxxxxxxxxxxxxxxxxx                                                                     qxxxw                             xxxxxxxxxxxxxxxxx
xxxxx   xxxxxxxxxxxxxxxxxxxxxxxxxxxxw                                                                    xxxxx                             xxxxxxxxxxxxxxxxx
xxxxx   xxxxxxxxxxxxxxxxxxxxxxxxxxxxx                                                                    xxxxs                            qxxxxxxxxxxxxxxxxx
xxxxx   xxxxxxxxxxxxxxxxxxxs   axxxxx                                                                   qxxxx                         qxwqxxxxxxxxxxxxxxxxxx
xxxxx   xxxxxxxxxs  axscaxs     xxxxx                                                                qxxxxxxx                         xxxxxxxxxxxxxxxxxxxxxx
xxxxx   xxxxxxxxs               axxxxw                                                               xxxxxxxx                        qxxxxxxxxxxxxxxxxxxxxxx
xxxxx   xxxxxs                   axxxxxw                                                             xxxxxxxxw          qxxw        qxxxxxxxxxxxxxxxxxxxxxxx
xxxxx   xxxxs                     xxxxxs                                                             xxxxxxxxxx         xxxx        axxxxxxxxxxxxxxxxxxxxxxx
xxxxx   xxxs                     dxxxxx                                                             qxxxxxxxxxx         xxxxw        xxxxxxxxxxxxxxxxxxxxxxx
xxxxx   xxx                       xxxxx                                                            qxxxxs  axxs         axxxxxw      xxxxxxxxxxxxxxxxxxxxxxx
xxxxx   xxx                       axxxxw                                                           xxxxx                  axxxxf     xxxxxxxxxxxxxxxxxxxxxxx
xxxxx   xxx                        xxxxxw                                                          xxxxx                   xxxs     qxxxxxxxxxxxxxxxxxxxxxxx
xxxxx   xxxw                      qxxxxxx                                                          xxxxxw_                 xxx      xxxxxxxxxxxxxxxxxxxxxxxx
xxxxx   xxxxxx                    axxxxxs            qxw                                           xxxxxxxxw              dxxx      xxxxxxxxxxxxxxxxxxxxxxxx
xxxxx   xxxxxx                     axxxs+            axxw                                          axxxxxxxxxxxw           axxw    qxxxxxxxxxxxxxxxxxxxxxxxx
xxxxx   xxxxxs                       as-++            xxx                                           axxxxs axxxx            xxx   qxxxxxxxxxxxxxxxxxxxxxxxxx
xxxxx   xxxs                          +--+qw         qxx#                                             axx   xxxxw   qxxxw  qxxxw qxxxxxxxxxxxxxxxxxxxxxxxxxx
xxxxx   xxxxx                          +qxxxxw     qxxxxx                                             qxs   axxxxx#xxxxxx#xxxxxx#xxxxxxxxxxxxxxxxxxxxxxxxxxx
xxxxx   xxxxx                           xxxxxxw    xxxxxxw                                            xx     axxs  axxxxxxs  axxxxxxxxxxxxxxxxxxxxxxxxxxxxxx
xxxxx   xxxxx                           axxxxxx   qxxxxxxx                                            xxw           axxs       axxxxxxxxxxxxxxxxxxxxxxxxxxxx
xxxxx   xxxxxw                           axxxxxwrqxxxxsaxs                                            xxs                      dxxxxxxxxxxxxxxxxxxxxxxxxxxxx
xxxxx    axxxxw                          dxxxxxxxxxxxx            r                                  qxx                        xxxxxxxxxxxxxxxxxxxxxxxxxxxx
xxxxx     xxxxs            +             qxxxxxxxxxxxx           qxw                               qxxxs                  qxxw qxxxxxxxxxxxxxxxxxxxxxxxxxxxx
xxxxx     xxxx                           xxxxxxxxxs as           axs                               xxxs                   xxxxxxxxxxxxxxxxxxxxxxxxxxxxxxxxxx
xxxxx     xxxxf                          axxxxxxxxw               #                                xxxw  _qxxw            xxxxxxxxxxxxxxxxxxxxxxxxxxxxxxxxxx
xxxxx     xxxx                            xxxxxxxxxf              xw r            qw               xxxxxxxxxxs            xxxxxxxxxxxxxxxxxxxxxxxxxxxxxxxxxx
xxxxx    qxxxs                            xxxxxxxxx              qxxxxw          qxxw              axxxxxxxxx            qxxxxxxxxxxxxxxxxxxxxxxxxxxxxxxxxxx
xxxxx    xxxxw                            axxxxxxxxw            qxxxxxx         qxxxxw               axxxxxxs           qxxxxxxxxxxxxxxxxxxxxxxxxxxxxxxxxxxx
xxxxx    xxxxx                             xxxxxxxxxw          xxxxxs          qxxxxxxw                                qxxxxxxxxxxxxxxxxxxxxxxxxxxxxxxxxxxxx
xxxxx    xxxxs                             xxxxxxxxxx          xxxs           qxxxxxxxxw                             qxxxxxxxxxxxxxxxxxxxxxxxxxxxxxxxxxxxxxx
xxxxx     axs                             dxxxxxxxxxxw         xxxw          qxxxxxxxxxxw                           qxxxxxxxxxxxxxxxxxxxxxxxxxxxxxxxxxxxxxxx
xxxxs                                     qxxxxxxxxxxxw       qxxxxxw       qxxxxxxxxxxxxw                 qxxxxw qxxxxxxxxxxxxxxxxxxxxxxxxxxxxxxxxxxxxxxxxx
xxxxw         qxx   xx   xx   xx   xx   xxxxxxxxxxxxxxxxw    qxxxxxxx      qxxxxxxxxxxxxxxw  r            qxxxxxx#xxxxxxxxxxxxxxxxxxxxxxxxxxxxxxxxxxxxxxxxxx
xxxxx         xxx   xx   xx   xx   xx   xxxxxxxxxxxxxxxxxxxxxxxxxxxxxxxxxxxxxxxxxxxxxxxxxxxwqxw         qxxxxxxxxxxxxxxxxxxxxxxxxxxxxxxxxxxxxxxxxxxxxxxxxxxx
xxxs          xx#   ##   ##   ##   ##   #xxxxxxxxxxxxxxxxxxxxxxxxxxxxxxxxxxxxxxxxxxxxxxxxxxxxxx        qxxxxxxxxxxxxxxxxxxxxxxxxxxxxxxxxxxxxxxxxxxxxxxxxxxxx
xx#f         qxxxw qxxw qxxw qxxw qxxw qxxxxxxxxxxxxxxxxxxxxxxxxxxxxxxxxxxxxxxxxxxxxxxxxxxxxxxxw     qxxxxxxxxxxxxxxxxxxxxxxxxxxxxxxxxxxxxxxxxxxxxxxxxxxxxxx
xxxw      qxxxxxxx#xxxx#xxxx#xxxx#xxxx#xxxxxxxxxxxxxxxxxxxxxxxxxxxxxxxxxxxxxxxxxxxxxxxxxxxxxxxxxw    xxxxxxxxxxxxxxxxxxxxxxxxxxxxxxxxxxxxxxxxxxxxxxxxxxxxxxx
xxx  qxw qxxxxxxxxxxxxxxxxxxxxxxxxxxxxxxxxxxxxxxxxxxxxxxxxxxxxxxxxxxxxxxxxxxxxxxxxxxxxxxxxxxxxxxxxw  #xxxxxxxxxxxxxxxxxxxxxxxxxxxxxxxxxxxxxxxxxxxxxxxxxxxxxx
xxxxxxxxxxxxxxxxxxxxxxxxxxxxxxxxxxxxxxxxxxxxxxxxxxxxxxxxxxxxxxxxxxxxxxxxxxxxxxxxxxxxxxxxxxxxxxxxxxxxxxxxxxxxxxxxxxxxxxxxxxxxxxxxxxxxxxxxxxxxxxxxxxxxxxxxxxxx
xxxxxxxxxxxxxxxxxxxxxxxxxxxxxxxxxxxxxxxxxxxxxxxxxxxxxxxxxxxxxxxxxxxxxxxxxxxxxxxxxxxxxxxxxxxxxxxxxxxxxxxxxxxxxxxxxxxxxxxxxxxxxxxxxxxxxxxxxxxxxxxxxxxxxxxxxxxx
xxxxxxxxxxxxxxxxxxxxxxxxxxxxxxxxxxxxxxxxxxxxxxxxxxxxxxxxxxxxxxxxxxxxxxxxxxxxxxxxxxxxxxxxxxxxxxxxxxxxxxxxxxxxxxxxxxxxxxxxxxxxxxxxxxxxxxxxxxxxxxxxxxxxxxxxxxxx
EndOfMapdata
