# Map converted by mapmapper @(#)Version 1.0

mapWidth:            150
mapHeight:           150
mapName:             Pizza
mapAuthor:           Greg Renda
crashWithPayer:      yes
playerKillings:      yes
playerShielding:     yes
limitedVisibility:   yes
teamPlay:            no
timing:              no
onePlayerOnly:       no
limitedLives:        no
worldLives:          0
mapData: \multiline: EndOfMapdata
xxxxxxxxxxxxxxxxxxxxxxxxxxxxxxxxxxxxxxxxxxxxxxxxxxxxxxxxxxxxxxxxxxxxxxxxxxxxxxxxxxxxxxxxxxxxxxxxxxxxxxxxxxxxxxxxxxxxxxxxxxxxxxxxxxxxxxxxxxxxxxxxxxxxxx
xxxxx     xxxxxxxxxxxxxxxxxxxxxxxxxxxxxxxxxxxxxxxxxxxxxxxxxxxxxxxxxxxxxxxxxxxxxxxxxxxxxxxxxxxxxxxxxxxxxxxxxxxxxxxxxxxxxxxxxxxxxxxxxxxxxxxxxxxxxxxxxxxx
xxxxs     axxxxxxxxxxxxxxxxxxxxxxxxxxxxxxxxxxxxxxxxxxxxxxxxxxxxxxxxxxxxxxxxxxxxxxxxxxxxxxxxxxxxxxxxxxxxxxxxxxxxxxxxxxxxxxxxxxxxxxxxxxxxxxxxxxxxxxxxxxx
xxxs       axxxxxxxxxxxxxxxxxxxxxxxxxxxxxxxxxxxxxxxxxxxxxxxxxxxxxs        cc         axxxxxxxxxxxxxxxxxxxxxxxxxxxxxxxxxxxxxxxxxxxxxxxxxxxxxxxxxxxxxxxx
xxs         axxxxxs  c  axxxxxxxxxxxxxxxxxxxxxxxxxxxxxxxxxxs                               ax#xxxxxxxxxxxxxxxxxxxxxxxxxxxxxxxxxxxxxxxxxxxxxxxxxxxxxxxx
xx            c          axxxxxxxxxxxxxxxxxxxxxxxxxxxxxs                                       axxxxxxxxxxxxxxxxxxxxxxxxxxxxxxxxxxxxxxxxxxxxxxxxxxxxxx
xx   ###                   axxxxxxxxxxxxxxxxxxxxxxx#s                                             axxxxxxxxxxxxxxxxxxxxxxxxxxxxxxxxxxxxxxxxxxxxxxxxxxx
xf   # #                    xxxxxxxxxxxxxxxxxxxxxs                                                   axxxxxxxxxxxxxxxxxxxxxxxxxxxxxxxxxxxxxxxxxxxxxxxx
xx   ###          rr        axxxxxxxxxxxxxxxxxxs                                                       axxxxxxxxxxxxxxxxxxxxxxxxxxxxxxxxxxxxxxxxxxxxxx
xx           r  qxxxxw       xxxxxxxxxxxxxxxxs                                                           axxxxxxxxxxxxxxxxxxxxxxxxxxxxxxxxxxxxxxxxxxxx
xxw         qxxxxxxxxxxw     axxxxxxxxxxxxxs                                                               axxxxxxxxxxxxxxxxxxxxxxxxxxxxxxxxxxxxxxxxxx
xxxw       qxxxxxxxxxxxx      xxxxxxxxxxxs                      qxxxxxxx      xxxxxxxxw                      axxxxxxxxxxxxxxxxxxxxxxxxxxxxxxxxxxxxxxxx
xxxxw     qxxxxxxxxxxxxxw     xxxxxxxxxs                   qxxxxxxxxxxxx      xxxxxxxxxxxxxw           _       axxxxxxxxxxxxxxxxxxxxxxxxxxxxxxxxxxxxxx
xxxxx    qxxxxxxxxxxxxxxx     axxxxxxs        _         qxxxxxxxxxxxxxxx      xxxxxxxxxxxxxxxxw                  axxxxxxxxxxxxxxxxxxxxxxxxxxxxxxxxxxxx
xxxxx    xxxxxxxxxxxxxxxx      xxxxxs                qxxxxxxxxxxxxxxxxxx      xxxxxxxxxxxxxxxxxxxw                axxxxxxxxxxxxxxxxxxxxxxxxxxxxxxxxxxx
xxxxx   qxxxxxxxxxxxxxxxxw     xxxs               qxxxxxxxxxxxxxxxxxxxxx      xxxs  axxxxxxxxxxxxx                  axxxxxxxxxxxxxxxxxxxxxxxxxxxxxxxxx
xxxxs   xxxxxxxxxxxxxxxxxxf    xxs              xxxxxxxxxxxx##xxxxxxxxxx      xx      axxx##xxxxxs   xw              axxxxxxxxxxxxxxxxxxxxxxxxxxxxxxxx
xxxx    xxxxxxxxxxxxxxxxxxf                     axxxxxxxxs  cc  axxxxxxx      xxxw        cc        qxxxxw             axxxxxxxxxxxxxxxxxxxxxxxxxxxxxx
xxxx   qxxxxxxxxxxxxxxxxxx                 qxw   xxxxxs           axxxxx      xxxxw                qxxxxxxxw            axxxxxxxxxxxxxxxxxxxxxxxxxxxxx
xxxs   xxxxxxxxxxxxxxxxxxx                qxxx   xxs               axxxx      xxxxxw              qxxxxxxxxxw            axxxxxxxxxxxxxxxxxxxxxxxxxxxx
xxx    xxxxxxxxxxxxxxxxxxx              qxxxxx                      xxxx      xxxxxxxw         qxxxxxxxxxxxxxxw           axxxxxxxxxxxxxxxxxxxxxxxxxxx
xxx   dxxxxxxxxxxxxxxxxxxx            qxxxxxxs                      axxx      xxxxxxxx         xxxxxxxxxxxxxxxxxw          axxxxxxxxxxxxxxxxxxxxxxxxxx
xxx   dxxxxxxxxxxxxxxxxxxx           qxxxxxxs                       dxxx      xxxxxxxx        qxxxxxsaxxxxxxxxxxxw          axxxxxxxxxxxxxxxxxxxxxxxxx
xxx    xxxxxxxxxxxxxxxxxxs          qxxxxxxx                        dxxx      xxx xxxs        xxxxs     axxxxxxxxxw          axxxxxxxxxxxxxxxxxxxxxxxx
xxxw   xxxxxxxxxxxxxxxxxs         qxxxxxxxxs                         xxx      xxx            qxxxs        axxxxxxxxxw         axxxxxxxxxxxxxxxxxxxxxxx
xxxx   axxxxxxxxxxxxxxxs         qxxxxxxxxx                         qxxx      xxs           xxxxx          axxxxxxxxxw         axxxxxxxxxxxxxxxxxxxxxx
xxxx    xxxxxxxxxxxxxxs         qxxxxxxxxxs                         xxxx      x#            xxxxxw    @     xxxxxxxxxx          axxxxxxxxxxxxxxxxxxxxx
xxxxw    axxxxxxxxxxxs          xxxxxxxxxx                         qxxxx      xxw           xxxxxxw         axxxxxxxxs           axxxxxxxxxxxxxxxxxxxx
xxxxx     axxxxxxxxxs           axxxxxxxxx                        qxxxxx      xxx           xxxxxxxw         xxxxxxxs             axxxxxxxxxxxxxxxxxxx
xxxxxw     axxxxxxxs             axxxxxxxxf                      qxxxxxx      xxxw          axxxxxxx         xxxxxxs               axxxxxxxxxxxxxxxxxx
xxxxxx        axxxs               axxxxxxx                      qxxxxxxx      xxxxxxw        axxxxxs        qxxxxxs                 axxxxxxxxxxxxxxxxx
xxxxxxw                            axxxxxx                      xxxxxxxx      xxxxxxx         ax#xs        qxxxxxs                   axxxxxxxxxxxxxxxx
xxxxxxxxw                           axxxxxw                     xxxxxxxx      xxxxxxxw         c           xxxxxs        qxxw         xxxxxxxxxxxxxxxx
xxxxxxxxxw               qxxw        axxxxxw              qxx  qxxxxxxxx      xxxxxxxx                    qxxxxs        qxxxxw        axxxxxxxxxxxxxxx
xxxxxxxxxxxw rr         qxxxxw        axxxxxxw         qxxxxx  xxxxxxxxx      xxxxxxxx                   qxxxxs        qxxxxxxw        axxxxxxxxxxxxxx
xxxxxxxxxxxxxxx         xxxxxxw        axxxxxxxw rr  qxxxxxxs  xxxxxxxxx      xxxxxxs         r         qxxxxs        qxxxxxxxx         xxxxxxxxxxxxxx
xxxxxxxxxxxxxxs        qxxxxxxxw        axxxxxxxxxxxxxxxxxxx   xxxxxxxxx      xxxxs         dxx        qxxxxs        qxxxxxxxxxw        axxxxxxxxxxxxx
xxxxxxxxxxxxxs        qxxxxxxxxxw        axxxxxxxxxxxxxxxxxx       axxxx      xxs            xxf      qxxxxs        qxxxxx#xxxxxw        axxxxxxxxxxxx
xxxxxxxxxxxxx        qxxxxxxxxxxxw        axxxxxxxxxxxxxxxxs        axxx      xx             c       qxxxxs        qxxxxs c axxxxw        xxxxxxxxxxxx
xxxxxxxxxxxxs        xxxxxxxxxxxxxw        axxxxxxxxxxxxxxs          xxx      ax                    qxxxxs        qxxxs       axx#        axxxxxxxxxxx
xxxxxxxxxxxx        qxxxxxxxxxxxxxxw        axxxxxxxxxxxxs           axx                           qxxxxs        qxxxs         axxw        xxxxxxxxxxx
xxxxxxxxxxxs        xxxxxxxxxxxxxxxxw        axxxxxxxxxxs             xx                          qxxxxs        qxxxs           axx        axxxxxxxxxx
xxxxxxxxxxx        qxxxxxxxxxxxxxxxxxw        axxxxxxxxx              xx                        qxxxxxs        qxxxx             xxw        xxxxxxxxxx
xxxxxxxxxxs       qxxxxxxs   axxxxxxxxw        axxxxxxxxf             xx      qx             qxxxxxxxs        qxxxxs             axxw       axxxxxxxxx
xxxxxxxxxx        xxxxxs      axxxxxxxxw        axxxxxxx             dxx      xx             xxxxxxxs        qxxxxx               xxx        xxxxxxxxx
xxxxxxxxxs       qxxxxs        axxxxxxxxw        axxxxxxw      @     dxx      xxw            xxxxxxs        qxxxxx#f             d#xxw       axxxxxxxx
xxxxxxxxx        xxxxx          axxxxxxxxw        axxxxxx             xx      xxx           qxxxxxs        qxxxxxxx               xxxx        xxxxxxxx
xxxxxxxxs        xxxxx           axxxxxxxxw        axxxxx             xx      xxx           xxxxxs        qxxxxxxxxw             qxxxx        axxxxxxx
xxxxxxxx        qxxxxx    @       xxxxxxxxxw        axxxxf           qxx      xxx          qxxxxs        qxxxxxxxxxx             xxxxxw        xxxxxxx
xxxxxxxs        xxxxxx            xxxxxxxxxxw        axxxw           xxx      xxx    qx   qxxxxs        qxxxxxxxxxxx            qxxxxxx        axxxxxx
xxxxxxx    _   qxxxxxx            xxxxxxxxxxxw        axxxw         qxxx      xxx   xxxwqxxxxxs        qxxxxxxxxxxxs           qxxxxxxxw        xxxxxx
xxxxxxx        xxxxxxs            xxxxxxxxxxxxw        axxxw       qxxxx      xxx   xxxxxxxxxs        qxxxxxxxxxxxs           qxxxxxxxxx   _    xxxxxx
xxxxxxs        xxxxxx            d#xxxxxxxxxxxxw        axxxxw r qxxxxxx      xxxw   axxxxxxs        qxxxs   axxxs   qxxw   qxxxxxxxxxxx        axxxxx
xxxxxx        qxxxxx#f            xxxxxxxxxxxxxxw        axxxxxxxxxxxxxx      xxxxxw qxxxxxs        qxxs       ax   qxxxxxxxxxxxxxxxxxxxw        xxxxx
xxxxxx        xxxxxxx             xxxxxxxxxxxxxxxw        axxxxxxxxxxxxx      xxxxxxxxxxxxs        qxs             qxxxxxxxxxxxxxxxxxxxxx        xxxxx
xxxxxs        xxxxxxs            qxxxxxxxxsaxxxxxxw        axxxxxxxxs  c        axxxxxxxxs        qxs              xxxxxxxxxxxxxxxxxxxxxx        axxxx
xxxxx        qxxxxxs             xxxxxxxs    axxxxxw        axxxxxs               axxxxxs        qxx               xxxxxxxxxxxxxscaxxxxxxw        xxxx
xxxxx        xxxxxx             qxxxxxxx       axxxxw        axxs                   axxs        qxxs               axxxxxxxxxxs     axxxxx        xxxx
xxxxx        xxxxxs             xxxxxxxx        axxxxw                               c         qxxx                 xxxxxxxxs         axxx        xxxx
xxxxs       qxxxxx              xxxxxxxs         axxxxw                                       qxxxs                 axxxxxxx           xxxw       axxx
xxxx        xxxxxs              xxxxxxx           axxxxw                  _                  qxxxx                   xxxxxxs           axxx        xxx
xxxx        xxxxx               axxxxxs            axxxxw                                   qxxxxxf                 dxxxxxxf            xxs        xxx
xxxx        xxxxxf               axxxs              xxxxx                                   xxxxxx                                                 xxx
xxxx        xxxxx                 cc                xxxxxf                                 dxxxxxxw                                                xxx
xxxx       qxxxxs                                   axxxx      _                     _      xxxxxxx                dxxxxxxxf            qxxw       xxx
xxxs       xxxxs                                                                            axxxxxxw               qxxxxxxx             xxxx       axx
xxx        xxs                                 qxxw                                          xxxxxxx               xxxxxxxxw           qxxxx        xx
xxx        xx                                qxxxxxxxw                                       axxxxxxw             qxxxxxxxxx           xxxxx        xx
xxx            qxxxxw                       qxxxxxxxxxx                                       xxxxxxxw           qxxxxxxxxxxw         qxxxxx        xx
xxx           qxxxxxxxxw                   qxxxxxxxxxxs                                       axxxxxxxxw       qxxxxxxxxxxxxxxw     qxxxxxxx        xx
xxx          qxxxxxxxxxxxxxxxxxxxxxxxxxxxxxxxxxxxxxxxx                                         xxxxxxxxxxw   qxxxxxxxxxxxxxxxxxxwrqxxxxxxxxx        xx
xxx          xxxxxxxxxxxxxxxxxxxxxxxxxxxxxxxxxxxxxxxxxf                                       dxxxxxxxxxxxxxxxxxxxxxxxxxxxxxxxxxxxxxxxxxxxxx        xx
xxx                                                                                                                                                 xx
xxx                                                                                                                                                 xx
xxx                                                                                                                                                 xx
xxxf                                                     _                              _                                                          dxx
xxx                                                                                                                                                 xx
xxx                                                                                                                                                 xx
xxx        xxxxxxxxxxxxxxxxxxxxxxxxxxxxxxxxxxxxxxxxxxx                                        dxxxxxxxxxxxxxxxxxxxxxxxxxxxxxxxxxxxxxxxxxxxxx        xx
xxx        xs                                       axf                                        xxxxxxxxs                      axxxxxxxxxxxxx        xx
xxx        x                                         x                                         xxxxxs                                 axxxxx        xx
xxx        x                                         xw                                       qxxxxs                                      ax        xx
xxx        x                                         ax                                       xxxxs       qxxxxxxxxxxxxxxxxxxxw                     xx
xxx        x       qxxxxxxxw                          xw                                     qxxxx    qxxxxs                 axxxxxxxxw             xx
xxx        x       xxxxxxxxx                          ax                                     xxxxs   qxs                             axxxw          xx
xxxw       xw      xxxxxxxx#                           xw                                   qxxxx    xs                               axxxw        qxx
xxxx       ax      xxxxxxxx#                           ax                                   xxxxx    x     qxxxxxxx###xxxxxxxxw        axxx        xxx
xxxx        x      xxxxxxxxx                            x                            _     dxxxxxw   xw    xs                axxw       xxx        xxx
xxxx        x      axxxxxxxxw            xxxxxw        qx    _                              axxxxx   ax    xw                  axw      xxx        xxx
xxxx        xw      axxxxxxxxw          qxxxxxx       qxs                                    axxxx    xw   axxw                 axw     xxx        xxx
xxxx        xx       xxxxxxxxx        qxxxxxxxs      qxs                                      axxxw   axw    axw      xxxxxxw    ax     xxx        xxx
xxxxw       ax       xxxxxxxxx        xxxxxxxx      qxs                   _                    axxxw   axw    axw     xs   axw    x     xxs       qxxx
xxxxx        x       xxxxxxxxs        xxxxxxxs     qxs       r                       r          axxxw   axw    axw          ax    x     xx        xxxx
xxxxx        xw      axxcxxxs         xxxxs       qxs       qxxxw                   qxxxw        axxxw   axw    axw          x    x     xx        xxxx
xxxxx        ax                                  qxs       qxxxxxxw                xxxxxxw        axxxw   axw    axw         x    x     xs        xxxx
xxxxxw        x                                 qxs       qxxxxxxxxxw          r    c  axxw        axxxw   axw    axw        x    x    qx        qxxxx
xxxxxx        xw                  @            qxs       qxxxxsaxxxxxxxx      xxx        axw        axxxw   axw    axw       x    x    xx        xxxxx
xxxxxx        ax                              qxs       qxxxxs   axxxxxx      xxs         xxw        axxxw   axw    axw     qx    x    xs        xxxxx
xxxxxxw        x                             qxs       qxxxs        axxx      xs          axxw        axxxw   axw    axw   qxs   qx   qx        qxxxxx
xxxxxxx        xw                           qxs       qxxs            xx      x             axw        axxxw   axw    axw qxs    xs  qxx        xxxxxx
xxxxxxx        ax                          qxs       qxxxw          qxxx      x     r        axw        axxxw   axw    axxxs    qx   xxs   _    xxxxxx
xxxxxxxw   _    xw         xxw r          qxs       qxxxxx         qxxxx      x    dx         axw        axxxw   axw           qxs   xx        qxxxxxx
xxxxxxxx        ax         xxxxx         qxs       qxxxxxx        xxxxxx      x                xxw        axxxw   axw          xx   qxs        xxxxxxx
xxxxxxxxw        x         xxxxx        qxs       qxxxxxxx        axxxxx      x                axxw        axxxw   axw        qxs   xx        qxxxxxxx
xxxxxxxxx        x         axxxx       qxs       qxxxxxxxxw        axxxx      x                  axw        axxxw   axw      qxs   qxx        xxxxxxxx
xxxxxxxxxw                 qxxxx      qxs       qxxxxxxxxxx         axxx      x            x      axw        axxxw   axxw qxxxs   qxxs       qxxxxxxxx
xxxxxxxxx#                xxxxxs     qxs       qxxxxs  axxx          xxx      x  x                 axw        axxxw    axxxs     qxxx        xxxxxxxxx
xxxxxxxxxxw        xw     xxxxs     qxs       qxxxxx                 xxx      x                     xxw        axxxw            qxxxs        axxxxxxxx
xxxxxxxxxxx        ax              qxs       qxxxxxx                 xxx      x                     axxw        axxxw          qxxxs          xxxxxxxx
xxxxxxxxxxxw        xw            qxs       qxxxxxxs                 axx      x      #               axxw        axxxw        qxxxx           xxxxxxxx
xxxxxxxxxxxx        ax           qxs       qxxxxxxx                   xx      x                       axxw        axxxxw    qxxxxxs           axxxxxxx
xxxxxxxxxxxxw        xw         qxs       qxxxxxxxs                   xx      x              x     x   axxw        axxxxxxxxxxxxxx             xxxxxxx
xxxxxxxxxxxxx        axw       qxs       qxxxxxxxs                   dxx      x                         axxw        axxxxxxxxxxxxs        xw   xxxxxxx
xxxxxxxxxxxxxw        axw     qxs       qxxxxxxs                      xx      x                          axxw        axxxxxxxxxxs        qxx   axxxxxx
xxxxxxxxxxxxxxw        ax    qxs       qxxxxxs                        xx      x                           axxw        axxxxxxxxs        qxxx    xxxxxx
xxxxxxxxxxxxxxx         xw  qxs       qxxxxxxw                        ax      x      dx      @             axxw        axxxxxx#         xxxx    axxxxx
xxxxxxxxxxxxxxxw        axwqxs       qxxxxxxxx                         x      x                             axxw        axxxxxs        qxxxx     xxxxx
xxxxxxxxxxxxxxxxw        axxs       qxxxxxxxxxw                        x      x   x                  x       axxw        axxxs        qxxxxx     xxxxx
xxxxxxxxxxxxxxxxx                  qxxxxxxxxxx#f                      qx      x               x               axxw        axs         xxxxxx     axxxx
xxxxxxxxxxxxxxxxxw                qxxxxxxxxxxx#f                    qxxx      x                           #     axw                  qxxxxxx      xxxx
xxxxxxxxxxxxxxxxxxw              qxxxxxxxxxs  c                    xxxxx      x                                  xxw                qxxxxxxx     dxxxx
xxxxxxxxxxxxxxxxxxxw            qxxxxxxs                           xxxxx      x          xf                       axw              qxxxxxxxx     dxxxx
xxxxxxxxxxxxxxxxxxxxw           xxxxxxx                            xxxxx      x                  x                 xxw            qxxxxxxxxx      xxxx
xxxxxxxxxxxxxxxxxxxxxw          xxxxxxx                            axxxx      x                                    axx           qxxxxxxxxxx      axxx
xxxxxxxxxxxxxxxxxxxxxxw         axxxxxxf                            xxxx      x    x                    xf         qxx          qxxxxxxxxxxs       xxx
xxxxxxxxxxxxxxxxxxxxxxxw         axxxxs                             axxx      x                         c        qxxxs         qxxxxxxxxxxx        xxx
xxxxxxxxxxxxxxxxxxxxxxxxw         axxx                               xxx      x                                  xxxs         qxxxxxxxxxxxx        xxx
xxxxxxxxxxxxxxxxxxxxxxxxxw              r                            axx      x          x                                   qxxxxxxxxxxxxs       qxxx
xxxxxxxxxxxxxxxxxxxxxxxxxxw            xxxxxxx               qx       xx      x                 x                           qxxxxxxxxxxxxx        xxxx
xxxxxxxxxxxxxxxxxxxxxxxxxxxw           xxxxxxx               xx       ax      x                             qxxx           qxxxxxxxxxxxxxs        xxxx
xxxxxxxxxxxxxxxxxxxxxxxxxxxxw           axxxxx       qxx     xx               x                           qxxxs           qxxxxxxxxxxxxxx         xxxx
xxxxxxxxxxxxxxxxxxxxxxxxxxxxxw            axxxw  qxxxxxx    qxx               x    x                    qxxxs            qxxxxxxxxxxxxxxs         xxxx
xxxxxxxxxxxxxxxxxxxxxxxxxxxxxxw            axxxxxxxxxxxxw   xxxw     qxx      x            xf        qxxxxxs            qxxxxxxxxxxxxxxs         qxxxx
xxxxxxxxxxxxxxxxxxxxxxxxxxxxxxxw             axxxxxxxxxxx  qxxxx   qxxxx      x                    qxxxxxs             qxxxxxxxxxxxxxxs          xxxxx
xxxxxxxxxxxxxxxxxxxxxxxxxxxxxxxxxw              axxxxxxxx  xxxxx  qxxxxx      x                  qxxxxs              qxxxxxxxxxxxxxxs            xxxxx
xxxxxxxxxxxxxxxxxxxxxxxxxxxxxxxxxxw               axxxxxxwqxxxxx xxxxxxx      x               qxxxxxs               qxxxxxxxxxxxxxxs            qxxxxx
xxxxxxxxxxxxxxxxxxxxxxxxxxxxxxxxxxxxw                axxxxxxxxxxxxxxxxxx      xw           qxxxxxs                qxxxxxxxxxxxxxxs              xxxxxx
xxxxxxxxxxxxxxxxxxxxxxxxxxxxxxxxxxxxxw     _            axxxxxxxxxxxxxxx      xxw       qxxxxxs                  qxxxxxxxxxxxxxs               qxxxxxx
xxxxxxxxxxxxxxxxxxxxxxxxxxxxxxxxxxxxxxxw                   axxxxxxxxxxxx      xxxxxxxxxxxxxs                   qxxxxxxxxxxxxxs                 xxxxxxx
xxxxxxxxxxxxxxxxxxxxxxxxxxxxxxxxxxxxxxxxxw                      axxxxxxx      xxxxxxxxs                       xxxxxxxxxxxxs                   qxxxxxxx
xxxxxxxxxxxxxxxxxxxxxxxxxxxxxxxxxxxxxxxxxxxw                                                                  axxxxxxxxs                      xxxxxxxx
xxxxxxxxxxxxxxxxxxxxxxxxxxxxxxxxxxxxxxxxxxxxxw                                                  _                 cc             ###         qxxxxxxxx
xxxxxxxxxxxxxxxxxxxxxxxxxxxxxxxxxxxxxxxxxxxxxxxw                                                       qxxx                      # #        qxxxxxxxxx
xxxxxxxxxxxxxxxxxxxxxxxxxxxxxxxxxxxxxxxxxxxxxxxxxw                                                   qxxxxxw                     ###       qxxxxxxxxxx
xxxxxxxxxxxxxxxxxxxxxxxxxxxxxxxxxxxxxxxxxxxxxxxxxxxxw                                             qxxxxxxxxxxw                            qxxxxxxxxxxx
xxxxxxxxxxxxxxxxxxxxxxxxxxxxxxxxxxxxxxxxxxxxxxxxxxxxxx#w                                       qxxxxxxxxxxxxxxxxw                        qxxxxxxxxxxxx
xxxxxxxxxxxxxxxxxxxxxxxxxxxxxxxxxxxxxxxxxxxxxxxxxxxxxxxxxxxw                               qxxxxxxxxxxxxxxxxxxxxxxxxw                 qxxxxxxxxxxxxxxx
xxxxxxxxxxxxxxxxxxxxxxxxxxxxxxxxxxxxxxxxxxxxxxxxxxxxxxxxxxxxxxxxxw        rr         qxxxxxxxxxxxxxxxxxxxxxxxxxxxxxxxxxw           qxxxxxxxxxxxxxxxxxx
xxxxxxxxxxxxxxxxxxxxxxxxxxxxxxxxxxxxxxxxxxxxxxxxxxxxxxxxxxxxxxxxxxxxxxxxxxxxxxxxxxxxxxxxxxxxxxxxxxxxxxxxxxxxxxxxxxxxxxxxxxx   xxxxxxxxxxxxxxxxxxxxxxxx
xxxxxxxxxxxxxxxxxxxxxxxxxxxxxxxxxxxxxxxxxxxxxxxxxxxxxxxxxxxxxxxxxxxxxxxxxxxxxxxxxxxxxxxxxxxxxxxxxxxxxxxxxxxxxxxxxxxxxxxxxxxxxxxxxxxxxxxxxxxxxxxxxxxxxx
EndOfMapdata
