# Map converted by mapmapper @(#)Version 1.0

mapWidth:            110
mapHeight:           57
mapName:             Whirlpools, War And Wormholes - An Exercise in Masochism. 
mapAuthor:           Ben Robbins
crashWithPayer:      yes
playerKillings:      yes
playerShielding:     yes
limitedVisibility:   no
teamPlay:            no
timing:              no
onePlayerOnly:       no
limitedLives:        no
worldLives:          0
mapData: \multiline: EndOfMapdata
xxxxxxxxxxxxxxxxxxxxxxxxxxxxxxxxxxxxxxxxxxxxxxxxxxxxxxxxxxxxxxxxxxxxxxxxxxxxxxxxxxxxxxxxxxxxxxxxxxxxxxxxxxxxxx
x       axxxxxxxxxxxxxxxxxxxxxxxxxxxxxxs         acs    c     accs       axxxxxxxxxxxxxxxxxxxxxxxxxxxxxxxxxxxx
x        axxxxxxxxx##xxxxxx##xxxxxxxs                                               axcxcxcxxcxxxxxxxxxxxxxxxx
x         axxxxxxxs   xxxxs   xxxxs                                                              dxxxxxxxxxxxx
x           acs        acs     acs                                                                   dxxxxxxxx
x     @                                                                     qxx                         dxxxxx
x                                                                         qxxxf                          dxxxx
xw                                                                      qxxf                               dxx
xf            r                                          @             qxf                                 dxx
xs           ds                dw                                      xxf                                 dxx
x                               c                                     qxf                        @         dxx
x                                                                     xf                                   dxx
x                                                                     xf                >                  dxx
x                                                                     xf                                   dxx
xw                                                                    axf                                    x
xxxw                                                                   axf                          dxxx    dx
xxxxw                                          qxrx#w                   axf                       dxxxf     dx
xxxxxxf       qxrxw  qxrxw                     xxxxxx                    axxf                    dxxs        x
xxxxs         xxxxxxxxxxxx                    qxxxxs                      axxxf             dxxxxxxs         x
xxxx         xxxxxxxxxxxxxw                   xxxxx                        axxxxf       dxxxxxxxxs           x
xxxs         xxxxxs    axxxw                  xxxxs                                                          x
xxx                     xxxx                  xxxs                                                           x
xxs                      axs                  xx#                                                            x
xs                                            axxxw                                                         qx
x                                              axxxxf                                                       dx
x                       xxxw  qxxxw             axxxxw                                                      ax
x                    qxxxxxxrrxxxxxxx            axxxx                                                       x
x                    axxxxxxxxxxxxxxxw            axxxw                      r                               x
x                    qxxxxxxxccxxxxxxx             xxxx                                                      x
xw                 xxxxx#xxs     axxxx             xxxxw                                                     x
xf                                 axx             axxxf                                                     x
xs                                  as              xxxs                                                     x
x                                                   axx                           c                          x
x                 @                          #        c                                                      x
x                                                                                                  dw        x
x                                                                                                   c        x
x                                     dxxxxxxxw                                                              x
x             qxxw  qxxxxw            rxxxxxxxx                                                              x
x             axxxxxxxxxxx            xxxxxxxxxw                                                             x
x             qxxxxxxxxxxs               axxxxxx                                                             x
x          qxxxs axxxxxs                    axxxw                        r                                   x
x          axxs                 r            axxx                       dxf                                  x
x                              d#f            axx                        c                                   x
xw                              c              xx                                                            x
xf                                             ax                                                            x
xs                                              #                                                           qx
x                                                                                                           xx
x                                                                                                          qxx
x                                                                                                          xxx
x                                                                                                         dxxx
x                                                                                                          xxx
x                                                                                                          xxx
x                                                                                 r                        xxx
x                                                         qrw        qxw                         r  r      axx
x                         qxw  qxw       r     r        qxxxxxw    qxxxxw                     qxxxxxxxxw    ax
x#_#_#_#_#_#_#_#_#_#_#_#_#xxx##xxxxxw   q#w   q#w  qxxxxxxxxxxxxx#xxxxxxxxw               qxxxxxxxxxxxxxw    x
xx#x#x#x#x#x#x#x#x#x#x#x#xxxxxxxxxxxxxxxxxxxxxxxxxxxxxxxxxxxxxxxxxxxxxxxxxxxxxxxxxxxxxxxxxxxxxxxxxxxxxxxxxx#xx
EndOfMapdata
