This is TeX, Tops-20 Version 2.5 (preloaded format=lplain 87.10.10)  22 OCT 1987 09:14
**dvidriver.ltx
(APS:<BEEBE.TEX.DVI.DOC>DVIDRIVER.LTX.448
LaTeX Version 2.09 <20 Jul 1987>
(APS:<TEX.LATEX>ARTICLE.STY.4
Document Style `article' <9 Jun 87>.
(APS:<TEX.LATEX>ART11.STY.3)
\c@part=\count78
\c@section=\count79
\c@subsection=\count80
\c@subsubsection=\count81
\c@paragraph=\count82
\c@subparagraph=\count83
\c@figure=\count84
\c@table=\count85
) (APS:<TEX.LATEX>TITLEPAGE.STY.2)
(APS:<TEX.LATEX>TEXINDEX.STY.2) (APS:<BEEBE.TEX.DVI.DOC>DVIDRIVER.STY.7)
\@indexfile=\write3

Writing index file dvidriver.idx 
No file dvidriver.aux.
[0

] (APS:<BEEBE.TEX.DVI.DOC>DVIDRIVER.TOC.28 [1] [2] [3])
\tf@toc=\write4
 [4] [1] [2] [3]
[4] [5] [6] [7] [8]
Underfull \hbox (badness 1320) in paragraph at lines 57--70, p.6
\elvrm The func-tions \elvtt chargf()[]\elvrm , \elvtt charpk()[]\elvrm , and \
elvtt charpxl()[] \elvrm are called from

\hbox(7.60416+2.43333)x360.0, glue set 2.36601
.\elvrm T
.\elvrm h
.\elvrm e
.\glue 3.65 plus 1.825 minus 1.21666
.\elvrm f
.etc.

[9] [10] [11] [12] [13] [14] [15] [16] [17] [18] [19] [20] [21]
Underfull \hbox (badness 1072) in paragraph at lines 726--731, p.6
[]\elvrm Changes were also nec-es-sary in \elvtt makechar()[] \elvrm and in som
e of the

\hbox(7.60416+2.12917)x360.0, glue set 2.20789
.\hbox(0.0+0.0)x17.0
.\elvrm C
.\elvrm h
.\elvrm a
.\elvrm n
.etc.

[22] [23] [24] [25] [26] [27] [28] [29] [30] [31] [32] [33] [34]
Underfull \hbox (badness 1442) in paragraph at lines 1482--1508, p.6
[]\elvrm With the ad-di-tion in late April, 1986, of sup-port for the new

\hbox(7.60416+2.12917)x360.0, glue set 2.43726
.\hbox(0.0+0.0)x17.0
.\elvrm W
.\elvrm i
.\elvrm t
.\elvrm h
.etc.

[35]
Underfull \hbox (badness 1540) in paragraph at lines 1544--1548, p.6
\elvrm There are 64 DVI file com-mands which re-quest font changes, and

\hbox(7.60416+2.12917)x360.0, glue set 2.49068
.\elvrm T
.\elvrm h
.\elvrm e
.\elvrm r
.\elvrm e
.etc.

[36] [37] [38] [39] [40] [41] [42] [43] [44] [45] [46] [47] [48] [49] [50]
[51] [52] [53] [54] [55] [56] [57] [58] [59]
Underfull \vbox (badness 10000) has occurred while \output is active
\vbox(526.80023+0.0)x360.0, glue set 12.32643
.\glue(\topskip) 2.26668
.\hbox(7.73332+2.66666)x360.0, glue set 273.09998fil
..\hbox(7.73332+0.0)x37.5
...\glue 0.0
...\twlbf 5
...\twlbf .
...\twlbf 1
...\twlbf 4
...etc.
..\twltt d
..\twltt v
..\twltt i
..\twltt p
..etc.
.\mark{{\uppercase {5\hskip 1em\relax DVI Driver Device Support}}{5.14\hskip \E
TC.}
.\write1{\@writefile{toc}{\string\contentsline\space {subsection}{\string\numb\
ETC.}
.\penalty 10000
.etc.

 [60]
[61] [62] [63] [64]
Overfull \hbox (17.9956pt too wide) in paragraph at lines 365--365, p.8
[]\nintt $ ! SYS$LIBROOT:[TEX]DEFINE.COM, Thu Dec 18 11:03:33 1986, Edit by BEE
BE (at VAX[] 

\hbox(6.25+2.0)x360.0
.\hbox(0.0+0.0)x0.0
.\nintt $
.\penalty 10000
.\glue 4.72495
.\nintt !
.etc.

[65]
Underfull \vbox (badness 10000) has occurred while \output is active
\vbox(526.80023+0.0)x360.0
.\glue(\topskip) 10.0
.\hbox(0.0+0.0)x0.0
.\glue(\parskip) 0.0
.\glue(\baselineskip) 4.75
.\hbox(6.25+1.25)x360.0, glue set 199.35187fil
..\hbox(0.0+0.0)x0.0
..\nintt S
..\nintt Y
..\nintt S
..\nintt $
..etc.
.etc.

 [66]
Underfull \vbox (badness 10000) has occurred while \output is active
\vbox(526.80023+0.0)x360.0
.\glue(\topskip) 3.75
.\hbox(6.25+2.0)x360.0, glue set 274.95099fil
..\hbox(0.0+0.0)x0.0
..\penalty 10000
..\glue 4.72495
..\penalty 10000
..\glue 4.72495
..etc.
.\glue(\baselineskip) 9.0
.\hbox(0.0+0.0)x0.0
.\glue(\baselineskip) 11.0
.etc.

 [67]
Overfull \hbox (3.82077pt too wide) in paragraph at lines 365--365, p.8
[]\nintt CMBXTI10.TFM;1      CMCSC10.TFM;1       CMDUNH10.TFM;1      CMDUNH10.T
FMHEX;1[] 

\hbox(5.49998+1.25)x360.0
.\hbox(0.0+0.0)x0.0
.\nintt C
.\nintt M
.\nintt B
.\nintt X
.etc.


Underfull \vbox (badness 10000) has occurred while \output is active
\vbox(526.80023+0.0)x360.0
.\glue(\topskip) 4.50002
.\hbox(5.49998+0.0)x360.0, glue set 199.35187fil
..\hbox(0.0+0.0)x0.0
..\penalty 10000
..\glue 4.72495
..\penalty 10000
..\glue 4.72495
..etc.
.\glue(\parskip) 0.0
.\glue(\baselineskip) 5.50002
.\hbox(5.49998+0.0)x360.0, glue set 204.07681fil
..\hbox(0.0+0.0)x0.0
..\penalty 10000
..\glue 4.72495
..\penalty 10000
..\glue 4.72495
..etc.
.etc.

 [68]
Underfull \vbox (badness 10000) has occurred while \output is active
\vbox(526.80023+0.0)x360.0
.\glue(\topskip) 4.50002
.\hbox(5.49998+1.25)x360.0, glue set 15.07901fil
..\hbox(0.0+0.0)x0.0
..\nintt C
..\nintt M
..\nintt M
..\nintt I
..etc.
.\glue(\parskip) 0.0
.\glue(\baselineskip) 4.25002
.\hbox(5.49998+1.25)x360.0, glue set 29.25385fil
..\hbox(0.0+0.0)x0.0
..\nintt C
..\nintt M
..\nintt R
..\nintt 1
..etc.
.etc.

 [69]
[70] [71] [72] [73] [74] [75] [76] [77] [78] [79] [80] [81] [82] [83] [84]
(APS:<BEEBE.TEX.DVI.DOC>DVIDRIVER.IDS.8
Underfull \hbox (badness 10000) in paragraph at lines 41--42
[]\elvtt /usr-/jones-/book-/hornets.-dvi\elvrm ,

\hbox(7.60416+2.43333)x162.5
.\hbox(0.0+0.0)x0.0
.\elvtt /
.\elvtt u
.\elvtt s
.\elvtt r
.etc.


Underfull \hbox (badness 10000) in paragraph at lines 42--43
[]\elvtt /usr-/jones-/book-/hornets.-sub\elvrm ,

\hbox(7.60416+2.43333)x162.5
.\hbox(0.0+0.0)x0.0
.\elvtt /
.\elvtt u
.\elvtt s
.\elvtt r
.etc.


Underfull \hbox (badness 10000) in paragraph at lines 43--44
[]\elvtt /usr-/jones-/book-/texfonts.-

\hbox(7.60416+2.43333)x162.5
.\hbox(0.0+0.0)x0.0
.\elvtt /
.\elvtt u
.\elvtt s
.\elvtt r
.etc.


Underfull \hbox (badness 10000) in paragraph at lines 44--45
[]\elvtt /usr-/lib-/tex-/fonts-/1500-

\hbox(7.60416+0.91246)x162.5
.\hbox(0.0+0.0)x0.0
.\elvtt /
.\elvtt u
.\elvtt s
.\elvtt r
.etc.


Underfull \hbox (badness 10000) in paragraph at lines 45--46
[]\elvtt /usr-/lib-/texinputs-

\hbox(7.60416+2.43333)x162.5
.\hbox(0.0+0.0)x0.0
.\elvtt /
.\elvtt u
.\elvtt s
.\elvtt r
.etc.

[85

] [86]
Underfull \hbox (badness 10000) in paragraph at lines 163--164
[]\elvtt d:\tex-\fonts-\1500-\cmr10.-pxl\elvrm ,

\hbox(7.60416+2.43333)x162.5
.\hbox(0.0+0.0)x0.0
.\elvtt d
.\elvtt :
.\elvtt \
.\elvtt t
.etc.

[87]
Underfull \hbox (badness 3333) in paragraph at lines 232--233
[]\elvrm EPSF (\elvit En-cap-su-lated PostScript

\hbox(8.2125+2.73749)x162.5, glue set 3.22124
.\hbox(0.0+0.0)x0.0
.\elvrm E
.\elvrm P
.\elvrm S
.\elvrm F
.etc.

[88] [89] [90] [91] [92] [93]) [94

] (APS:<BEEBE.TEX.DVI.DOC>DVIDRIVER.AUX.1) 
Here is how much of TeX's memory you used:
 212 strings out of 2494
 1786 string characters out of 29295
 45737 words of memory out of 65501
 2137 multiletter control sequences out of 3300
 19849 words of font info for 75 fonts, out of 35000 for 100
 15 hyphenation exceptions out of 307
 16i,7n,17p,220b,387s stack positions out of 200i,40n,60p,500b,600s

Output written on APS:<BEEBE.TEX.DVI.DOC>DVIDRIVER.DVI.1 (99 pages, 306160 byte
s).
