# layout for Computer Modern Special Font, Tex 1.0
#	TeX amsy10
#
# commented characters are those not in troff manual
#
# we do not give creative names to every character

m.	0	1		# math dot
mu	0	2		# math multiply
**	0	3		# math times (star)
di	0	4		# divide
dm	0	5		# diamond
+-	0	6		# plus/minus
-+	0	7		# minus/plus
A8	0	8		# circle plus
A9	0	9		# circle minus
AA	0	10		# circle cross
AB	0	11		# circle slash
AC	0	12		# circle .
CI	0	13		# big circle
ci	0	14		# circle
bu	0	15		# bullet
B0	0	16		# asymptote
==	0	17		# equivalent
ib	0	18		# improper subset
ip	0	19		# improper superset
<=	0	20		# less or equal
>=	0	21		# gtr or equal
B6	0	22		# partial ordering
B7	0	23		# partial ordering
ap	0	24		# approximately
~~	0	25		# double tilde
sb	0	26		# subset
sp	0	27		# superset
<<	0	28
>>	0	29
BE	0	30		# ordering relation
BF	0	31		# ordering relation
<-	0	32		# left arrow
->	0	33		# right arrow
ua	0	34		# up arrow
da	0	35		# down arrow
C4	0	36		# two ended arrow
C5	0	37		# more arrows
C6	0	38
~=	0	39		# equal with tilda over it
<:	0	40		# double arrow left
:>	0	41		# double arrow right
CA	0	42		# other kinds of arrows (don't name them all)
CB	0	43
CC	0	44
CD	0	45
CE	0	46
pt	0	47		# proportional to
D0	0	48		# prime
if	0	49		# infinity
me	0	50		# member of
D3	0	51		# reversed me
D4	0	52		# triangle
D5	0	53		# triangle upside down
fa	0	56		# for all
te	0	57		# there exists
no	0	58		# logical not
DB	0	59		# empty set (sort of)
DC	0	60		# fancy R (reals)
DD	0	61		# fancy I (integers)
DE	0	62		# top
DF	0	63		# bot
al	0	64		# aleph
E1	0	65		# script A - Z (don't name them)
E2	0	66
E3	0	67
E4	0	68
E5	0	69
E6	0	70
E7	0	71
E8	0	72
E9	0	73
EA	0	74
EB	0	75
EC	0	76
ED	0	77
EE	0	78
EF	0	79
F0	0	80
F1	0	81
F2	0	82
F3	0	83
F4	0	84
F5	0	85
F6	0	86
F7	0	87
F8	0	88
F9	0	89
FA	0	90
cu	0	91		# cup
ca	0	92		# cap
FD	0	93		# direct sum
la	0	94		# logic and
lo	0	95		# logic or
G0	0	96		# left turnstile
G1	0	97		# right turnstile
lf	0	98		# left floor
rf	0	99		# right floor
lc	0	100		# left ceil
rc	0	101		# right ceil
lk	0	102		# left curly brace
rk	0	103		# right curly brace
G8	0	104		# angle bracket <
G9	0	105		# angle bracket >
|	0	106		# vertical line
GB	0	107		# ||
GC	0	108		# more arrows
GD	0	109
\	0	110		# backslash
GF	0	111		# squiggle
sr	0	112		# square root
H1	0	113		# "#"
gr	0	114		# nabla
is	0	115		# small integral sign
H4	0	116		# meet
H5	0	117		# join
H6	0	118		# set less than
H7	0	119		# set greater than
sc	0	120		# section mark
dr	0	121		# dagger
dd	0	122		# double dagger
pp	0	123		# paragraph mark
HC	0	124		# club
HD	0	125		# diamond
HE	0	126		# heart
HF	0	127		# spade
