calqx	ale	# Albertus extra bold
calmq	alr	# Albertus medium
caobq	anb	# Antique Olive bold
caoriq	ani	# Antique Olive italic
caorq	anr	# Antique Olive
mhvbq	arb	# Arial bold
mhvriq	ari	# Arial italic
mhvbiq	arj	# Arial bold italic
mhvrq	arr	# Arial (i.e., Helvetica)
ccdrqc	clc	# Clarendon condensed
cotrq	cor	# Coronet
ccrbq	crb	# Courier bold
ccrriq	cri	# Courier italic
ccrbiq	crj	# Courier bold italic
ccrrq	crr	# Courier
cgmrq	gra	# Garamond Antiqua
cgmbq	grh	# Garamond halbfett
cgmriq	grk	# Garamond kursiv
cgmbiq	grl	# Garamond kursiv halbfett (i.e., bold italic)
clgbq	lgb	# Letter Gothic bold
clgriq	lgi	# Letter Gothic italic
clgrq	lgr	# Letter Gothic
cmgrq	mrr	# Marigold
copbq	omb	# CG Omega bold
copriq	omi	# CG Omega italic
copbiq	omj	# CG Omega bold italic
coprq	omr	# CG Omega (i.e., Optima)
mntbq	tnb	# Monotype Times New bold		(TrueType)
mntriq	tni	# Monotype Times New italic		(TrueType)
mntbiq	tnj	# Monotype Times New bold italic	(TrueType)
mntrq	tnr	# Monotype Times New			(TrueType)
ctmbq	trb	# CG Times bold
ctmriq	tri	# CG Times italic
ctmbiq	trj	# CG Times bold italic
ctmrq	trr	# CG Times
cunbqc	ucb	# Univers bold condensed
cunmiqc	uci	# Univers medium italic condensed
cunbiqc	ucj	# Univers bold italic condensed
cunmqc	ucr	# Univers medium condensed
cunbq	unb	# Univers bold
cunmiq	uni	# Univers medium italic
cunbiq	unj	# Univers bold italic
cunmq	unr	# Univers medium
