calx	ale	# Albertus extra bold
calm	alr	# Albertus medium
caob	anb	# Antique Olive bold
caori	ani	# Antique Olive italic
caor	anr	# Antique Olive
mhvb	arb	# Arial bold
mhvri	ari	# Arial italic
mhvbi	arj	# Arial bold italic
mhvr	arr	# Arial (i.e., Helvetica)
ccdrrc	clc	# Clarendon condensed
cotr	cor	# Coronet
ccrb	crb	# Courier bold
ccrri	cri	# Courier italic
ccrbi	crj	# Courier bold italic
ccrr	crr	# Courier
cgmr	gra	# Garamond Antiqua
cgmb	grh	# Garamond halbfett
cgmri	grk	# Garamond kursiv
cgmbi	grl	# Garamond kursiv halbfett (i.e., bold italic)
clgb	lgb	# Letter Gothic bold
clgri	lgi	# Letter Gothic italic
clgr	lgr	# Letter Gothic
cmgr	mrr	# Marigold
copb	omb	# CG Omega bold
copri	omi	# CG Omega italic
copbi	omj	# CG Omega bold italic
copr	omr	# CG Omega (i.e., Optima)
mntb	tnb	# Monotype Times New bold		(TrueType)
mntri	tni	# Monotype Times New italic		(TrueType)
mntbi	tnj	# Monotype Times New bold italic	(TrueType)
mntr	tnr	# Monotype Times New			(TrueType)
ctmb	trb	# CG Times bold
ctmri	tri	# CG Times italic
ctmbi	trj	# CG Times bold italic
ctmr	trr	# CG Times
cunbrc	ucb	# Univers bold condensed
cunmic	uci	# Univers medium italic condensed
cunbic	ucj	# Univers bold italic condensed
cunmrc	ucr	# Univers medium condensed
cunb	unb	# Univers bold
cunmi	uni	# Univers medium italic
cunbi	unj	# Univers bold italic
cunm	unr	# Univers medium
